Archive member included to satisfy reference by file (symbol)

C:/devkitPro/libnds/lib\libnds9.a(dynamicArray.o)
                              SceneNode.o (DynamicArrayGet)
C:/devkitPro/libnds/lib\libnds9.a(pcx.o)
                              RocketEngine.o (loadPCX)
C:/devkitPro/libnds/lib\libnds9.a(boxtest.o)
                              SceneNode.o (BoxTestf)
C:/devkitPro/libnds/lib\libnds9.a(console.o)
                              RocketEngine.o (consoleDemoInit)
C:/devkitPro/libnds/lib\libnds9.a(trig.o)
                              RocketEngine.o (sinLerp)
C:/devkitPro/libnds/lib\libnds9.a(videoGL.o)
                              RocketEngine.o (glGlobalData)
C:/devkitPro/libnds/lib\libnds9.a(image.o)
                              RocketEngine.o (image8to16)
C:/devkitPro/libnds/lib\libnds9.a(keys.o)
                              RocketEngine.o (scanKeys)
C:/devkitPro/libnds/lib\libnds9.a(initSystem.o)
                              c:/devkitpro/devkitarm/bin/../lib/gcc/arm-none-eabi/9.1.0/../../../../arm-none-eabi/lib/thumb/ds_arm9_crt0.o (initSystem)
C:/devkitPro/libnds/lib\libnds9.a(timeSupport.o)
                              C:/devkitPro/libnds/lib\libnds9.a(initSystem.o) (__libnds_gtod)
C:/devkitPro/libnds/lib\libnds9.a(securearea.o)
                              c:/devkitpro/devkitarm/bin/../lib/gcc/arm-none-eabi/9.1.0/../../../../arm-none-eabi/lib/thumb/ds_arm9_crt0.o (__secure_area__)
C:/devkitPro/libnds/lib\libnds9.a(interrupts.o)
                              C:/devkitPro/libnds/lib\libnds9.a(initSystem.o) (irqInit)
C:/devkitPro/libnds/lib\libnds9.a(libnds_exit.arm.o)
                              c:/devkitpro/devkitarm/bin/../lib/gcc/arm-none-eabi/9.1.0/../../../../arm-none-eabi/lib/thumb/ds_arm9_crt0.o (__libnds_exit)
C:/devkitPro/libnds/lib\libnds9.a(fifosystem.o)
                              C:/devkitPro/libnds/lib\libnds9.a(initSystem.o) (fifoSetValue32Handler)
C:/devkitPro/libnds/lib\libnds9.a(mpu_setup.o)
                              c:/devkitpro/devkitarm/bin/../lib/gcc/arm-none-eabi/9.1.0/../../../../arm-none-eabi/lib/thumb/ds_arm9_crt0.o (__libnds_mpu_setup)
C:/devkitPro/libnds/lib\libnds9.a(IntrWait.o)
                              RocketEngine.o (swiWaitForVBlank)
C:/devkitPro/libnds/lib\libnds9.a(cpu_clock.o)
                              C:/devkitPro/libnds/lib\libnds9.a(initSystem.o) (setCpuClock)
C:/devkitPro/libnds/lib\libnds9.a(interruptDispatcher.o)
                              C:/devkitPro/libnds/lib\libnds9.a(interrupts.o) (IntrMain)
C:/devkitPro/libnds/lib\libnds9.a(debugprint.o)
                              C:/devkitPro/libnds/lib\libnds9.a(console.o) (nocashWrite)
C:/devkitPro/libnds/lib\libnds9.a(swiSoftReset.o)
                              C:/devkitPro/libnds/lib\libnds9.a(fifosystem.o) (swiSoftReset)
C:/devkitPro/libnds/lib\libnds9.a(biosCalls.o)
                              C:/devkitPro/libnds/lib\libnds9.a(videoGL.o) (swiCopy)
C:/devkitPro/libnds/lib\libnds9.a(default_font.bin.o)
                              C:/devkitPro/libnds/lib\libnds9.a(console.o) (default_font_bin)
C:/devkitPro/libnds/lib\libnds9.a(background.o)
                              C:/devkitPro/libnds/lib\libnds9.a(console.o) (bgState)
C:/devkitPro/libnds/lib\libnds9.a(video.o)
                              C:/devkitPro/libnds/lib\libnds9.a(videoGL.o) (vramSetBanks_EFG)
C:/devkitPro/libnds/lib\libnds9.a(system.o)
                              C:/devkitPro/libnds/lib\libnds9.a(initSystem.o) (systemValueHandler)
c:/devkitpro/devkitarm/bin/../lib/gcc/arm-none-eabi/9.1.0/../../../../arm-none-eabi/lib/thumb\libstdc++.a(del_op.o)
                              SceneNode.o (operator delete(void*))
c:/devkitpro/devkitarm/bin/../lib/gcc/arm-none-eabi/9.1.0/../../../../arm-none-eabi/lib/thumb\libstdc++.a(del_ops.o)
                              SceneNode.o (operator delete(void*, unsigned int))
c:/devkitpro/devkitarm/bin/../lib/gcc/arm-none-eabi/9.1.0/../../../../arm-none-eabi/lib/thumb\libstdc++.a(new_op.o)
                              SceneNode.o (operator new(unsigned int))
c:/devkitpro/devkitarm/bin/../lib/gcc/arm-none-eabi/9.1.0/../../../../arm-none-eabi/lib/thumb\libstdc++.a(list.o)
                              SceneNode.o (std::__detail::_List_node_base::_M_hook(std::__detail::_List_node_base*))
c:/devkitpro/devkitarm/bin/../lib/gcc/arm-none-eabi/9.1.0/../../../../arm-none-eabi/lib/thumb\libstdc++.a(functexcept.o)
                              SceneNode.o (std::__throw_length_error(char const*))
c:/devkitpro/devkitarm/bin/../lib/gcc/arm-none-eabi/9.1.0/../../../../arm-none-eabi/lib/thumb\libstdc++.a(snprintf_lite.o)
                              c:/devkitpro/devkitarm/bin/../lib/gcc/arm-none-eabi/9.1.0/../../../../arm-none-eabi/lib/thumb\libstdc++.a(functexcept.o) (__gnu_cxx::__snprintf_lite(char*, unsigned int, char const*, std::__va_list))
c:/devkitpro/devkitarm/bin/../lib/gcc/arm-none-eabi/9.1.0/../../../../arm-none-eabi/lib/thumb\libstdc++.a(bad_alloc.o)
[...]
Memory Configuration

Name             Origin             Length             Attributes
ewram            0x0000000002000000 0x0000000000380000
dtcm             0x000000000b000000 0x0000000000004000
vectors          0x0000000001000000 0x0000000000000100
itcm             0x0000000001000100 0x0000000000007f00
*default*        0x0000000000000000 0xffffffffffffffff

Linker script and memory map

                0x0000000002380000                __ewram_end = (ORIGIN (ewram) + LENGTH (ewram))
                0x0000000002380000                __eheap_end = (ORIGIN (ewram) + LENGTH (ewram))
                0x000000000b004000                __dtcm_top = (ORIGIN (dtcm) + LENGTH (dtcm))
                0x000000000b003ff8                __irq_flags = (__dtcm_top - 0x8)
                0x000000000b003ffc                __irq_vector = (__dtcm_top - 0x4)
                0x000000000b003f00                __sp_svc = (__dtcm_top - 0x100)
                0x000000000b003e00                __sp_irq = (__sp_svc - 0x100)
                0x000000000b003d00                __sp_usr = (__sp_irq - 0x100)

.secure         0x0000000002000000      0x800
 *(.secure)
 .secure        0x0000000002000000      0x800 C:/devkitPro/libnds/lib\libnds9.a(securearea.o)
                0x0000000002000000                __secure_area__

.crt0           0x0000000002000800      0x300
                0x0000000002000800                __text_start = .
 *(.crt0)
 .crt0          0x0000000002000800      0x300 c:/devkitpro/devkitarm/bin/../lib/gcc/arm-none-eabi/9.1.0/../../../../arm-none-eabi/lib/thumb/ds_arm9_crt0.o
                0x0000000002000800                _start
                0x0000000002000b00                . = ALIGN (0x4)

.plt
 *(.plt)

.init           0x0000000002000b00        0xc
 *(SORT_NONE(.init))
 .init          0x0000000002000b00        0x4 c:/devkitpro/devkitarm/bin/../lib/gcc/arm-none-eabi/9.1.0/thumb/crti.o
                0x0000000002000b00                _init
 .init          0x0000000002000b04        0x8 c:/devkitpro/devkitarm/bin/../lib/gcc/arm-none-eabi/9.1.0/thumb/crtn.o

.text           0x0000000002000b10     0xd098
 *(EXCLUDE_FILE(*.twl* *.vectors* *.itcm*) .text)
 .text          0x0000000002000b10      0x844 RocketEngine.o
                0x0000000002000b10                sin(float)
                0x0000000002000b38                cos(float)
                0x0000000002000b60                RocketEngine::init()
                0x0000000002000ec0                RocketEngine::LoadTextures(unsigned char const*)
                0x0000000002000f10                RocketEngine::QuickQuad(GeometryNode*, float, float, float, float, float, float)
                0x0000000002001078                RocketEngine::CreateObject(GeometryNode*, GeometryNode*, GL_GLBEGIN_ENUM, Geometry, Vec3D*, int, Vec3D, bool)
                0x0000000002001128                RocketEngine::Render()
                0x0000000002001130                RocketEngine::Run()
 .text          0x0000000002001354      0xa64 SceneNode.o
                0x0000000002001354                SceneNode::Update()
                0x0000000002001370                CameraNode::Update()
                0x0000000002001800                SceneNode::AddChild(SceneNode*)
                0x000000000200181c                SceneNode::Destroy()
                0x0000000002001854                CameraNode::UpdateCameraPos(float, float, float)
                0x000000000200187c                CameraNode::UpdateCameraLook(float, float, float)
                0x00000000020018a4                CameraNode::SetCameraPos(float, float, float)
                0x00000000020018ac                CameraNode::SetCameraPosY(float)
                0x00000000020018b0                CameraNode::SetCameraLook(float, float, float)
                0x00000000020018b8                CameraNode::SetCameraLookX(float)
                0x00000000020018bc                CameraNode::SetCameraLookY(float)
                0x00000000020018c0                CameraNode::SetCameraLookZ(float)
                0x00000000020018c4                GeometryNode::ColourDraw()
                0x00000000020019dc                GeometryNode::TextureDraw()
                0x0000000002001b18                GeometryNode::Update()
                0x0000000002001d08                GeometryNode::UpdateRot(float, float, float)
                0x0000000002001d30                GeometryNode::UpdateCoord(float, float, float)
                0x0000000002001d58                GeometryNode::SetCoord(float, float, float)
                0x0000000002001d60                GeometryNode::SetScale(float, float, float)
                0x0000000002001d68                GeometryNode::CreateBoundingBox(float, float, float)
                0x0000000002001d70                GeometryNode::AddVertex(float, float, float)
                0x0000000002001d88                GeometryNode::AddColour(float, float, float)
                0x0000000002001da0                GeometryNode::AddTextCoord(float, float)
 .text          0x0000000002001db8      0x290 c:/devkitpro/devkitarm/bin/../lib/gcc/arm-none-eabi/9.1.0/thumb\libgcc.a(_arm_muldf3.o)
                0x0000000002001db8                __muldf3
                0x0000000002001db8                __aeabi_dmul
 .text          0x0000000002002048      0x198 c:/devkitpro/devkitarm/bin/../lib/gcc/arm-none-eabi/9.1.0/thumb\libgcc.a(_arm_mulsf3.o)
                0x0000000002002048                __aeabi_fmul
                0x0000000002002048                __mulsf3
 .text          0x00000000020021e0      0x11c c:/devkitpro/devkitarm/bin/../lib/gcc/arm-none-eabi/9.1.0/thumb\libgcc.a(_udivsi3.o)
                0x00000000020021e0                __aeabi_uidiv
                0x00000000020021e0                __udivsi3
                0x00000000020022dc                __aeabi_uidivmod
 .text          0x00000000020022fc      0x150 c:/devkitpro/devkitarm/bin/../lib/gcc/arm-none-eabi/9.1.0/thumb\libgcc.a(_divsi3.o)
                0x00000000020022fc                __divsi3
                0x00000000020022fc                __aeabi_idiv
                0x000000000200242c                __aeabi_idivmod
 .text          0x000000000200244c        0x4 c:/devkitpro/devkitarm/bin/../lib/gcc/arm-none-eabi/9.1.0/thumb\libgcc.a(_dvmd_tls.o)
                0x000000000200244c                __aeabi_idiv0
                0x000000000200244c                __aeabi_ldiv0
 .text          0x0000000002002450      0x424 c:/devkitpro/devkitarm/bin/../lib/gcc/arm-none-eabi/9.1.0/thumb\libgcc.a(_arm_addsubdf3.o)
                0x0000000002002450                __aeabi_drsub
                0x0000000002002458                __aeabi_dsub
                0x0000000002002458                __subdf3
                0x000000000200245c                __aeabi_dadd
                0x000000000200245c                __adddf3
                0x000000000200276c                __floatunsidf
                0x000000000200276c                __aeabi_ui2d
                0x0000000002002790                __floatsidf
                0x0000000002002790                __aeabi_i2d
                0x00000000020027b8                __aeabi_f2d
                0x00000000020027b8                __extendsfdf2
                0x0000000002002800                __floatundidf
                0x0000000002002800                __aeabi_ul2d
                0x0000000002002814                __floatdidf
                0x0000000002002814                __aeabi_l2d
 .text          0x0000000002002874       0x5c c:/devkitpro/devkitarm/bin/../lib/gcc/arm-none-eabi/9.1.0/thumb\libgcc.a(_arm_fixdfsi.o)
                0x0000000002002874                __aeabi_d2iz
                0x0000000002002874                __fixdfsi
 .text          0x00000000020028d0      0x2ac c:/devkitpro/devkitarm/bin/../lib/gcc/arm-none-eabi/9.1.0/thumb\libgcc.a(_arm_addsubsf3.o)
                0x00000000020028d0                __aeabi_frsub
                0x00000000020028d8                __subsf3
                0x00000000020028d8                __aeabi_fsub
                0x00000000020028dc                __aeabi_fadd
                0x00000000020028dc                __addsf3
                0x0000000002002a98                __aeabi_ui2f
                0x0000000002002a98                __floatunsisf
                0x0000000002002aa0                __aeabi_i2f
                0x0000000002002aa0                __floatsisf
                0x0000000002002ac0                __aeabi_ul2f
                0x0000000002002ac0                __floatundisf
                0x0000000002002ad0                __aeabi_l2f
                0x0000000002002ad0                __floatdisf
 .text          0x0000000002002b7c      0x114 c:/devkitpro/devkitarm/bin/../lib/gcc/arm-none-eabi/9.1.0/thumb\libgcc.a(_arm_cmpsf2.o)
                0x0000000002002b7c                __gesf2
                0x0000000002002b7c                __gtsf2
                0x0000000002002b84                __lesf2
                0x0000000002002b84                __ltsf2
                0x0000000002002b8c                __nesf2
                0x0000000002002b8c                __eqsf2
                0x0000000002002b8c                __cmpsf2
                0x0000000002002bf0                __aeabi_cfrcmple
                0x0000000002002c00                __aeabi_cfcmpeq
                0x0000000002002c00                __aeabi_cfcmple
                0x0000000002002c18                __aeabi_fcmpeq
                0x0000000002002c30                __aeabi_fcmplt
                0x0000000002002c48                __aeabi_fcmple
                0x0000000002002c60                __aeabi_fcmpge
                0x0000000002002c78                __aeabi_fcmpgt
 .text          0x0000000002002c90       0x5c c:/devkitpro/devkitarm/bin/../lib/gcc/arm-none-eabi/9.1.0/thumb\libgcc.a(_arm_fixsfsi.o)
                0x0000000002002c90                __aeabi_f2iz
                0x0000000002002c90                __fixsfsi
 .text          0x0000000002002cec       0x54 c:/devkitpro/devkitarm/bin/../lib/gcc/arm-none-eabi/9.1.0/thumb\libgcc.a(_arm_fixunssfsi.o)
                0x0000000002002cec                __fixunssfsi
                0x0000000002002cec                __aeabi_f2uiz
 .text          0x0000000002002d40      0x1d8 c:/devkitpro/devkitarm/bin/../lib/gcc/arm-none-eabi/9.1.0/thumb\libgcc.a(libunwind.o)
                0x0000000002002d40                __restore_core_regs
                0x0000000002002d40                restore_core_regs
                0x0000000002002d5c                __gnu_Unwind_Restore_VFP
                0x0000000002002d64                __gnu_Unwind_Save_VFP
                0x0000000002002d6c                __gnu_Unwind_Restore_VFP_D
                0x0000000002002d74                __gnu_Unwind_Save_VFP_D
                0x0000000002002d7c                __gnu_Unwind_Restore_VFP_D_16_to_31
                0x0000000002002d84                __gnu_Unwind_Save_VFP_D_16_to_31
                0x0000000002002d8c                __gnu_Unwind_Restore_WMMXD
                0x0000000002002dd0                __gnu_Unwind_Save_WMMXD
                0x0000000002002e14                __gnu_Unwind_Restore_WMMXC
                0x0000000002002e28                __gnu_Unwind_Save_WMMXC
                0x0000000002002e3c                ___Unwind_RaiseException
                0x0000000002002e3c                _Unwind_RaiseException
                0x0000000002002e68                _Unwind_Resume
                0x0000000002002e68                ___Unwind_Resume
                0x0000000002002e94                _Unwind_Resume_or_Rethrow
                0x0000000002002e94                ___Unwind_Resume_or_Rethrow
                0x0000000002002ec0                _Unwind_ForcedUnwind
                0x0000000002002ec0                ___Unwind_ForcedUnwind
                0x0000000002002eec                ___Unwind_Backtrace
                0x0000000002002eec                _Unwind_Backtrace
 .text          0x0000000002002f18      0x224 c:/devkitpro/devkitarm/bin/../lib/gcc/arm-none-eabi/9.1.0/../../../../arm-none-eabi/lib/thumb\libg.a(lib_a-strcmp.o)
                0x0000000002002f18                strcmp
 .text          0x000000000200313c       0x14 c:/devkitpro/devkitarm/bin/../lib/gcc/arm-none-eabi/9.1.0/thumb\libgcc.a(_thumb1_case_uqi.o)
                0x000000000200313c                __gnu_thumb1_case_uqi
 .text          0x0000000002003150       0x14 c:/devkitpro/devkitarm/bin/../lib/gcc/arm-none-eabi/9.1.0/thumb\libgcc.a(_thumb1_case_uhi.o)
                0x0000000002003150                __gnu_thumb1_case_uhi
 .text          0x0000000002003164       0x3c c:/devkitpro/devkitarm/bin/../lib/gcc/arm-none-eabi/9.1.0/thumb\libgcc.a(_aeabi_uldivmod.o)
                0x0000000002003164                __aeabi_uldivmod
 .text          0x00000000020031a0       0x28 c:/devkitpro/devkitarm/bin/../lib/gcc/arm-none-eabi/9.1.0/thumb\libgcc.a(_clzdi2.o)
                0x00000000020031a0                __clzdi2
 .text          0x00000000020031c8       0x48 c:/devkitpro/devkitarm/bin/../lib/gcc/arm-none-eabi/9.1.0/thumb\libgcc.a(_clzsi2.o)
                0x00000000020031c8                __clzsi2
 *(EXCLUDE_FILE(*.twl* *.vectors* *.itcm*) .stub)
 *(EXCLUDE_FILE(*.twl* *.vectors* *.itcm*) .text.*)
 .text.deregister_tm_clones
                0x0000000002003210       0x2c c:/devkitpro/devkitarm/bin/../lib/gcc/arm-none-eabi/9.1.0/thumb/crtbegin.o
 .text.register_tm_clones
                0x000000000200323c       0x34 c:/devkitpro/devkitarm/bin/../lib/gcc/arm-none-eabi/9.1.0/thumb/crtbegin.o
 .text.__do_global_dtors_aux
                0x0000000002003270       0x30 c:/devkitpro/devkitarm/bin/../lib/gcc/arm-none-eabi/9.1.0/thumb/crtbegin.o
 .text.frame_dummy
                0x00000000020032a0       0x28 c:/devkitpro/devkitarm/bin/../lib/gcc/arm-none-eabi/9.1.0/thumb/crtbegin.o
 .text.startup  0x00000000020032c8      0x3dc main.o
                0x00000000020032c8                main
 .text._ZN9SceneNodeD2Ev
                0x00000000020036a4       0x2c SceneNode.o
                0x00000000020036a4                SceneNode::~SceneNode()
                0x00000000020036a4                SceneNode::~SceneNode()
 .text._ZN10CameraNodeD2Ev
                0x00000000020036d0       0x2c SceneNode.o
                0x00000000020036d0                CameraNode::~CameraNode()
                0x00000000020036d0                CameraNode::~CameraNode()
 .text._ZN9SceneNodeD0Ev
                0x00000000020036fc       0x34 SceneNode.o
                0x00000000020036fc                SceneNode::~SceneNode()
 .text._ZN10CameraNodeD0Ev
                0x0000000002003730       0x34 SceneNode.o
                0x0000000002003730                CameraNode::~CameraNode()
 .text._ZN12GeometryNodeD0Ev
                0x0000000002003764       0x58 SceneNode.o
                0x0000000002003764                GeometryNode::~GeometryNode()
 .text._ZN12GeometryNodeD2Ev
                0x00000000020037bc       0x50 SceneNode.o
                0x00000000020037bc                GeometryNode::~GeometryNode()
                0x00000000020037bc                GeometryNode::~GeometryNode()
 .text._ZNSt6vectorI5Vec3DSaIS0_EE17_M_realloc_insertIJS0_EEEvN9__gnu_cxx17__normal_iteratorIPS0_S2_EEDpOT_
                0x000000000200380c      0x124 SceneNode.o
                0x000000000200380c                void std::vector<Vec3D, std::allocator<Vec3D> >::_M_realloc_insert<Vec3D>(__gnu_cxx::__normal_iterator<Vec3D*, std::vector<Vec3D, std::allocator<Vec3D> > >, Vec3D&&)
 .text._ZNSt6vectorI5Vec3DSaIS0_EE12emplace_backIJS0_EEEvDpOT_
                0x0000000002003930       0x1c SceneNode.o
                0x0000000002003930                void std::vector<Vec3D, std::allocator<Vec3D> >::emplace_back<Vec3D>(Vec3D&&)
 .text.DynamicArrayInit
                0x000000000200394c       0x18 C:/devkitPro/libnds/lib\libnds9.a(dynamicArray.o)
                0x000000000200394c                DynamicArrayInit
 .text.DynamicArrayGet
                0x0000000002003964       0x18 C:/devkitPro/libnds/lib\libnds9.a(dynamicArray.o)
                0x0000000002003964                DynamicArrayGet
 .text.DynamicArraySet
                0x000000000200397c       0x48 C:/devkitPro/libnds/lib\libnds9.a(dynamicArray.o)
                0x000000000200397c                DynamicArraySet
 .text.loadPCX  0x00000000020039c4      0x194 C:/devkitPro/libnds/lib\libnds9.a(pcx.o)
                0x00000000020039c4                loadPCX
 .text.BoxTestf
                0x0000000002003b58       0xb4 C:/devkitPro/libnds/lib\libnds9.a(boxtest.o)
                0x0000000002003b58                BoxTestf
 .text.newRow   0x0000000002003c0c       0xb4 C:/devkitPro/libnds/lib\libnds9.a(console.o)
 .text.consolePrintChar
                0x0000000002003cc0       0xec C:/devkitPro/libnds/lib\libnds9.a(console.o)
                0x0000000002003cc0                consolePrintChar
 .text.consoleCls
                0x0000000002003dac       0xe0 C:/devkitPro/libnds/lib\libnds9.a(console.o)
 .text.consoleLoadFont
                0x0000000002003e8c      0x280 C:/devkitPro/libnds/lib\libnds9.a(console.o)
                0x0000000002003e8c                consoleLoadFont
 .text.consoleInit
                0x000000000200410c      0x15c C:/devkitPro/libnds/lib\libnds9.a(console.o)
                0x000000000200410c                consoleInit
 .text.consoleDemoInit
                0x0000000002004268       0x40 C:/devkitPro/libnds/lib\libnds9.a(console.o)
                0x0000000002004268                consoleDemoInit
 .text.con_write
                0x00000000020042a8      0x27c C:/devkitPro/libnds/lib\libnds9.a(console.o)
                0x00000000020042a8                con_write
 .text.sinLutLookup
                0x0000000002004524       0x3c C:/devkitPro/libnds/lib\libnds9.a(trig.o)
                0x0000000002004524                sinLutLookup
 .text.sinLerp  0x0000000002004560       0x44 C:/devkitPro/libnds/lib\libnds9.a(trig.o)
                0x0000000002004560                sinLerp
 .text.cosLerp  0x00000000020045a4       0x14 C:/devkitPro/libnds/lib\libnds9.a(trig.o)
                0x00000000020045a4                cosLerp
 .text.tanLerp  0x00000000020045b8       0xa8 C:/devkitPro/libnds/lib\libnds9.a(trig.o)
                0x00000000020045b8                tanLerp
 .text.vramBlock__deallocateBlock.part.0
                0x0000000002004660      0x174 C:/devkitPro/libnds/lib\libnds9.a(videoGL.o)
 .text.glMaterialf
                0x00000000020047d4       0x7c C:/devkitPro/libnds/lib\libnds9.a(videoGL.o)
                0x00000000020047d4                glMaterialf
 .text.vramBlock_init
                0x0000000002004850       0x64 C:/devkitPro/libnds/lib\libnds9.a(videoGL.o)
                0x0000000002004850                vramBlock_init
 .text.vramBlock_Construct
                0x00000000020048b4       0x28 C:/devkitPro/libnds/lib\libnds9.a(videoGL.o)
                0x00000000020048b4                vramBlock_Construct
 .text.vramBlock__allocateBlock
                0x00000000020048dc      0x17c C:/devkitPro/libnds/lib\libnds9.a(videoGL.o)
                0x00000000020048dc                vramBlock__allocateBlock
 .text.vramBlock_examineSpecial
                0x0000000002004a58      0x244 C:/devkitPro/libnds/lib\libnds9.a(videoGL.o)
                0x0000000002004a58                vramBlock_examineSpecial
 .text.vramBlock_allocateSpecial
                0x0000000002004c9c       0x6c C:/devkitPro/libnds/lib\libnds9.a(videoGL.o)
                0x0000000002004c9c                vramBlock_allocateSpecial
 .text.vramBlock_allocateBlock
                0x0000000002004d08       0x34 C:/devkitPro/libnds/lib\libnds9.a(videoGL.o)
                0x0000000002004d08                vramBlock_allocateBlock
 .text.vramBlock_deallocateBlock
                0x0000000002004d3c       0x48 C:/devkitPro/libnds/lib\libnds9.a(videoGL.o)
                0x0000000002004d3c                vramBlock_deallocateBlock
 .text.glInit_C
                0x0000000002004d84      0x1b4 C:/devkitPro/libnds/lib\libnds9.a(videoGL.o)
                0x0000000002004d84                glInit_C
 .text.glGenTextures
                0x0000000002004f38       0x8c C:/devkitPro/libnds/lib\libnds9.a(videoGL.o)
                0x0000000002004f38                glGenTextures
 .text.vramGetBank
                0x0000000002004fc4       0xc4 C:/devkitPro/libnds/lib\libnds9.a(videoGL.o)
                0x0000000002004fc4                vramGetBank
 .text.glBindTexture
                0x0000000002005088       0x60 C:/devkitPro/libnds/lib\libnds9.a(videoGL.o)
                0x0000000002005088                glBindTexture
 .text.glTexParameter
                0x00000000020050e8       0x38 C:/devkitPro/libnds/lib\libnds9.a(videoGL.o)
                0x00000000020050e8                glTexParameter
 .text.glTexImage2D
                0x0000000002005120      0x3a8 C:/devkitPro/libnds/lib\libnds9.a(videoGL.o)
                0x0000000002005120                glTexImage2D
 .text.image8to16
                0x00000000020054c8       0x58 C:/devkitPro/libnds/lib\libnds9.a(image.o)
                0x00000000020054c8                image8to16
 .text.imageDestroy
                0x0000000002005520       0x24 C:/devkitPro/libnds/lib\libnds9.a(image.o)
                0x0000000002005520                imageDestroy
 .text.scanKeys
                0x0000000002005544       0x8c C:/devkitPro/libnds/lib\libnds9.a(keys.o)
                0x0000000002005544                scanKeys
 .text.keysHeld
                0x00000000020055d0        0xc C:/devkitPro/libnds/lib\libnds9.a(keys.o)
                0x00000000020055d0                keysHeld
 .text.initSystem
                0x00000000020055dc      0x198 C:/devkitPro/libnds/lib\libnds9.a(initSystem.o)
                0x00000000020055dc                initSystem
 .text.__libnds_gtod
                0x0000000002005774       0x28 C:/devkitPro/libnds/lib\libnds9.a(timeSupport.o)
                0x0000000002005774                __libnds_gtod
 .text.irqDummy
                0x000000000200579c        0x4 C:/devkitPro/libnds/lib\libnds9.a(interrupts.o)
                0x000000000200579c                irqDummy
 .text.irqSet   0x00000000020057a0       0x6c C:/devkitPro/libnds/lib\libnds9.a(interrupts.o)
                0x00000000020057a0                irqSet
 .text.irqInit  0x000000000200580c       0x50 C:/devkitPro/libnds/lib\libnds9.a(interrupts.o)
                0x000000000200580c                irqInit
 .text.irqEnable
                0x000000000200585c       0x64 C:/devkitPro/libnds/lib\libnds9.a(interrupts.o)
                0x000000000200585c                irqEnable
 .text.systemErrorExit
                0x00000000020058c0        0x4 C:/devkitPro/libnds/lib\libnds9.a(libnds_exit.arm.o)
                0x00000000020058c0                systemErrorExit
 *fill*         0x00000000020058c4        0x4 ff
 .text.__libnds_exit
                0x00000000020058c8       0x5c C:/devkitPro/libnds/lib\libnds9.a(libnds_exit.arm.o)
                0x00000000020058c8                __libnds_exit
 .text.fifo_waitBlock
                0x0000000002005924       0x80 C:/devkitPro/libnds/lib\libnds9.a(fifosystem.o)
 .text.fifo_queueBlock
                0x00000000020059a4       0x40 C:/devkitPro/libnds/lib\libnds9.a(fifosystem.o)
 .text.fifoInternalSendInterrupt
                0x00000000020059e4       0xac C:/devkitPro/libnds/lib\libnds9.a(fifosystem.o)
 .text.fifoInternalSend.part.2
                0x0000000002005a90       0xd4 C:/devkitPro/libnds/lib\libnds9.a(fifosystem.o)
 .text.fifoGetValue32.part.3
                0x0000000002005b64       0x74 C:/devkitPro/libnds/lib\libnds9.a(fifosystem.o)
 .text.fifoSetValue32Handler
                0x0000000002005bd8       0x78 C:/devkitPro/libnds/lib\libnds9.a(fifosystem.o)
                0x0000000002005bd8                fifoSetValue32Handler
 .text.fifoSendValue32
                0x0000000002005c50       0x4c C:/devkitPro/libnds/lib\libnds9.a(fifosystem.o)
                0x0000000002005c50                fifoSendValue32
 .text.fifoGetDatamsg
                0x0000000002005c9c      0x138 C:/devkitPro/libnds/lib\libnds9.a(fifosystem.o)
                0x0000000002005c9c                fifoGetDatamsg
 .text.fifoInternalRecvInterrupt
                0x0000000002005dd4      0x3dc C:/devkitPro/libnds/lib\libnds9.a(fifosystem.o)
 .text.fifoSetDatamsgHandler
                0x00000000020061b0       0x9c C:/devkitPro/libnds/lib\libnds9.a(fifosystem.o)
                0x00000000020061b0                fifoSetDatamsgHandler
 .text.fifoInit
                0x000000000200624c      0x104 C:/devkitPro/libnds/lib\libnds9.a(fifosystem.o)
                0x000000000200624c                fifoInit
 .text.__libnds_mpu_setup
                0x0000000002006350      0x174 C:/devkitPro/libnds/lib\libnds9.a(mpu_setup.o)
                0x0000000002006350                __libnds_mpu_setup
 .text.memUncached
                0x00000000020064c4       0x20 C:/devkitPro/libnds/lib\libnds9.a(mpu_setup.o)
                0x00000000020064c4                memUncached
 .text.swiWaitForVBlank
                0x00000000020064e4        0x8 C:/devkitPro/libnds/lib\libnds9.a(IntrWait.o)
                0x00000000020064e4                swiWaitForVBlank
 .text.swiIntrWait
                0x00000000020064ec       0x70 C:/devkitPro/libnds/lib\libnds9.a(IntrWait.o)
                0x00000000020064ec                swiIntrWait
 .text.setCpuClock
                0x000000000200655c       0x50 C:/devkitPro/libnds/lib\libnds9.a(cpu_clock.o)
                0x000000000200655c                setCpuClock
 .text.swiSoftReset
                0x00000000020065ac       0x2c C:/devkitPro/libnds/lib\libnds9.a(swiSoftReset.o)
                0x00000000020065ac                swiSoftReset
 .text.swiDelay
                0x00000000020065d8        0x4 C:/devkitPro/libnds/lib\libnds9.a(biosCalls.o)
                0x00000000020065d8                swiDelay
 .text.checkIfText.part.0
                0x00000000020065dc       0x40 C:/devkitPro/libnds/lib\libnds9.a(background.o)
 .text.bgUpdate
                0x000000000200661c      0x104 C:/devkitPro/libnds/lib\libnds9.a(background.o)
                0x000000000200661c                bgUpdate
 .text.bgInit_call
                0x0000000002006720      0x110 C:/devkitPro/libnds/lib\libnds9.a(background.o)
                0x0000000002006720                bgInit_call
 .text.bgInitSub_call
                0x0000000002006830       0xf4 C:/devkitPro/libnds/lib\libnds9.a(background.o)
                0x0000000002006830                bgInitSub_call
 .text.vramRestorePrimaryBanks
                0x0000000002006924        0xc C:/devkitPro/libnds/lib\libnds9.a(video.o)
                0x0000000002006924                vramRestorePrimaryBanks
 .text.vramDefault
                0x0000000002006930       0xd0 C:/devkitPro/libnds/lib\libnds9.a(video.o)
                0x0000000002006930                vramDefault
 .text.systemValueHandler
                0x0000000002006a00       0x48 C:/devkitPro/libnds/lib\libnds9.a(system.o)
                0x0000000002006a00                systemValueHandler
 .text.systemMsgHandler
                0x0000000002006a48       0x5c C:/devkitPro/libnds/lib\libnds9.a(system.o)
                0x0000000002006a48                systemMsgHandler
 .text.powerOn  0x0000000002006aa4       0x2c C:/devkitPro/libnds/lib\libnds9.a(system.o)
                0x0000000002006aa4                powerOn
 .text._ZdlPv   0x0000000002006ad0        0xc c:/devkitpro/devkitarm/bin/../lib/gcc/arm-none-eabi/9.1.0/../../../../arm-none-eabi/lib/thumb\libstdc++.a(del_op.o)
                0x0000000002006ad0                operator delete(void*)
 .text._ZdlPvj  0x0000000002006adc        0xc c:/devkitpro/devkitarm/bin/../lib/gcc/arm-none-eabi/9.1.0/../../../../arm-none-eabi/lib/thumb\libstdc++.a(del_ops.o)
                0x0000000002006adc                operator delete(void*, unsigned int)
 .text._Znwj    0x0000000002006ae8       0x48 c:/devkitpro/devkitarm/bin/../lib/gcc/arm-none-eabi/9.1.0/../../../../arm-none-eabi/lib/thumb\libstdc++.a(new_op.o)
                0x0000000002006ae8                operator new(unsigned int)
 .text._ZNSt8__detail15_List_node_base7_M_hookEPS0_
                0x0000000002006b30       0x10 c:/devkitpro/devkitarm/bin/../lib/gcc/arm-none-eabi/9.1.0/../../../../arm-none-eabi/lib/thumb\libstdc++.a(list.o)
                0x0000000002006b30                std::__detail::_List_node_base::_M_hook(std::__detail::_List_node_base*)
 .text.unlikely._ZSt17__throw_bad_allocv
                0x0000000002006b40       0x20 c:/devkitpro/devkitarm/bin/../lib/gcc/arm-none-eabi/9.1.0/../../../../arm-none-eabi/lib/thumb\libstdc++.a(functexcept.o)
                0x0000000002006b40                std::__throw_bad_alloc()
 .text.unlikely._ZSt19__throw_logic_errorPKc
                0x0000000002006b60       0x30 c:/devkitpro/devkitarm/bin/../lib/gcc/arm-none-eabi/9.1.0/../../../../arm-none-eabi/lib/thumb\libstdc++.a(functexcept.o)
                0x0000000002006b60                std::__throw_logic_error(char const*)
 .text.unlikely._ZSt20__throw_length_errorPKc
                0x0000000002006b90       0x30 c:/devkitpro/devkitarm/bin/../lib/gcc/arm-none-eabi/9.1.0/../../../../arm-none-eabi/lib/thumb\libstdc++.a(functexcept.o)
                0x0000000002006b90                std::__throw_length_error(char const*)
 .text._ZNKSt9bad_alloc4whatEv
                0x0000000002006bc0        0x8 c:/devkitpro/devkitarm/bin/../lib/gcc/arm-none-eabi/9.1.0/../../../../arm-none-eabi/lib/thumb\libstdc++.a(bad_alloc.o)
                0x0000000002006bc0                std::bad_alloc::what() const
 .text._ZNSt9bad_allocD2Ev
                0x0000000002006bc8       0x1c c:/devkitpro/devkitarm/bin/../lib/gcc/arm-none-eabi/9.1.0/../../../../arm-none-eabi/lib/thumb\libstdc++.a(bad_alloc.o)
                0x0000000002006bc8                std::bad_alloc::~bad_alloc()
                0x0000000002006bc8                std::bad_alloc::~bad_alloc()
 .text._ZNSt9bad_allocD0Ev
                0x0000000002006be4       0x24 c:/devkitpro/devkitarm/bin/../lib/gcc/arm-none-eabi/9.1.0/../../../../arm-none-eabi/lib/thumb\libstdc++.a(bad_alloc.o)
                0x0000000002006be4                std::bad_alloc::~bad_alloc()
 .text._ZN12_GLOBAL__N_14pool4freeEPv.constprop.0
                0x0000000002006c08       0x80 c:/devkitpro/devkitarm/bin/../lib/gcc/arm-none-eabi/9.1.0/../../../../arm-none-eabi/lib/thumb\libstdc++.a(eh_alloc.o)
 .text._ZN12_GLOBAL__N_14pool8allocateEj.constprop.0
                0x0000000002006c88       0x54 c:/devkitpro/devkitarm/bin/../lib/gcc/arm-none-eabi/9.1.0/../../../../arm-none-eabi/lib/thumb\libstdc++.a(eh_alloc.o)
 .text.__cxa_allocate_exception
                0x0000000002006cdc       0x30 c:/devkitpro/devkitarm/bin/../lib/gcc/arm-none-eabi/9.1.0/../../../../arm-none-eabi/lib/thumb\libstdc++.a(eh_alloc.o)
                0x0000000002006cdc                __cxa_allocate_exception
 .text.__cxa_free_exception
                0x0000000002006d0c       0x28 c:/devkitpro/devkitarm/bin/../lib/gcc/arm-none-eabi/9.1.0/../../../../arm-none-eabi/lib/thumb\libstdc++.a(eh_alloc.o)
                0x0000000002006d0c                __cxa_free_exception
 .text.startup._GLOBAL__sub_I__ZN9__gnu_cxx9__freeresEv
                0x0000000002006d34       0x30 c:/devkitpro/devkitarm/bin/../lib/gcc/arm-none-eabi/9.1.0/../../../../arm-none-eabi/lib/thumb\libstdc++.a(eh_alloc.o)
 .text.__cxa_end_cleanup
                0x0000000002006d64        0xc c:/devkitpro/devkitarm/bin/../lib/gcc/arm-none-eabi/9.1.0/../../../../arm-none-eabi/lib/thumb\libstdc++.a(eh_arm.o)
                0x0000000002006d64                __cxa_end_cleanup
 .text.__cxa_type_match
                0x0000000002006d70       0xe0 c:/devkitpro/devkitarm/bin/../lib/gcc/arm-none-eabi/9.1.0/../../../../arm-none-eabi/lib/thumb\libstdc++.a(eh_arm.o)
                0x0000000002006d70                __cxa_type_match
 .text.__cxa_begin_cleanup
                0x0000000002006e50       0x64 c:/devkitpro/devkitarm/bin/../lib/gcc/arm-none-eabi/9.1.0/../../../../arm-none-eabi/lib/thumb\libstdc++.a(eh_arm.o)
                0x0000000002006e50                __cxa_begin_cleanup
 .text.__gnu_end_cleanup
                0x0000000002006eb4       0x74 c:/devkitpro/devkitarm/bin/../lib/gcc/arm-none-eabi/9.1.0/../../../../arm-none-eabi/lib/thumb\libstdc++.a(eh_arm.o)
                0x0000000002006eb4                __gnu_end_cleanup
 .text._ZNSt9exceptionD2Ev
                0x0000000002006f28        0x4 c:/devkitpro/devkitarm/bin/../lib/gcc/arm-none-eabi/9.1.0/../../../../arm-none-eabi/lib/thumb\libstdc++.a(eh_exception.o)
                0x0000000002006f28                std::exception::~exception()
                0x0000000002006f28                std::exception::~exception()
 .text._ZNSt13bad_exceptionD2Ev
                0x0000000002006f2c        0x4 c:/devkitpro/devkitarm/bin/../lib/gcc/arm-none-eabi/9.1.0/../../../../arm-none-eabi/lib/thumb\libstdc++.a(eh_exception.o)
                0x0000000002006f2c                std::bad_exception::~bad_exception()
                0x0000000002006f2c                std::bad_exception::~bad_exception()
 .text._ZNKSt13bad_exception4whatEv
                0x0000000002006f30        0x8 c:/devkitpro/devkitarm/bin/../lib/gcc/arm-none-eabi/9.1.0/../../../../arm-none-eabi/lib/thumb\libstdc++.a(eh_exception.o)
                0x0000000002006f30                std::bad_exception::what() const
                0x0000000002006f30                transaction clone for std::bad_exception::what() const
 .text._ZNSt13bad_exceptionD0Ev
                0x0000000002006f38       0x14 c:/devkitpro/devkitarm/bin/../lib/gcc/arm-none-eabi/9.1.0/../../../../arm-none-eabi/lib/thumb\libstdc++.a(eh_exception.o)
                0x0000000002006f38                std::bad_exception::~bad_exception()
 .text.__cxa_get_globals_fast
                0x0000000002006f4c        0x8 c:/devkitpro/devkitarm/bin/../lib/gcc/arm-none-eabi/9.1.0/../../../../arm-none-eabi/lib/thumb\libstdc++.a(eh_globals.o)
                0x0000000002006f4c                __cxa_get_globals_fast
 .text.__cxa_get_globals
                0x0000000002006f54        0x8 c:/devkitpro/devkitarm/bin/../lib/gcc/arm-none-eabi/9.1.0/../../../../arm-none-eabi/lib/thumb\libstdc++.a(eh_globals.o)
                0x0000000002006f54                __cxa_get_globals
 .text._ZL28read_encoded_value_with_basehjPKhPj
                0x0000000002006f5c      0x114 c:/devkitpro/devkitarm/bin/../lib/gcc/arm-none-eabi/9.1.0/../../../../arm-none-eabi/lib/thumb\libstdc++.a(eh_personality.o)
 .text._ZL21base_of_encoded_valuehP15_Unwind_Context
                0x0000000002007070       0x4c c:/devkitpro/devkitarm/bin/../lib/gcc/arm-none-eabi/9.1.0/../../../../arm-none-eabi/lib/thumb\libstdc++.a(eh_personality.o)
 .text._ZL17parse_lsda_headerP15_Unwind_ContextPKhP16lsda_header_info
                0x00000000020070bc       0x98 c:/devkitpro/devkitarm/bin/../lib/gcc/arm-none-eabi/9.1.0/../../../../arm-none-eabi/lib/thumb\libstdc++.a(eh_personality.o)
 .text.__gxx_personality_v0
                0x0000000002007154      0x494 c:/devkitpro/devkitarm/bin/../lib/gcc/arm-none-eabi/9.1.0/../../../../arm-none-eabi/lib/thumb\libstdc++.a(eh_personality.o)
                0x0000000002007154                __gxx_personality_v0
 .text._ZN10__cxxabiv111__terminateEPFvvE
                0x00000000020075e8       0x2c c:/devkitpro/devkitarm/bin/../lib/gcc/arm-none-eabi/9.1.0/../../../../arm-none-eabi/lib/thumb\libstdc++.a(eh_terminate.o)
                0x00000000020075e8                __cxxabiv1::__terminate(void (*)())
 .text._ZSt9terminatev
                0x0000000002007614       0x10 c:/devkitpro/devkitarm/bin/../lib/gcc/arm-none-eabi/9.1.0/../../../../arm-none-eabi/lib/thumb\libstdc++.a(eh_terminate.o)
                0x0000000002007614                std::terminate()
 .text._ZN10__cxxabiv112__unexpectedEPFvvE
                0x0000000002007624        0xc c:/devkitpro/devkitarm/bin/../lib/gcc/arm-none-eabi/9.1.0/../../../../arm-none-eabi/lib/thumb\libstdc++.a(eh_terminate.o)
                0x0000000002007624                __cxxabiv1::__unexpected(void (*)())
 .text._ZSt10unexpectedv
                0x0000000002007630       0x10 c:/devkitpro/devkitarm/bin/../lib/gcc/arm-none-eabi/9.1.0/../../../../arm-none-eabi/lib/thumb\libstdc++.a(eh_terminate.o)
                0x0000000002007630                std::unexpected()
 .text._ZSt13get_terminatev
                0x0000000002007640        0xc c:/devkitpro/devkitarm/bin/../lib/gcc/arm-none-eabi/9.1.0/../../../../arm-none-eabi/lib/thumb\libstdc++.a(eh_terminate.o)
                0x0000000002007640                std::get_terminate()
 .text._ZSt14get_unexpectedv
                0x000000000200764c        0xc c:/devkitpro/devkitarm/bin/../lib/gcc/arm-none-eabi/9.1.0/../../../../arm-none-eabi/lib/thumb\libstdc++.a(eh_terminate.o)
                0x000000000200764c                std::get_unexpected()
 .text._ZL23__gxx_exception_cleanup19_Unwind_Reason_CodeP21_Unwind_Control_Block
                0x0000000002007658       0x3c c:/devkitpro/devkitarm/bin/../lib/gcc/arm-none-eabi/9.1.0/../../../../arm-none-eabi/lib/thumb\libstdc++.a(eh_throw.o)
 .text.__cxa_init_primary_exception
                0x0000000002007694       0x50 c:/devkitpro/devkitarm/bin/../lib/gcc/arm-none-eabi/9.1.0/../../../../arm-none-eabi/lib/thumb\libstdc++.a(eh_throw.o)
                0x0000000002007694                __cxa_init_primary_exception
 .text.__cxa_throw
                0x00000000020076e4       0x34 c:/devkitpro/devkitarm/bin/../lib/gcc/arm-none-eabi/9.1.0/../../../../arm-none-eabi/lib/thumb\libstdc++.a(eh_throw.o)
                0x00000000020076e4                __cxa_throw
 .text.__cxa_rethrow
                0x0000000002007718       0x70 c:/devkitpro/devkitarm/bin/../lib/gcc/arm-none-eabi/9.1.0/../../../../arm-none-eabi/lib/thumb\libstdc++.a(eh_throw.o)
                0x0000000002007718                __cxa_rethrow
 .text._ZSt15get_new_handlerv
                0x0000000002007788        0xc c:/devkitpro/devkitarm/bin/../lib/gcc/arm-none-eabi/9.1.0/../../../../arm-none-eabi/lib/thumb\libstdc++.a(new_handler.o)
                0x0000000002007788                std::get_new_handler()
 .text._ZN10__cxxabiv120__si_class_type_infoD2Ev
                0x0000000002007794       0x1c c:/devkitpro/devkitarm/bin/../lib/gcc/arm-none-eabi/9.1.0/../../../../arm-none-eabi/lib/thumb\libstdc++.a(si_class_type_info.o)
                0x0000000002007794                __cxxabiv1::__si_class_type_info::~__si_class_type_info()
                0x0000000002007794                __cxxabiv1::__si_class_type_info::~__si_class_type_info()
 .text._ZN10__cxxabiv120__si_class_type_infoD0Ev
                0x00000000020077b0       0x24 c:/devkitpro/devkitarm/bin/../lib/gcc/arm-none-eabi/9.1.0/../../../../arm-none-eabi/lib/thumb\libstdc++.a(si_class_type_info.o)
                0x00000000020077b0                __cxxabiv1::__si_class_type_info::~__si_class_type_info()
 .text._ZNK10__cxxabiv120__si_class_type_info20__do_find_public_srcEiPKvPKNS_17__class_type_infoES2_
                0x00000000020077d4       0x40 c:/devkitpro/devkitarm/bin/../lib/gcc/arm-none-eabi/9.1.0/../../../../arm-none-eabi/lib/thumb\libstdc++.a(si_class_type_info.o)
                0x00000000020077d4                __cxxabiv1::__si_class_type_info::__do_find_public_src(int, void const*, __cxxabiv1::__class_type_info const*, void const*) const
 .text._ZNK10__cxxabiv120__si_class_type_info12__do_dyncastEiNS_17__class_type_info10__sub_kindEPKS1_PKvS4_S6_RNS1_16__dyncast_resultE
                0x0000000002007814       0xa4 c:/devkitpro/devkitarm/bin/../lib/gcc/arm-none-eabi/9.1.0/../../../../arm-none-eabi/lib/thumb\libstdc++.a(si_class_type_info.o)
                0x0000000002007814                __cxxabiv1::__si_class_type_info::__do_dyncast(int, __cxxabiv1::__class_type_info::__sub_kind, __cxxabiv1::__class_type_info const*, void const*, __cxxabiv1::__class_type_info const*, void const*, __cxxabiv1::__class_type_info::__dyncast_result&) const
 .text._ZNK10__cxxabiv120__si_class_type_info11__do_upcastEPKNS_17__class_type_infoEPKvRNS1_15__upcast_resultE
                0x00000000020078b8       0x2c c:/devkitpro/devkitarm/bin/../lib/gcc/arm-none-eabi/9.1.0/../../../../arm-none-eabi/lib/thumb\libstdc++.a(si_class_type_info.o)
                0x00000000020078b8                __cxxabiv1::__si_class_type_info::__do_upcast(__cxxabiv1::__class_type_info const*, void const*, __cxxabiv1::__class_type_info::__upcast_result&) const
 .text._ZNSt9type_infoD2Ev
                0x00000000020078e4        0x4 c:/devkitpro/devkitarm/bin/../lib/gcc/arm-none-eabi/9.1.0/../../../../arm-none-eabi/lib/thumb\libstdc++.a(tinfo.o)
                0x00000000020078e4                std::type_info::~type_info()
                0x00000000020078e4                std::type_info::~type_info()
 .text._ZNKSt9type_info14__is_pointer_pEv
                0x00000000020078e8        0x4 c:/devkitpro/devkitarm/bin/../lib/gcc/arm-none-eabi/9.1.0/../../../../arm-none-eabi/lib/thumb\libstdc++.a(tinfo.o)
                0x00000000020078e8                std::type_info::__is_pointer_p() const
                0x00000000020078e8                std::type_info::__is_function_p() const
 .text._ZNKSt9type_infoeqERKS_
                0x00000000020078ec       0x30 c:/devkitpro/devkitarm/bin/../lib/gcc/arm-none-eabi/9.1.0/../../../../arm-none-eabi/lib/thumb\libstdc++.a(tinfo.o)
                0x00000000020078ec                std::type_info::operator==(std::type_info const&) const
 .text._ZNKSt11logic_error4whatEv
                0x000000000200791c        0x4 c:/devkitpro/devkitarm/bin/../lib/gcc/arm-none-eabi/9.1.0/../../../../arm-none-eabi/lib/thumb\libstdc++.a(stdexcept.o)
                0x000000000200791c                std::logic_error::what() const
 .text._ZNSt11logic_errorD2Ev
                0x0000000002007920       0x44 c:/devkitpro/devkitarm/bin/../lib/gcc/arm-none-eabi/9.1.0/../../../../arm-none-eabi/lib/thumb\libstdc++.a(stdexcept.o)
                0x0000000002007920                std::logic_error::~logic_error()
                0x0000000002007920                std::logic_error::~logic_error()
 .text._ZNSt11logic_errorD0Ev
                0x0000000002007964       0x18 c:/devkitpro/devkitarm/bin/../lib/gcc/arm-none-eabi/9.1.0/../../../../arm-none-eabi/lib/thumb\libstdc++.a(stdexcept.o)
                0x0000000002007964                std::logic_error::~logic_error()
 .text._ZNSt12length_errorD2Ev
                0x000000000200797c       0x1c c:/devkitpro/devkitarm/bin/../lib/gcc/arm-none-eabi/9.1.0/../../../../arm-none-eabi/lib/thumb\libstdc++.a(stdexcept.o)
                0x000000000200797c                std::length_error::~length_error()
                0x000000000200797c                std::length_error::~length_error()
 .text._ZNSt12length_errorD0Ev
                0x0000000002007998       0x20 c:/devkitpro/devkitarm/bin/../lib/gcc/arm-none-eabi/9.1.0/../../../../arm-none-eabi/lib/thumb\libstdc++.a(stdexcept.o)
                0x0000000002007998                std::length_error::~length_error()
 .text._ZNSt11logic_errorC2EPKc
                0x00000000020079b8       0x28 c:/devkitpro/devkitarm/bin/../lib/gcc/arm-none-eabi/9.1.0/../../../../arm-none-eabi/lib/thumb\libstdc++.a(cow-stdexcept.o)
                0x00000000020079b8                std::logic_error::logic_error(char const*)
                0x00000000020079b8                std::logic_error::logic_error(char const*)
 .text._ZNSt12length_errorC2EPKc
                0x00000000020079e0       0x18 c:/devkitpro/devkitarm/bin/../lib/gcc/arm-none-eabi/9.1.0/../../../../arm-none-eabi/lib/thumb\libstdc++.a(cow-stdexcept.o)
                0x00000000020079e0                std::length_error::length_error(char const*)
                0x00000000020079e0                std::length_error::length_error(char const*)
 .text._ZNSs4_Rep9_S_createEjjRKSaIcE
                0x00000000020079f8       0x64 c:/devkitpro/devkitarm/bin/../lib/gcc/arm-none-eabi/9.1.0/../../../../arm-none-eabi/lib/thumb\libstdc++.a(cow-string-inst.o)
                0x00000000020079f8                std::string::_Rep::_S_create(unsigned int, unsigned int, std::allocator<char> const&)
 .text._ZNSs12_S_constructIPcEES0_T_S1_RKSaIcESt20forward_iterator_tag.part.0
                0x0000000002007a5c       0x4c c:/devkitpro/devkitarm/bin/../lib/gcc/arm-none-eabi/9.1.0/../../../../arm-none-eabi/lib/thumb\libstdc++.a(cow-string-inst.o)
 .text._ZNSs4_Rep10_M_destroyERKSaIcE
                0x0000000002007aa8        0xc c:/devkitpro/devkitarm/bin/../lib/gcc/arm-none-eabi/9.1.0/../../../../arm-none-eabi/lib/thumb\libstdc++.a(cow-string-inst.o)
                0x0000000002007aa8                std::string::_Rep::_M_destroy(std::allocator<char> const&)
 .text._ZNSs12_S_constructIPKcEEPcT_S3_RKSaIcESt20forward_iterator_tag
                0x0000000002007ab4       0x28 c:/devkitpro/devkitarm/bin/../lib/gcc/arm-none-eabi/9.1.0/../../../../arm-none-eabi/lib/thumb\libstdc++.a(cow-string-inst.o)
                0x0000000002007ab4                char* std::string::_S_construct<char const*>(char const*, char const*, std::allocator<char> const&, std::forward_iterator_tag)
 .text._ZNSsC2EPKcRKSaIcE
                0x0000000002007adc       0x30 c:/devkitpro/devkitarm/bin/../lib/gcc/arm-none-eabi/9.1.0/../../../../arm-none-eabi/lib/thumb\libstdc++.a(cow-string-inst.o)
                0x0000000002007adc                std::basic_string<char, std::char_traits<char>, std::allocator<char> >::basic_string(char const*, std::allocator<char> const&)
                0x0000000002007adc                std::basic_string<char, std::char_traits<char>, std::allocator<char> >::basic_string(char const*, std::allocator<char> const&)
 .text._ZNK10__cxxabiv117__class_type_info11__do_upcastEPKS0_PPv
                0x0000000002007b0c       0x40 c:/devkitpro/devkitarm/bin/../lib/gcc/arm-none-eabi/9.1.0/../../../../arm-none-eabi/lib/thumb\libstdc++.a(class_type_info.o)
                0x0000000002007b0c                __cxxabiv1::__class_type_info::__do_upcast(__cxxabiv1::__class_type_info const*, void**) const
 .text._ZNK10__cxxabiv117__class_type_info20__do_find_public_srcEiPKvPKS0_S2_
                0x0000000002007b4c       0x14 c:/devkitpro/devkitarm/bin/../lib/gcc/arm-none-eabi/9.1.0/../../../../arm-none-eabi/lib/thumb\libstdc++.a(class_type_info.o)
                0x0000000002007b4c                __cxxabiv1::__class_type_info::__do_find_public_src(int, void const*, __cxxabiv1::__class_type_info const*, void const*) const
 .text._ZN10__cxxabiv117__class_type_infoD2Ev
                0x0000000002007b60       0x1c c:/devkitpro/devkitarm/bin/../lib/gcc/arm-none-eabi/9.1.0/../../../../arm-none-eabi/lib/thumb\libstdc++.a(class_type_info.o)
                0x0000000002007b60                __cxxabiv1::__class_type_info::~__class_type_info()
                0x0000000002007b60                __cxxabiv1::__class_type_info::~__class_type_info()
 .text._ZN10__cxxabiv117__class_type_infoD0Ev
                0x0000000002007b7c       0x24 c:/devkitpro/devkitarm/bin/../lib/gcc/arm-none-eabi/9.1.0/../../../../arm-none-eabi/lib/thumb\libstdc++.a(class_type_info.o)
                0x0000000002007b7c                __cxxabiv1::__class_type_info::~__class_type_info()
 .text._ZNK10__cxxabiv117__class_type_info12__do_dyncastEiNS0_10__sub_kindEPKS0_PKvS3_S5_RNS0_16__dyncast_resultE
                0x0000000002007ba0       0x44 c:/devkitpro/devkitarm/bin/../lib/gcc/arm-none-eabi/9.1.0/../../../../arm-none-eabi/lib/thumb\libstdc++.a(class_type_info.o)
                0x0000000002007ba0                __cxxabiv1::__class_type_info::__do_dyncast(int, __cxxabiv1::__class_type_info::__sub_kind, __cxxabiv1::__class_type_info const*, void const*, __cxxabiv1::__class_type_info const*, void const*, __cxxabiv1::__class_type_info::__dyncast_result&) const
 .text._ZNK10__cxxabiv117__class_type_info11__do_upcastEPKS0_PKvRNS0_15__upcast_resultE
                0x0000000002007be4       0x20 c:/devkitpro/devkitarm/bin/../lib/gcc/arm-none-eabi/9.1.0/../../../../arm-none-eabi/lib/thumb\libstdc++.a(class_type_info.o)
                0x0000000002007be4                __cxxabiv1::__class_type_info::__do_upcast(__cxxabiv1::__class_type_info const*, void const*, __cxxabiv1::__class_type_info::__upcast_result&) const
 .text._ZNK10__cxxabiv117__class_type_info10__do_catchEPKSt9type_infoPPvj
                0x0000000002007c04       0x2c c:/devkitpro/devkitarm/bin/../lib/gcc/arm-none-eabi/9.1.0/../../../../arm-none-eabi/lib/thumb\libstdc++.a(class_type_info.o)
                0x0000000002007c04                __cxxabiv1::__class_type_info::__do_catch(std::type_info const*, void**, unsigned int) const
 .text._ZN10__cxxabiv1L24__is_gxx_exception_classEPc
                0x0000000002007c30       0x3c c:/devkitpro/devkitarm/bin/../lib/gcc/arm-none-eabi/9.1.0/../../../../arm-none-eabi/lib/thumb\libstdc++.a(eh_call.o)
 .text.__cxa_call_terminate
                0x0000000002007c6c       0x20 c:/devkitpro/devkitarm/bin/../lib/gcc/arm-none-eabi/9.1.0/../../../../arm-none-eabi/lib/thumb\libstdc++.a(eh_call.o)
                0x0000000002007c6c                __cxa_call_terminate
 .text.unlikely.__cxa_call_unexpected
                0x0000000002007c8c      0x104 c:/devkitpro/devkitarm/bin/../lib/gcc/arm-none-eabi/9.1.0/../../../../arm-none-eabi/lib/thumb\libstdc++.a(eh_call.o)
                0x0000000002007c8c                __cxa_call_unexpected
 .text.__cxa_begin_catch
                0x0000000002007d90       0x78 c:/devkitpro/devkitarm/bin/../lib/gcc/arm-none-eabi/9.1.0/../../../../arm-none-eabi/lib/thumb\libstdc++.a(eh_catch.o)
                0x0000000002007d90                __cxa_begin_catch
 .text.__cxa_end_catch
                0x0000000002007e08       0x94 c:/devkitpro/devkitarm/bin/../lib/gcc/arm-none-eabi/9.1.0/../../../../arm-none-eabi/lib/thumb\libstdc++.a(eh_catch.o)
                0x0000000002007e08                __cxa_end_catch
 .text.__muldi3
                0x0000000002007e9c       0x54 c:/devkitpro/devkitarm/bin/../lib/gcc/arm-none-eabi/9.1.0/thumb\libgcc.a(_muldi3.o)
                0x0000000002007e9c                __muldi3
                0x0000000002007e9c                __aeabi_lmul
 .text.selfrel_offset31
                0x0000000002007ef0       0x18 c:/devkitpro/devkitarm/bin/../lib/gcc/arm-none-eabi/9.1.0/thumb\libgcc.a(unwind-arm.o)
 .text.search_EIT_table
                0x0000000002007f08       0x74 c:/devkitpro/devkitarm/bin/../lib/gcc/arm-none-eabi/9.1.0/thumb\libgcc.a(unwind-arm.o)
 .text.__gnu_unwind_get_pr_addr
                0x0000000002007f7c       0x2c c:/devkitpro/devkitarm/bin/../lib/gcc/arm-none-eabi/9.1.0/thumb\libgcc.a(unwind-arm.o)
 .text.get_eit_entry
                0x0000000002007fa8       0xa0 c:/devkitpro/devkitarm/bin/../lib/gcc/arm-none-eabi/9.1.0/thumb\libgcc.a(unwind-arm.o)
 .text.restore_non_core_regs
                0x0000000002008048       0x5c c:/devkitpro/devkitarm/bin/../lib/gcc/arm-none-eabi/9.1.0/thumb\libgcc.a(unwind-arm.o)
 .text._Unwind_decode_typeinfo_ptr.isra.0
                0x00000000020080a4        0xc c:/devkitpro/devkitarm/bin/../lib/gcc/arm-none-eabi/9.1.0/thumb\libgcc.a(unwind-arm.o)
 .text._Unwind_DebugHook
                0x00000000020080b0        0x4 c:/devkitpro/devkitarm/bin/../lib/gcc/arm-none-eabi/9.1.0/thumb\libgcc.a(unwind-arm.o)
 .text.unwind_phase2
                0x00000000020080b4       0x40 c:/devkitpro/devkitarm/bin/../lib/gcc/arm-none-eabi/9.1.0/thumb\libgcc.a(unwind-arm.o)
 .text.unwind_phase2_forced
                0x00000000020080f4       0xe0 c:/devkitpro/devkitarm/bin/../lib/gcc/arm-none-eabi/9.1.0/thumb\libgcc.a(unwind-arm.o)
 .text.__gnu_Unwind_RaiseException
                0x00000000020081d4       0x5c c:/devkitpro/devkitarm/bin/../lib/gcc/arm-none-eabi/9.1.0/thumb\libgcc.a(unwind-arm.o)
                0x00000000020081d4                __gnu_Unwind_RaiseException
 .text.__gnu_Unwind_ForcedUnwind
                0x0000000002008230       0x18 c:/devkitpro/devkitarm/bin/../lib/gcc/arm-none-eabi/9.1.0/thumb\libgcc.a(unwind-arm.o)
                0x0000000002008230                __gnu_Unwind_ForcedUnwind
 .text.__gnu_Unwind_Resume
                0x0000000002008248       0x4c c:/devkitpro/devkitarm/bin/../lib/gcc/arm-none-eabi/9.1.0/thumb\libgcc.a(unwind-arm.o)
                0x0000000002008248                __gnu_Unwind_Resume
 .text.__gnu_Unwind_Resume_or_Rethrow
                0x0000000002008294       0x20 c:/devkitpro/devkitarm/bin/../lib/gcc/arm-none-eabi/9.1.0/thumb\libgcc.a(unwind-arm.o)
                0x0000000002008294                __gnu_Unwind_Resume_or_Rethrow
 .text._Unwind_Complete
                0x00000000020082b4        0x4 c:/devkitpro/devkitarm/bin/../lib/gcc/arm-none-eabi/9.1.0/thumb\libgcc.a(unwind-arm.o)
                0x00000000020082b4                _Unwind_Complete
 .text._Unwind_DeleteException
                0x00000000020082b8       0x18 c:/devkitpro/devkitarm/bin/../lib/gcc/arm-none-eabi/9.1.0/thumb\libgcc.a(unwind-arm.o)
                0x00000000020082b8                _Unwind_DeleteException
 .text._Unwind_VRS_Get
                0x00000000020082d0       0x38 c:/devkitpro/devkitarm/bin/../lib/gcc/arm-none-eabi/9.1.0/thumb\libgcc.a(unwind-arm.o)
                0x00000000020082d0                _Unwind_VRS_Get
 .text._Unwind_GetGR
                0x0000000002008308       0x1c c:/devkitpro/devkitarm/bin/../lib/gcc/arm-none-eabi/9.1.0/thumb\libgcc.a(unwind-arm.o)
 .text._Unwind_VRS_Set
                0x0000000002008324       0x38 c:/devkitpro/devkitarm/bin/../lib/gcc/arm-none-eabi/9.1.0/thumb\libgcc.a(unwind-arm.o)
                0x0000000002008324                _Unwind_VRS_Set
 .text._Unwind_SetGR
                0x000000000200835c       0x1c c:/devkitpro/devkitarm/bin/../lib/gcc/arm-none-eabi/9.1.0/thumb\libgcc.a(unwind-arm.o)
 .text.__gnu_Unwind_Backtrace
                0x0000000002008378       0x80 c:/devkitpro/devkitarm/bin/../lib/gcc/arm-none-eabi/9.1.0/thumb\libgcc.a(unwind-arm.o)
                0x0000000002008378                __gnu_Unwind_Backtrace
 .text.__gnu_unwind_pr_common
                0x00000000020083f8      0x2d8 c:/devkitpro/devkitarm/bin/../lib/gcc/arm-none-eabi/9.1.0/thumb\libgcc.a(unwind-arm.o)
 .text.__aeabi_unwind_cpp_pr0
                0x00000000020086d0       0x10 c:/devkitpro/devkitarm/bin/../lib/gcc/arm-none-eabi/9.1.0/thumb\libgcc.a(unwind-arm.o)
                0x00000000020086d0                __aeabi_unwind_cpp_pr0
 .text.__aeabi_unwind_cpp_pr1
                0x00000000020086e0       0x10 c:/devkitpro/devkitarm/bin/../lib/gcc/arm-none-eabi/9.1.0/thumb\libgcc.a(unwind-arm.o)
                0x00000000020086e0                __aeabi_unwind_cpp_pr1
 .text.__aeabi_unwind_cpp_pr2
                0x00000000020086f0       0x10 c:/devkitpro/devkitarm/bin/../lib/gcc/arm-none-eabi/9.1.0/thumb\libgcc.a(unwind-arm.o)
                0x00000000020086f0                __aeabi_unwind_cpp_pr2
 .text._Unwind_VRS_Pop
                0x0000000002008700      0x2bc c:/devkitpro/devkitarm/bin/../lib/gcc/arm-none-eabi/9.1.0/thumb\libgcc.a(unwind-arm.o)
                0x0000000002008700                _Unwind_VRS_Pop
 .text.next_unwind_byte
                0x00000000020089bc       0x34 c:/devkitpro/devkitarm/bin/../lib/gcc/arm-none-eabi/9.1.0/thumb\libgcc.a(pr-support.o)
 .text._Unwind_GetGR.constprop.0
                0x00000000020089f0       0x1c c:/devkitpro/devkitarm/bin/../lib/gcc/arm-none-eabi/9.1.0/thumb\libgcc.a(pr-support.o)
 .text.unwind_UCB_from_context
                0x0000000002008a0c        0xc c:/devkitpro/devkitarm/bin/../lib/gcc/arm-none-eabi/9.1.0/thumb\libgcc.a(pr-support.o)
 .text.__gnu_unwind_execute
                0x0000000002008a18      0x2f0 c:/devkitpro/devkitarm/bin/../lib/gcc/arm-none-eabi/9.1.0/thumb\libgcc.a(pr-support.o)
                0x0000000002008a18                __gnu_unwind_execute
 .text.__gnu_unwind_frame
                0x0000000002008d08       0x2c c:/devkitpro/devkitarm/bin/../lib/gcc/arm-none-eabi/9.1.0/thumb\libgcc.a(pr-support.o)
                0x0000000002008d08                __gnu_unwind_frame
 .text._Unwind_GetRegionStart
                0x0000000002008d34       0x10 c:/devkitpro/devkitarm/bin/../lib/gcc/arm-none-eabi/9.1.0/thumb\libgcc.a(pr-support.o)
                0x0000000002008d34                _Unwind_GetRegionStart
 .text._Unwind_GetLanguageSpecificData
                0x0000000002008d44       0x18 c:/devkitpro/devkitarm/bin/../lib/gcc/arm-none-eabi/9.1.0/thumb\libgcc.a(pr-support.o)
                0x0000000002008d44                _Unwind_GetLanguageSpecificData
 .text.unlikely._Unwind_GetDataRelBase
                0x0000000002008d5c        0x6 c:/devkitpro/devkitarm/bin/../lib/gcc/arm-none-eabi/9.1.0/thumb\libgcc.a(pr-support.o)
                0x0000000002008d5c                _Unwind_GetDataRelBase
 .text.unlikely._Unwind_GetTextRelBase
                0x0000000002008d62        0x6 c:/devkitpro/devkitarm/bin/../lib/gcc/arm-none-eabi/9.1.0/thumb\libgcc.a(pr-support.o)
                0x0000000002008d62                _Unwind_GetTextRelBase
 .text.abort    0x0000000002008d68       0x10 c:/devkitpro/devkitarm/bin/../lib/gcc/arm-none-eabi/9.1.0/../../../../arm-none-eabi/lib/thumb\libg.a(lib_a-abort.o)
                0x0000000002008d68                abort
 .text.calloc   0x0000000002008d78       0x18 c:/devkitpro/devkitarm/bin/../lib/gcc/arm-none-eabi/9.1.0/../../../../arm-none-eabi/lib/thumb\libg.a(lib_a-calloc.o)
                0x0000000002008d78                calloc
 .text._calloc_r
                0x0000000002008d90       0x60 c:/devkitpro/devkitarm/bin/../lib/gcc/arm-none-eabi/9.1.0/../../../../arm-none-eabi/lib/thumb\libg.a(lib_a-callocr.o)
                0x0000000002008d90                _calloc_r
 .text.__libc_init_array
                0x0000000002008df0       0x50 c:/devkitpro/devkitarm/bin/../lib/gcc/arm-none-eabi/9.1.0/../../../../arm-none-eabi/lib/thumb\libg.a(lib_a-init.o)
                0x0000000002008df0                __libc_init_array
 .text.__swhatbuf_r
                0x0000000002008e40       0x64 c:/devkitpro/devkitarm/bin/../lib/gcc/arm-none-eabi/9.1.0/../../../../arm-none-eabi/lib/thumb\libg.a(lib_a-makebuf.o)
                0x0000000002008e40                __swhatbuf_r
 .text.__smakebuf_r
                0x0000000002008ea4       0x98 c:/devkitpro/devkitarm/bin/../lib/gcc/arm-none-eabi/9.1.0/../../../../arm-none-eabi/lib/thumb\libg.a(lib_a-makebuf.o)
                0x0000000002008ea4                __smakebuf_r
 .text.malloc   0x0000000002008f3c       0x14 c:/devkitpro/devkitarm/bin/../lib/gcc/arm-none-eabi/9.1.0/../../../../arm-none-eabi/lib/thumb\libg.a(lib_a-malloc.o)
                0x0000000002008f3c                malloc
 .text.free     0x0000000002008f50       0x14 c:/devkitpro/devkitarm/bin/../lib/gcc/arm-none-eabi/9.1.0/../../../../arm-none-eabi/lib/thumb\libg.a(lib_a-malloc.o)
                0x0000000002008f50                free
 .text._malloc_r
                0x0000000002008f64      0x59c c:/devkitpro/devkitarm/bin/../lib/gcc/arm-none-eabi/9.1.0/../../../../arm-none-eabi/lib/thumb\libg.a(lib_a-mallocr.o)
                0x0000000002008f64                _malloc_r
 .text.memchr   0x0000000002009500       0x78 c:/devkitpro/devkitarm/bin/../lib/gcc/arm-none-eabi/9.1.0/../../../../arm-none-eabi/lib/thumb\libg.a(lib_a-memchr-stub.o)
                0x0000000002009500                memchr
 .text.memcpy   0x0000000002009578       0xa8 c:/devkitpro/devkitarm/bin/../lib/gcc/arm-none-eabi/9.1.0/../../../../arm-none-eabi/lib/thumb\libg.a(lib_a-memcpy-stub.o)
                0x0000000002009578                memcpy
 .text.memmove  0x0000000002009620       0xb0 c:/devkitpro/devkitarm/bin/../lib/gcc/arm-none-eabi/9.1.0/../../../../arm-none-eabi/lib/thumb\libg.a(lib_a-memmove.o)
                0x0000000002009620                memmove
 .text.memset   0x00000000020096d0       0xb0 c:/devkitpro/devkitarm/bin/../lib/gcc/arm-none-eabi/9.1.0/../../../../arm-none-eabi/lib/thumb\libg.a(lib_a-memset.o)
                0x00000000020096d0                memset
 .text.__malloc_lock
                0x0000000002009780       0x14 c:/devkitpro/devkitarm/bin/../lib/gcc/arm-none-eabi/9.1.0/../../../../arm-none-eabi/lib/thumb\libg.a(lib_a-mlock.o)
                0x0000000002009780                __malloc_lock
 .text.__malloc_unlock
                0x0000000002009794       0x14 c:/devkitpro/devkitarm/bin/../lib/gcc/arm-none-eabi/9.1.0/../../../../arm-none-eabi/lib/thumb\libg.a(lib_a-mlock.o)
                0x0000000002009794                __malloc_unlock
 .text._puts_r  0x00000000020097a8       0x84 c:/devkitpro/devkitarm/bin/../lib/gcc/arm-none-eabi/9.1.0/../../../../arm-none-eabi/lib/thumb\libg.a(lib_a-puts.o)
                0x00000000020097a8                _puts_r
 .text.puts     0x000000000200982c       0x14 c:/devkitpro/devkitarm/bin/../lib/gcc/arm-none-eabi/9.1.0/../../../../arm-none-eabi/lib/thumb\libg.a(lib_a-puts.o)
                0x000000000200982c                puts
 .text.realloc  0x0000000002009840       0x18 c:/devkitpro/devkitarm/bin/../lib/gcc/arm-none-eabi/9.1.0/../../../../arm-none-eabi/lib/thumb\libg.a(lib_a-realloc.o)
                0x0000000002009840                realloc
 .text._realloc_r
                0x0000000002009858      0x38c c:/devkitpro/devkitarm/bin/../lib/gcc/arm-none-eabi/9.1.0/../../../../arm-none-eabi/lib/thumb\libg.a(lib_a-reallocr.o)
                0x0000000002009858                _realloc_r
 .text.setvbuf  0x0000000002009be4      0x1ac c:/devkitpro/devkitarm/bin/../lib/gcc/arm-none-eabi/9.1.0/../../../../arm-none-eabi/lib/thumb\libg.a(lib_a-setvbuf.o)
                0x0000000002009be4                setvbuf
 .text._raise_r
                0x0000000002009d90       0x64 c:/devkitpro/devkitarm/bin/../lib/gcc/arm-none-eabi/9.1.0/../../../../arm-none-eabi/lib/thumb\libg.a(lib_a-signal.o)
                0x0000000002009d90                _raise_r
 .text.raise    0x0000000002009df4       0x14 c:/devkitpro/devkitarm/bin/../lib/gcc/arm-none-eabi/9.1.0/../../../../arm-none-eabi/lib/thumb\libg.a(lib_a-signal.o)
                0x0000000002009df4                raise
 .text.siscanf  0x0000000002009e08       0x4c c:/devkitpro/devkitarm/bin/../lib/gcc/arm-none-eabi/9.1.0/../../../../arm-none-eabi/lib/thumb\libg.a(lib_a-siscanf.o)
                0x0000000002009e08                siscanf
 .text.__sread  0x0000000002009e54       0x34 c:/devkitpro/devkitarm/bin/../lib/gcc/arm-none-eabi/9.1.0/../../../../arm-none-eabi/lib/thumb\libg.a(lib_a-stdio.o)
                0x0000000002009e54                __sread
 .text.__seofread
                0x0000000002009e88        0x4 c:/devkitpro/devkitarm/bin/../lib/gcc/arm-none-eabi/9.1.0/../../../../arm-none-eabi/lib/thumb\libg.a(lib_a-stdio.o)
                0x0000000002009e88                __seofread
 .text.__swrite
                0x0000000002009e8c       0x54 c:/devkitpro/devkitarm/bin/../lib/gcc/arm-none-eabi/9.1.0/../../../../arm-none-eabi/lib/thumb\libg.a(lib_a-stdio.o)
                0x0000000002009e8c                __swrite
 .text.__sseek  0x0000000002009ee0       0x40 c:/devkitpro/devkitarm/bin/../lib/gcc/arm-none-eabi/9.1.0/../../../../arm-none-eabi/lib/thumb\libg.a(lib_a-stdio.o)
                0x0000000002009ee0                __sseek
 .text.__sclose
                0x0000000002009f20       0x10 c:/devkitpro/devkitarm/bin/../lib/gcc/arm-none-eabi/9.1.0/../../../../arm-none-eabi/lib/thumb\libg.a(lib_a-stdio.o)
                0x0000000002009f20                __sclose
 .text.strlen   0x0000000002009f30       0x60 c:/devkitpro/devkitarm/bin/../lib/gcc/arm-none-eabi/9.1.0/../../../../arm-none-eabi/lib/thumb\libg.a(lib_a-strlen-stub.o)
                0x0000000002009f30                strlen
 .text._strtoul_l.isra.0
                0x0000000002009f90      0x148 c:/devkitpro/devkitarm/bin/../lib/gcc/arm-none-eabi/9.1.0/../../../../arm-none-eabi/lib/thumb\libg.a(lib_a-strtoul.o)
 .text._strtoul_r
                0x000000000200a0d8        0xc c:/devkitpro/devkitarm/bin/../lib/gcc/arm-none-eabi/9.1.0/../../../../arm-none-eabi/lib/thumb\libg.a(lib_a-strtoul.o)
                0x000000000200a0d8                _strtoul_r
 .text.get_arg  0x000000000200a0e4       0x32 c:/devkitpro/devkitarm/bin/../lib/gcc/arm-none-eabi/9.1.0/../../../../arm-none-eabi/lib/thumb\libg.a(lib_a-svfiscanf.o)
 .text._sungetc_r
                0x000000000200a116       0x7e c:/devkitpro/devkitarm/bin/../lib/gcc/arm-none-eabi/9.1.0/../../../../arm-none-eabi/lib/thumb\libg.a(lib_a-svfiscanf.o)
                0x000000000200a116                _sungetc_r
 .text.__ssrefill_r
                0x000000000200a194       0x42 c:/devkitpro/devkitarm/bin/../lib/gcc/arm-none-eabi/9.1.0/../../../../arm-none-eabi/lib/thumb\libg.a(lib_a-svfiscanf.o)
                0x000000000200a194                __ssrefill_r
 .text._sfread_r
                0x000000000200a1d6       0x8a c:/devkitpro/devkitarm/bin/../lib/gcc/arm-none-eabi/9.1.0/../../../../arm-none-eabi/lib/thumb\libg.a(lib_a-svfiscanf.o)
                0x000000000200a1d6                _sfread_r
 .text.__ssvfiscanf_r
                0x000000000200a260     0x1b54 c:/devkitpro/devkitarm/bin/../lib/gcc/arm-none-eabi/9.1.0/../../../../arm-none-eabi/lib/thumb\libg.a(lib_a-svfiscanf.o)
                0x000000000200a260                __ssvfiscanf_r
 .text.__submore
                0x000000000200bdb4       0x88 c:/devkitpro/devkitarm/bin/../lib/gcc/arm-none-eabi/9.1.0/../../../../arm-none-eabi/lib/thumb\libg.a(lib_a-ungetc.o)
                0x000000000200bdb4                __submore
 .text.__swsetup_r
                0x000000000200be3c       0xd8 c:/devkitpro/devkitarm/bin/../lib/gcc/arm-none-eabi/9.1.0/../../../../arm-none-eabi/lib/thumb\libg.a(lib_a-wsetup.o)
                0x000000000200be3c                __swsetup_r
 .text.__sflush_r
                0x000000000200bf14      0x1c0 c:/devkitpro/devkitarm/bin/../lib/gcc/arm-none-eabi/9.1.0/../../../../arm-none-eabi/lib/thumb\libg.a(lib_a-fflush.o)
                0x000000000200bf14                __sflush_r
 .text._fflush_r
                0x000000000200c0d4       0x70 c:/devkitpro/devkitarm/bin/../lib/gcc/arm-none-eabi/9.1.0/../../../../arm-none-eabi/lib/thumb\libg.a(lib_a-fflush.o)
                0x000000000200c0d4                _fflush_r
 .text.std      0x000000000200c144       0x54 c:/devkitpro/devkitarm/bin/../lib/gcc/arm-none-eabi/9.1.0/../../../../arm-none-eabi/lib/thumb\libg.a(lib_a-findfp.o)
 .text._cleanup_r
                0x000000000200c198       0x14 c:/devkitpro/devkitarm/bin/../lib/gcc/arm-none-eabi/9.1.0/../../../../arm-none-eabi/lib/thumb\libg.a(lib_a-findfp.o)
                0x000000000200c198                _cleanup_r
 .text.__sinit  0x000000000200c1ac       0x64 c:/devkitpro/devkitarm/bin/../lib/gcc/arm-none-eabi/9.1.0/../../../../arm-none-eabi/lib/thumb\libg.a(lib_a-findfp.o)
                0x000000000200c1ac                __sinit
 .text.__sfp_lock_acquire
                0x000000000200c210       0x14 c:/devkitpro/devkitarm/bin/../lib/gcc/arm-none-eabi/9.1.0/../../../../arm-none-eabi/lib/thumb\libg.a(lib_a-findfp.o)
                0x000000000200c210                __sfp_lock_acquire
 .text.__sfp_lock_release
                0x000000000200c224       0x14 c:/devkitpro/devkitarm/bin/../lib/gcc/arm-none-eabi/9.1.0/../../../../arm-none-eabi/lib/thumb\libg.a(lib_a-findfp.o)
                0x000000000200c224                __sfp_lock_release
 .text._malloc_trim_r
                0x000000000200c238       0xa0 c:/devkitpro/devkitarm/bin/../lib/gcc/arm-none-eabi/9.1.0/../../../../arm-none-eabi/lib/thumb\libg.a(lib_a-freer.o)
                0x000000000200c238                _malloc_trim_r
 .text._free_r  0x000000000200c2d8      0x1e0 c:/devkitpro/devkitarm/bin/../lib/gcc/arm-none-eabi/9.1.0/../../../../arm-none-eabi/lib/thumb\libg.a(lib_a-freer.o)
                0x000000000200c2d8                _free_r
 .text.__sfvwrite_r
                0x000000000200c4b8      0x348 c:/devkitpro/devkitarm/bin/../lib/gcc/arm-none-eabi/9.1.0/../../../../arm-none-eabi/lib/thumb\libg.a(lib_a-fvwrite.o)
                0x000000000200c4b8                __sfvwrite_r
 .text._fwalk_reent
                0x000000000200c800       0x50 c:/devkitpro/devkitarm/bin/../lib/gcc/arm-none-eabi/9.1.0/../../../../arm-none-eabi/lib/thumb\libg.a(lib_a-fwalk.o)
                0x000000000200c800                _fwalk_reent
 .text.iswspace
                0x000000000200c850       0x10 c:/devkitpro/devkitarm/bin/../lib/gcc/arm-none-eabi/9.1.0/../../../../arm-none-eabi/lib/thumb\libg.a(lib_a-iswspace.o)
                0x000000000200c850                iswspace
 .text.__locale_mb_cur_max
                0x000000000200c860       0x10 c:/devkitpro/devkitarm/bin/../lib/gcc/arm-none-eabi/9.1.0/../../../../arm-none-eabi/lib/thumb\libg.a(lib_a-locale.o)
                0x000000000200c860                __locale_mb_cur_max
 .text._mbrtowc_r
                0x000000000200c870       0x60 c:/devkitpro/devkitarm/bin/../lib/gcc/arm-none-eabi/9.1.0/../../../../arm-none-eabi/lib/thumb\libg.a(lib_a-mbrtowc.o)
                0x000000000200c870                _mbrtowc_r
 .text.__utf8_mbtowc
                0x000000000200c8d0      0x280 c:/devkitpro/devkitarm/bin/../lib/gcc/arm-none-eabi/9.1.0/../../../../arm-none-eabi/lib/thumb\libg.a(lib_a-mbtowc_r.o)
                0x000000000200c8d0                __utf8_mbtowc
 .text.__sccl   0x000000000200cb50       0x90 c:/devkitpro/devkitarm/bin/../lib/gcc/arm-none-eabi/9.1.0/../../../../arm-none-eabi/lib/thumb\libg.a(lib_a-sccl.o)
                0x000000000200cb50                __sccl
 .text._strtoll_l.isra.0
                0x000000000200cbe0      0x1ac c:/devkitpro/devkitarm/bin/../lib/gcc/arm-none-eabi/9.1.0/../../../../arm-none-eabi/lib/thumb\libg.a(lib_a-strtoll.o)
 .text._strtoll_r
                0x000000000200cd8c        0xc c:/devkitpro/devkitarm/bin/../lib/gcc/arm-none-eabi/9.1.0/../../../../arm-none-eabi/lib/thumb\libg.a(lib_a-strtoll.o)
                0x000000000200cd8c                _strtoll_r
 .text._strtol_l.isra.0
                0x000000000200cd98      0x140 c:/devkitpro/devkitarm/bin/../lib/gcc/arm-none-eabi/9.1.0/../../../../arm-none-eabi/lib/thumb\libg.a(lib_a-strtol.o)
 .text._strtol_r
                0x000000000200ced8        0xc c:/devkitpro/devkitarm/bin/../lib/gcc/arm-none-eabi/9.1.0/../../../../arm-none-eabi/lib/thumb\libg.a(lib_a-strtol.o)
                0x000000000200ced8                _strtol_r
 .text._strtoull_l.isra.0
                0x000000000200cee4      0x1c8 c:/devkitpro/devkitarm/bin/../lib/gcc/arm-none-eabi/9.1.0/../../../../arm-none-eabi/lib/thumb\libg.a(lib_a-strtoull.o)
 .text._strtoull_r
                0x000000000200d0ac        0xc c:/devkitpro/devkitarm/bin/../lib/gcc/arm-none-eabi/9.1.0/../../../../arm-none-eabi/lib/thumb\libg.a(lib_a-strtoull.o)
                0x000000000200d0ac                _strtoull_r
 .text.__utf8_wctomb
                0x000000000200d0b8       0xb4 c:/devkitpro/devkitarm/bin/../lib/gcc/arm-none-eabi/9.1.0/../../../../arm-none-eabi/lib/thumb\libg.a(lib_a-wctomb_r.o)
                0x000000000200d0b8                __utf8_wctomb
 .text._fclose_r
                0x000000000200d16c       0xe8 c:/devkitpro/devkitarm/bin/../lib/gcc/arm-none-eabi/9.1.0/../../../../arm-none-eabi/lib/thumb\libg.a(lib_a-fclose.o)
                0x000000000200d16c                _fclose_r
 .text.iswspace_l
                0x000000000200d254       0x2c c:/devkitpro/devkitarm/bin/../lib/gcc/arm-none-eabi/9.1.0/../../../../arm-none-eabi/lib/thumb\libg.a(lib_a-iswspace_l.o)
                0x000000000200d254                iswspace_l
 .text.__jp2uc  0x000000000200d280      0x164 c:/devkitpro/devkitarm/bin/../lib/gcc/arm-none-eabi/9.1.0/../../../../arm-none-eabi/lib/thumb\libg.a(lib_a-jp2uc.o)
 .text._jp2uc_l
                0x000000000200d3e4       0x6c c:/devkitpro/devkitarm/bin/../lib/gcc/arm-none-eabi/9.1.0/../../../../arm-none-eabi/lib/thumb\libg.a(lib_a-jp2uc.o)
                0x000000000200d3e4                _jp2uc_l
 .text.category
                0x000000000200d450       0x58 c:/devkitpro/devkitarm/bin/../lib/gcc/arm-none-eabi/9.1.0/../../../../arm-none-eabi/lib/thumb\libg.a(lib_a-categories.o)
                0x000000000200d450                category
 .text.null_write
                0x000000000200d4a8        0x4 c:/devkitpro/devkitarm/bin/../lib/gcc/arm-none-eabi/9.1.0/../../../../arm-none-eabi/lib/thumb\libsysbase.a(iosupport.o)
 .text._fstat_r
                0x000000000200d4ac       0x4c c:/devkitpro/devkitarm/bin/../lib/gcc/arm-none-eabi/9.1.0/../../../../arm-none-eabi/lib/thumb\libsysbase.a(fstat.o)
                0x000000000200d4ac                _fstat_r
 .text._getpid_r
                0x000000000200d4f8        0xc c:/devkitpro/devkitarm/bin/../lib/gcc/arm-none-eabi/9.1.0/../../../../arm-none-eabi/lib/thumb\libsysbase.a(getpid.o)
                0x000000000200d4f8                _getpid_r
 .text._isatty_r
                0x000000000200d504        0x4 c:/devkitpro/devkitarm/bin/../lib/gcc/arm-none-eabi/9.1.0/../../../../arm-none-eabi/lib/thumb\libsysbase.a(isatty.o)
                0x000000000200d504                _isatty_r
 .text._kill_r  0x000000000200d508        0xc c:/devkitpro/devkitarm/bin/../lib/gcc/arm-none-eabi/9.1.0/../../../../arm-none-eabi/lib/thumb\libsysbase.a(kill.o)
                0x000000000200d508                _kill_r
 .text._lseek_r
                0x000000000200d514       0x5c c:/devkitpro/devkitarm/bin/../lib/gcc/arm-none-eabi/9.1.0/../../../../arm-none-eabi/lib/thumb\libsysbase.a(lseek.o)
                0x000000000200d514                _lseek_r
 .text._read_r  0x000000000200d570       0x50 c:/devkitpro/devkitarm/bin/../lib/gcc/arm-none-eabi/9.1.0/../../../../arm-none-eabi/lib/thumb\libsysbase.a(read.o)
                0x000000000200d570                _read_r
 .text._sbrk_r  0x000000000200d5c0       0x54 c:/devkitpro/devkitarm/bin/../lib/gcc/arm-none-eabi/9.1.0/../../../../arm-none-eabi/lib/thumb\libsysbase.a(sbrk.o)
                0x000000000200d5c0                _sbrk_r
 .text._write_r
                0x000000000200d614       0x50 c:/devkitpro/devkitarm/bin/../lib/gcc/arm-none-eabi/9.1.0/../../../../arm-none-eabi/lib/thumb\libsysbase.a(write.o)
                0x000000000200d614                _write_r
 .text._exit    0x000000000200d664       0x18 c:/devkitpro/devkitarm/bin/../lib/gcc/arm-none-eabi/9.1.0/../../../../arm-none-eabi/lib/thumb\libsysbase.a(_exit.o)
                0x000000000200d664                _exit
 .text.build_argv
                0x000000000200d67c       0x4c c:/devkitpro/devkitarm/bin/../lib/gcc/arm-none-eabi/9.1.0/../../../../arm-none-eabi/lib/thumb\libsysbase.a(build_argv.o)
                0x000000000200d67c                build_argv
 .text.__flockfile
                0x000000000200d6c8       0x10 c:/devkitpro/devkitarm/bin/../lib/gcc/arm-none-eabi/9.1.0/../../../../arm-none-eabi/lib/thumb\libsysbase.a(flock.o)
                0x000000000200d6c8                __flockfile
 .text.__funlockfile
                0x000000000200d6d8       0x10 c:/devkitpro/devkitarm/bin/../lib/gcc/arm-none-eabi/9.1.0/../../../../arm-none-eabi/lib/thumb\libsysbase.a(flock.o)
                0x000000000200d6d8                __funlockfile
 .text.__libc_lock_acquire
                0x000000000200d6e8       0x1c c:/devkitpro/devkitarm/bin/../lib/gcc/arm-none-eabi/9.1.0/../../../../arm-none-eabi/lib/thumb\libsysbase.a(syscall_support.o)
                0x000000000200d6e8                __libc_lock_acquire
 .text.__libc_lock_release
                0x000000000200d704       0x1c c:/devkitpro/devkitarm/bin/../lib/gcc/arm-none-eabi/9.1.0/../../../../arm-none-eabi/lib/thumb\libsysbase.a(syscall_support.o)
                0x000000000200d704                __libc_lock_release
 .text.__libc_lock_init_recursive
                0x000000000200d720       0x1c c:/devkitpro/devkitarm/bin/../lib/gcc/arm-none-eabi/9.1.0/../../../../arm-none-eabi/lib/thumb\libsysbase.a(syscall_support.o)
                0x000000000200d720                __libc_lock_init_recursive
 .text.__libc_lock_acquire_recursive
                0x000000000200d73c       0x1c c:/devkitpro/devkitarm/bin/../lib/gcc/arm-none-eabi/9.1.0/../../../../arm-none-eabi/lib/thumb\libsysbase.a(syscall_support.o)
                0x000000000200d73c                __libc_lock_acquire_recursive
 .text.__libc_lock_release_recursive
                0x000000000200d758       0x1c c:/devkitpro/devkitarm/bin/../lib/gcc/arm-none-eabi/9.1.0/../../../../arm-none-eabi/lib/thumb\libsysbase.a(syscall_support.o)
                0x000000000200d758                __libc_lock_release_recursive
 .text.__libc_lock_close_recursive
                0x000000000200d774       0x1c c:/devkitpro/devkitarm/bin/../lib/gcc/arm-none-eabi/9.1.0/../../../../arm-none-eabi/lib/thumb\libsysbase.a(syscall_support.o)
                0x000000000200d774                __libc_lock_close_recursive
 .text.__get_handle
                0x000000000200d790       0x34 c:/devkitpro/devkitarm/bin/../lib/gcc/arm-none-eabi/9.1.0/../../../../arm-none-eabi/lib/thumb\libsysbase.a(handle_manager.o)
                0x000000000200d790                __get_handle
 .text._close_r
                0x000000000200d7c4       0xb8 c:/devkitpro/devkitarm/bin/../lib/gcc/arm-none-eabi/9.1.0/../../../../arm-none-eabi/lib/thumb\libsysbase.a(handle_manager.o)
                0x000000000200d7c4                _close_r
 .text.__getreent
                0x000000000200d87c       0x28 c:/devkitpro/devkitarm/bin/../lib/gcc/arm-none-eabi/9.1.0/../../../../arm-none-eabi/lib/thumb\libsysbase.a(getreent.o)
                0x000000000200d87c                __getreent
 .text.__udivmoddi4
                0x000000000200d8a4      0x19c c:/devkitpro/devkitarm/bin/../lib/gcc/arm-none-eabi/9.1.0/thumb\libgcc.a(_udivmoddi4.o)
                0x000000000200d8a4                __udivmoddi4
 .text.__udivmoddi4.__stub
                0x000000000200da40      0x158 linker stubs
 *(EXCLUDE_FILE(*.twl*) .gnu.warning)
 *(EXCLUDE_FILE(*.twl*) .gnu.linkonce.t*)
 *(.glue_7)
 .glue_7        0x000000000200dba8        0x0 linker stubs
 *(.glue_7t)
 .glue_7t       0x000000000200dba8        0x0 linker stubs
                0x000000000200dba8                . = ALIGN (0x4)

.vfp11_veneer   0x000000000200dba8        0x0
 .vfp11_veneer  0x000000000200dba8        0x0 linker stubs

.v4_bx          0x000000000200dba8        0x0
 .v4_bx         0x000000000200dba8        0x0 linker stubs

.iplt           0x000000000200dba8        0x0
 .iplt          0x000000000200dba8        0x0 c:/devkitpro/devkitarm/bin/../lib/gcc/arm-none-eabi/9.1.0/../../../../arm-none-eabi/lib/thumb/ds_arm9_crt0.o

.fini           0x000000000200dba8        0xc
 *(.fini)
 .fini          0x000000000200dba8        0x4 c:/devkitpro/devkitarm/bin/../lib/gcc/arm-none-eabi/9.1.0/thumb/crti.o
                0x000000000200dba8                _fini
 .fini          0x000000000200dbac        0x8 c:/devkitpro/devkitarm/bin/../lib/gcc/arm-none-eabi/9.1.0/thumb/crtn.o
                0x000000000200dbb4                __text_end = .

.rodata         0x000000000200dbb4     0xde8c
 *(EXCLUDE_FILE(*.twl*) .rodata)
 .rodata        0x000000000200dbb4     0x4e64 Mud.pcx.o
                0x000000000200dbb4                Mud_pcx
                0x0000000002012a14                Mud_pcx_size
                0x0000000002012a14                Mud_pcx_end
 .rodata        0x0000000002012a18       0x3c SceneNode.o
                0x0000000002012a18                vtable for SceneNode
                0x0000000002012a2c                vtable for GeometryNode
                0x0000000002012a40                vtable for CameraNode
 .rodata        0x0000000002012a54       0x24 C:/devkitPro/libnds/lib\libnds9.a(videoGL.o)
 .rodata        0x0000000002012a78     0x2004 C:/devkitPro/libnds/lib\libnds9.a(default_font.bin.o)
                0x0000000002012a78                default_font_bin
                0x0000000002014a78                default_font_bin_size
                0x0000000002014a78                default_font_bin_end
 *all.rodata*(*)
 *(EXCLUDE_FILE(*.twl*) .roda)
 *(EXCLUDE_FILE(*.twl*) .rodata.*)
 .rodata.str1.4
                0x0000000002014a7c       0x7d RocketEngine.o
 *fill*         0x0000000002014af9        0x3 ff
 .rodata._ZNSt6vectorI5Vec3DSaIS0_EE17_M_realloc_insertIJS0_EEEvN9__gnu_cxx17__normal_iteratorIPS0_S2_EEDpOT_.str1.4
                0x0000000002014afc       0x1a SceneNode.o
 *fill*         0x0000000002014b16        0x2 ff
 .rodata.con_write
                0x0000000002014b18       0xd4 C:/devkitPro/libnds/lib\libnds9.a(console.o)
 .rodata.con_write.str1.4
                0x0000000002014bec       0x30 C:/devkitPro/libnds/lib\libnds9.a(console.o)
 .rodata.dotab_stdout
                0x0000000002014c1c       0x70 C:/devkitPro/libnds/lib\libnds9.a(console.o)
 .rodata.str1.4
                0x0000000002014c8c       0x14 C:/devkitPro/libnds/lib\libnds9.a(console.o)
 .rodata.SIN_LUT
                0x0000000002014ca0      0x102 C:/devkitPro/libnds/lib\libnds9.a(trig.o)
                0x0000000002014ca0                SIN_LUT
 *fill*         0x0000000002014da2        0x2 ff
 .rodata.TAN_LUT
                0x0000000002014da4      0x204 C:/devkitPro/libnds/lib\libnds9.a(trig.o)
                0x0000000002014da4                TAN_LUT
 .rodata.glMaterialf
                0x0000000002014fa8       0x44 C:/devkitPro/libnds/lib\libnds9.a(videoGL.o)
 .rodata.glTexImage2D
                0x0000000002014fec       0x24 C:/devkitPro/libnds/lib\libnds9.a(videoGL.o)
 .rodata._ZNKSt9bad_alloc4whatEv.str1.4
                0x0000000002015010        0xf c:/devkitpro/devkitarm/bin/../lib/gcc/arm-none-eabi/9.1.0/../../../../arm-none-eabi/lib/thumb\libstdc++.a(bad_alloc.o)
 *fill*         0x000000000201501f        0x1 ff
 .rodata._ZTISt9bad_alloc
                0x0000000002015020        0xc c:/devkitpro/devkitarm/bin/../lib/gcc/arm-none-eabi/9.1.0/../../../../arm-none-eabi/lib/thumb\libstdc++.a(bad_alloc.o)
                0x0000000002015020                typeinfo for std::bad_alloc
 .rodata._ZTSSt9bad_alloc
                0x000000000201502c        0xd c:/devkitpro/devkitarm/bin/../lib/gcc/arm-none-eabi/9.1.0/../../../../arm-none-eabi/lib/thumb\libstdc++.a(bad_alloc.o)
                0x000000000201502c                typeinfo name for std::bad_alloc
 *fill*         0x0000000002015039        0x3 ff
 .rodata._ZTVSt9bad_alloc
                0x000000000201503c       0x14 c:/devkitpro/devkitarm/bin/../lib/gcc/arm-none-eabi/9.1.0/../../../../arm-none-eabi/lib/thumb\libstdc++.a(bad_alloc.o)
                0x000000000201503c                vtable for std::bad_alloc
 .rodata._ZNKSt13bad_exception4whatEv.str1.4
                0x0000000002015050       0x13 c:/devkitpro/devkitarm/bin/../lib/gcc/arm-none-eabi/9.1.0/../../../../arm-none-eabi/lib/thumb\libstdc++.a(eh_exception.o)
 *fill*         0x0000000002015063        0x1 ff
 .rodata._ZTIN10__cxxabiv115__forced_unwindE
                0x0000000002015064        0x8 c:/devkitpro/devkitarm/bin/../lib/gcc/arm-none-eabi/9.1.0/../../../../arm-none-eabi/lib/thumb\libstdc++.a(eh_exception.o)
                0x0000000002015064                typeinfo for __cxxabiv1::__forced_unwind
 .rodata._ZTIN10__cxxabiv119__foreign_exceptionE
                0x000000000201506c        0x8 c:/devkitpro/devkitarm/bin/../lib/gcc/arm-none-eabi/9.1.0/../../../../arm-none-eabi/lib/thumb\libstdc++.a(eh_exception.o)
                0x000000000201506c                typeinfo for __cxxabiv1::__foreign_exception
 .rodata._ZTISt13bad_exception
                0x0000000002015074        0xc c:/devkitpro/devkitarm/bin/../lib/gcc/arm-none-eabi/9.1.0/../../../../arm-none-eabi/lib/thumb\libstdc++.a(eh_exception.o)
                0x0000000002015074                typeinfo for std::bad_exception
 .rodata._ZTISt9exception
                0x0000000002015080        0x8 c:/devkitpro/devkitarm/bin/../lib/gcc/arm-none-eabi/9.1.0/../../../../arm-none-eabi/lib/thumb\libstdc++.a(eh_exception.o)
                0x0000000002015080                typeinfo for std::exception
 .rodata._ZTSN10__cxxabiv115__forced_unwindE
                0x0000000002015088       0x20 c:/devkitpro/devkitarm/bin/../lib/gcc/arm-none-eabi/9.1.0/../../../../arm-none-eabi/lib/thumb\libstdc++.a(eh_exception.o)
                0x0000000002015088                typeinfo name for __cxxabiv1::__forced_unwind
 .rodata._ZTSN10__cxxabiv119__foreign_exceptionE
                0x00000000020150a8       0x24 c:/devkitpro/devkitarm/bin/../lib/gcc/arm-none-eabi/9.1.0/../../../../arm-none-eabi/lib/thumb\libstdc++.a(eh_exception.o)
                0x00000000020150a8                typeinfo name for __cxxabiv1::__foreign_exception
 .rodata._ZTSSt13bad_exception
                0x00000000020150cc       0x12 c:/devkitpro/devkitarm/bin/../lib/gcc/arm-none-eabi/9.1.0/../../../../arm-none-eabi/lib/thumb\libstdc++.a(eh_exception.o)
                0x00000000020150cc                typeinfo name for std::bad_exception
 *fill*         0x00000000020150de        0x2 ff
 .rodata._ZTSSt9exception
                0x00000000020150e0        0xd c:/devkitpro/devkitarm/bin/../lib/gcc/arm-none-eabi/9.1.0/../../../../arm-none-eabi/lib/thumb\libstdc++.a(eh_exception.o)
                0x00000000020150e0                typeinfo name for std::exception
 *fill*         0x00000000020150ed        0x3 ff
 .rodata._ZTVSt13bad_exception
                0x00000000020150f0       0x14 c:/devkitpro/devkitarm/bin/../lib/gcc/arm-none-eabi/9.1.0/../../../../arm-none-eabi/lib/thumb\libstdc++.a(eh_exception.o)
                0x00000000020150f0                vtable for std::bad_exception
 .rodata._ZL28read_encoded_value_with_basehjPKhPj
                0x0000000002015104       0x34 c:/devkitpro/devkitarm/bin/../lib/gcc/arm-none-eabi/9.1.0/../../../../arm-none-eabi/lib/thumb\libstdc++.a(eh_personality.o)
 .rodata._ZTIN10__cxxabiv120__si_class_type_infoE
                0x0000000002015138        0xc c:/devkitpro/devkitarm/bin/../lib/gcc/arm-none-eabi/9.1.0/../../../../arm-none-eabi/lib/thumb\libstdc++.a(si_class_type_info.o)
                0x0000000002015138                typeinfo for __cxxabiv1::__si_class_type_info
 .rodata._ZTSN10__cxxabiv120__si_class_type_infoE
                0x0000000002015144       0x25 c:/devkitpro/devkitarm/bin/../lib/gcc/arm-none-eabi/9.1.0/../../../../arm-none-eabi/lib/thumb\libstdc++.a(si_class_type_info.o)
                0x0000000002015144                typeinfo name for __cxxabiv1::__si_class_type_info
 *fill*         0x0000000002015169        0x3 ff
 .rodata._ZTVN10__cxxabiv120__si_class_type_infoE
                0x000000000201516c       0x2c c:/devkitpro/devkitarm/bin/../lib/gcc/arm-none-eabi/9.1.0/../../../../arm-none-eabi/lib/thumb\libstdc++.a(si_class_type_info.o)
                0x000000000201516c                vtable for __cxxabiv1::__si_class_type_info
 .rodata._ZTISt9type_info
                0x0000000002015198        0x8 c:/devkitpro/devkitarm/bin/../lib/gcc/arm-none-eabi/9.1.0/../../../../arm-none-eabi/lib/thumb\libstdc++.a(tinfo.o)
                0x0000000002015198                typeinfo for std::type_info
 .rodata._ZTSSt9type_info
                0x00000000020151a0        0xd c:/devkitpro/devkitarm/bin/../lib/gcc/arm-none-eabi/9.1.0/../../../../arm-none-eabi/lib/thumb\libstdc++.a(tinfo.o)
                0x00000000020151a0                typeinfo name for std::type_info
 *fill*         0x00000000020151ad        0x3 ff
 .rodata._ZTISt11logic_error
                0x00000000020151b0        0xc c:/devkitpro/devkitarm/bin/../lib/gcc/arm-none-eabi/9.1.0/../../../../arm-none-eabi/lib/thumb\libstdc++.a(stdexcept.o)
                0x00000000020151b0                typeinfo for std::logic_error
 .rodata._ZTISt12length_error
                0x00000000020151bc        0xc c:/devkitpro/devkitarm/bin/../lib/gcc/arm-none-eabi/9.1.0/../../../../arm-none-eabi/lib/thumb\libstdc++.a(stdexcept.o)
                0x00000000020151bc                typeinfo for std::length_error
 .rodata._ZTSSt11logic_error
                0x00000000020151c8       0x10 c:/devkitpro/devkitarm/bin/../lib/gcc/arm-none-eabi/9.1.0/../../../../arm-none-eabi/lib/thumb\libstdc++.a(stdexcept.o)
                0x00000000020151c8                typeinfo name for std::logic_error
 .rodata._ZTSSt12length_error
                0x00000000020151d8       0x11 c:/devkitpro/devkitarm/bin/../lib/gcc/arm-none-eabi/9.1.0/../../../../arm-none-eabi/lib/thumb\libstdc++.a(stdexcept.o)
                0x00000000020151d8                typeinfo name for std::length_error
 *fill*         0x00000000020151e9        0x3 ff
 .rodata._ZTVSt11logic_error
                0x00000000020151ec       0x14 c:/devkitpro/devkitarm/bin/../lib/gcc/arm-none-eabi/9.1.0/../../../../arm-none-eabi/lib/thumb\libstdc++.a(stdexcept.o)
                0x00000000020151ec                vtable for std::logic_error
 .rodata._ZTVSt12length_error
                0x0000000002015200       0x14 c:/devkitpro/devkitarm/bin/../lib/gcc/arm-none-eabi/9.1.0/../../../../arm-none-eabi/lib/thumb\libstdc++.a(stdexcept.o)
                0x0000000002015200                vtable for std::length_error
 .rodata._ZNSs4_Rep9_S_createEjjRKSaIcE.str1.4
                0x0000000002015214       0x18 c:/devkitpro/devkitarm/bin/../lib/gcc/arm-none-eabi/9.1.0/../../../../arm-none-eabi/lib/thumb\libstdc++.a(cow-string-inst.o)
 .rodata._ZNSs12_S_constructIPcEES0_T_S1_RKSaIcESt20forward_iterator_tag.str1.4
                0x000000000201522c       0x2a c:/devkitpro/devkitarm/bin/../lib/gcc/arm-none-eabi/9.1.0/../../../../arm-none-eabi/lib/thumb\libstdc++.a(cow-string-inst.o)
 *fill*         0x0000000002015256        0x2 ff
 .rodata._ZTIN10__cxxabiv117__class_type_infoE
                0x0000000002015258        0xc c:/devkitpro/devkitarm/bin/../lib/gcc/arm-none-eabi/9.1.0/../../../../arm-none-eabi/lib/thumb\libstdc++.a(class_type_info.o)
                0x0000000002015258                typeinfo for __cxxabiv1::__class_type_info
 .rodata._ZTSN10__cxxabiv117__class_type_infoE
                0x0000000002015264       0x22 c:/devkitpro/devkitarm/bin/../lib/gcc/arm-none-eabi/9.1.0/../../../../arm-none-eabi/lib/thumb\libstdc++.a(class_type_info.o)
                0x0000000002015264                typeinfo name for __cxxabiv1::__class_type_info
 *fill*         0x0000000002015286        0x2 ff
 .rodata._ZTVN10__cxxabiv117__class_type_infoE
                0x0000000002015288       0x2c c:/devkitpro/devkitarm/bin/../lib/gcc/arm-none-eabi/9.1.0/../../../../arm-none-eabi/lib/thumb\libstdc++.a(class_type_info.o)
                0x0000000002015288                vtable for __cxxabiv1::__class_type_info
 .rodata._puts_r.str1.4
                0x00000000020152b4        0x2 c:/devkitpro/devkitarm/bin/../lib/gcc/arm-none-eabi/9.1.0/../../../../arm-none-eabi/lib/thumb\libg.a(lib_a-puts.o)
 *fill*         0x00000000020152b6        0x2 ff
 .rodata.basefix.6959
                0x00000000020152b8       0x22 c:/devkitpro/devkitarm/bin/../lib/gcc/arm-none-eabi/9.1.0/../../../../arm-none-eabi/lib/thumb\libg.a(lib_a-svfiscanf.o)
 *fill*         0x00000000020152da        0x2 ff
 .rodata._ctype_
                0x00000000020152dc      0x101 c:/devkitpro/devkitarm/bin/../lib/gcc/arm-none-eabi/9.1.0/../../../../arm-none-eabi/lib/thumb\libg.a(lib_a-ctype_.o)
                0x00000000020152dc                _ctype_
 *fill*         0x00000000020153dd        0x3 ff
 .rodata.str1.4
                0x00000000020153e0       0x48 c:/devkitpro/devkitarm/bin/../lib/gcc/arm-none-eabi/9.1.0/../../../../arm-none-eabi/lib/thumb\libg.a(lib_a-locale.o)
                                         0x4c (size before relaxing)
 .rodata._mbrtowc_r.str1.4
                0x0000000002015428        0x1 c:/devkitpro/devkitarm/bin/../lib/gcc/arm-none-eabi/9.1.0/../../../../arm-none-eabi/lib/thumb\libg.a(lib_a-mbrtowc.o)
 .rodata.__jp2uc
                0x0000000002015428       0x20 c:/devkitpro/devkitarm/bin/../lib/gcc/arm-none-eabi/9.1.0/../../../../arm-none-eabi/lib/thumb\libg.a(lib_a-jp2uc.o)
 .rodata._jp2uc_l.str1.4
                0x0000000002015448       0x12 c:/devkitpro/devkitarm/bin/../lib/gcc/arm-none-eabi/9.1.0/../../../../arm-none-eabi/lib/thumb\libg.a(lib_a-jp2uc.o)
 *fill*         0x000000000201545a        0x2 ff
 .rodata.a1     0x000000000201545c       0xbc c:/devkitpro/devkitarm/bin/../lib/gcc/arm-none-eabi/9.1.0/../../../../arm-none-eabi/lib/thumb\libg.a(lib_a-jp2uc.o)
 .rodata.a2     0x0000000002015518       0xbc c:/devkitpro/devkitarm/bin/../lib/gcc/arm-none-eabi/9.1.0/../../../../arm-none-eabi/lib/thumb\libg.a(lib_a-jp2uc.o)
 .rodata.a3     0x00000000020155d4       0x5b c:/devkitpro/devkitarm/bin/../lib/gcc/arm-none-eabi/9.1.0/../../../../arm-none-eabi/lib/thumb\libg.a(lib_a-jp2uc.o)
 *fill*         0x000000000201562f        0x1 ff
 .rodata.a6     0x0000000002015630       0x70 c:/devkitpro/devkitarm/bin/../lib/gcc/arm-none-eabi/9.1.0/../../../../arm-none-eabi/lib/thumb\libg.a(lib_a-jp2uc.o)
 .rodata.a7     0x00000000020156a0       0xa2 c:/devkitpro/devkitarm/bin/../lib/gcc/arm-none-eabi/9.1.0/../../../../arm-none-eabi/lib/thumb\libg.a(lib_a-jp2uc.o)
 *fill*         0x0000000002015742        0x2 ff
 .rodata.a8     0x0000000002015744       0x40 c:/devkitpro/devkitarm/bin/../lib/gcc/arm-none-eabi/9.1.0/../../../../arm-none-eabi/lib/thumb\libg.a(lib_a-jp2uc.o)
 .rodata.b02cf  0x0000000002015784     0x172a c:/devkitpro/devkitarm/bin/../lib/gcc/arm-none-eabi/9.1.0/../../../../arm-none-eabi/lib/thumb\libg.a(lib_a-jp2uc.o)
 *fill*         0x0000000002016eae        0x2 ff
 .rodata.d02f4  0x0000000002016eb0     0x1a7c c:/devkitpro/devkitarm/bin/../lib/gcc/arm-none-eabi/9.1.0/../../../../arm-none-eabi/lib/thumb\libg.a(lib_a-jp2uc.o)
 .rodata.categories
                0x000000000201892c     0x309c c:/devkitpro/devkitarm/bin/../lib/gcc/arm-none-eabi/9.1.0/../../../../arm-none-eabi/lib/thumb\libg.a(lib_a-categories.o)
 .rodata.AddDevice.str1.4
                0x000000000201b9c8        0x8 c:/devkitpro/devkitarm/bin/../lib/gcc/arm-none-eabi/9.1.0/../../../../arm-none-eabi/lib/thumb\libsysbase.a(iosupport.o)
 .rodata.dotab_stdnull
                0x000000000201b9d0       0x70 c:/devkitpro/devkitarm/bin/../lib/gcc/arm-none-eabi/9.1.0/../../../../arm-none-eabi/lib/thumb\libsysbase.a(iosupport.o)
                0x000000000201b9d0                dotab_stdnull
 *(EXCLUDE_FILE(*.twl*) .gnu.linkonce.r*)
                0x000000000201ba40                . = ALIGN (0x4)
