Archive member included to satisfy reference by file (symbol)

C:/devkitPro/libnds/lib\libnds9.a(dynamicArray.o)
                              SceneNode.o (DynamicArrayGet)
C:/devkitPro/libnds/lib\libnds9.a(pcx.o)
                              RocketEngine.o (loadPCX)
C:/devkitPro/libnds/lib\libnds9.a(boxtest.o)
                              SceneNode.o (BoxTestf)
C:/devkitPro/libnds/lib\libnds9.a(console.o)
                              RocketEngine.o (consoleDemoInit)
C:/devkitPro/libnds/lib\libnds9.a(trig.o)
                              RocketEngine.o (sinLerp)
C:/devkitPro/libnds/lib\libnds9.a(videoGL.o)
                              RocketEngine.o (glGlobalData)
C:/devkitPro/libnds/lib\libnds9.a(image.o)
                              RocketEngine.o (image8to16)
C:/devkitPro/libnds/lib\libnds9.a(keys.o)
                              RocketEngine.o (scanKeys)
C:/devkitPro/libnds/lib\libnds9.a(initSystem.o)
                              c:/devkitpro/devkitarm/bin/../lib/gcc/arm-none-eabi/9.1.0/../../../../arm-none-eabi/lib/thumb/ds_arm9_crt0.o (initSystem)
C:/devkitPro/libnds/lib\libnds9.a(timeSupport.o)
                              C:/devkitPro/libnds/lib\libnds9.a(initSystem.o) (__libnds_gtod)
C:/devkitPro/libnds/lib\libnds9.a(securearea.o)
                              c:/devkitpro/devkitarm/bin/../lib/gcc/arm-none-eabi/9.1.0/../../../../arm-none-eabi/lib/thumb/ds_arm9_crt0.o (__secure_area__)
C:/devkitPro/libnds/lib\libnds9.a(interrupts.o)
                              C:/devkitPro/libnds/lib\libnds9.a(initSystem.o) (irqInit)
C:/devkitPro/libnds/lib\libnds9.a(libnds_exit.arm.o)
                              c:/devkitpro/devkitarm/bin/../lib/gcc/arm-none-eabi/9.1.0/../../../../arm-none-eabi/lib/thumb/ds_arm9_crt0.o (__libnds_exit)
C:/devkitPro/libnds/lib\libnds9.a(fifosystem.o)
                              C:/devkitPro/libnds/lib\libnds9.a(initSystem.o) (fifoSetValue32Handler)
C:/devkitPro/libnds/lib\libnds9.a(mpu_setup.o)
                              c:/devkitpro/devkitarm/bin/../lib/gcc/arm-none-eabi/9.1.0/../../../../arm-none-eabi/lib/thumb/ds_arm9_crt0.o (__libnds_mpu_setup)
C:/devkitPro/libnds/lib\libnds9.a(IntrWait.o)
                              RocketEngine.o (swiWaitForVBlank)
C:/devkitPro/libnds/lib\libnds9.a(cpu_clock.o)
                              C:/devkitPro/libnds/lib\libnds9.a(initSystem.o) (setCpuClock)
C:/devkitPro/libnds/lib\libnds9.a(interruptDispatcher.o)
                              C:/devkitPro/libnds/lib\libnds9.a(interrupts.o) (IntrMain)
C:/devkitPro/libnds/lib\libnds9.a(debugprint.o)
                              C:/devkitPro/libnds/lib\libnds9.a(console.o) (nocashWrite)
C:/devkitPro/libnds/lib\libnds9.a(swiSoftReset.o)
                              C:/devkitPro/libnds/lib\libnds9.a(fifosystem.o) (swiSoftReset)
C:/devkitPro/libnds/lib\libnds9.a(biosCalls.o)
                              C:/devkitPro/libnds/lib\libnds9.a(videoGL.o) (swiCopy)
C:/devkitPro/libnds/lib\libnds9.a(default_font.bin.o)
                              C:/devkitPro/libnds/lib\libnds9.a(console.o) (default_font_bin)
C:/devkitPro/libnds/lib\libnds9.a(background.o)
                              C:/devkitPro/libnds/lib\libnds9.a(console.o) (bgState)
C:/devkitPro/libnds/lib\libnds9.a(video.o)
                              C:/devkitPro/libnds/lib\libnds9.a(videoGL.o) (vramSetBanks_EFG)
C:/devkitPro/libnds/lib\libnds9.a(system.o)
                              C:/devkitPro/libnds/lib\libnds9.a(initSystem.o) (systemValueHandler)
c:/devkitpro/devkitarm/bin/../lib/gcc/arm-none-eabi/9.1.0/../../../../arm-none-eabi/lib/thumb\libstdc++.a(del_op.o)
                              SceneNode.o (operator delete(void*))
c:/devkitpro/devkitarm/bin/../lib/gcc/arm-none-eabi/9.1.0/../../../../arm-none-eabi/lib/thumb\libstdc++.a(del_ops.o)
                              SceneNode.o (operator delete(void*, unsigned int))
c:/devkitpro/devkitarm/bin/../lib/gcc/arm-none-eabi/9.1.0/../../../../arm-none-eabi/lib/thumb\libstdc++.a(new_op.o)
                              SceneNode.o (operator new(unsigned int))
c:/devkitpro/devkitarm/bin/../lib/gcc/arm-none-eabi/9.1.0/../../../../arm-none-eabi/lib/thumb\libstdc++.a(list.o)
                              SceneNode.o (std::__detail::_List_node_base::_M_hook(std::__detail::_List_node_base*))
c:/devkitpro/devkitarm/bin/../lib/gcc/arm-none-eabi/9.1.0/../../../../arm-none-eabi/lib/thumb\libstdc++.a(functexcept.o)
                              SceneNode.o (std::__throw_length_error(char const*))
c:/devkitpro/devkitarm/bin/../lib/gcc/arm-none-eabi/9.1.0/../../../../arm-none-eabi/lib/thumb\libstdc++.a(snprintf_lite.o)
                              c:/devkitpro/devkitarm/bin/../lib/gcc/arm-none-eabi/9.1.0/../../../../arm-none-eabi/lib/thumb\libstdc++.a(functexcept.o) (__gnu_cxx::__snprintf_lite(char*, unsigned int, char const*, std::__va_list))
c:/devkitpro/devkitarm/bin/../lib/gcc/arm-none-eabi/9.1.0/../../../../arm-none-eabi/lib/thumb\libstdc++.a(bad_alloc.o)
[...]
Memory Configuration

Name             Origin             Length             Attributes
ewram            0x0000000002000000 0x0000000000380000
dtcm             0x000000000b000000 0x0000000000004000
vectors          0x0000000001000000 0x0000000000000100
itcm             0x0000000001000100 0x0000000000007f00
*default*        0x0000000000000000 0xffffffffffffffff

Linker script and memory map

                0x0000000002380000                __ewram_end = (ORIGIN (ewram) + LENGTH (ewram))
                0x0000000002380000                __eheap_end = (ORIGIN (ewram) + LENGTH (ewram))
                0x000000000b004000                __dtcm_top = (ORIGIN (dtcm) + LENGTH (dtcm))
                0x000000000b003ff8                __irq_flags = (__dtcm_top - 0x8)
                0x000000000b003ffc                __irq_vector = (__dtcm_top - 0x4)
                0x000000000b003f00                __sp_svc = (__dtcm_top - 0x100)
                0x000000000b003e00                __sp_irq = (__sp_svc - 0x100)
                0x000000000b003d00                __sp_usr = (__sp_irq - 0x100)

.secure         0x0000000002000000      0x800
 *(.secure)
 .secure        0x0000000002000000      0x800 C:/devkitPro/libnds/lib\libnds9.a(securearea.o)
                0x0000000002000000                __secure_area__

.crt0           0x0000000002000800      0x300
                0x0000000002000800                __text_start = .
 *(.crt0)
 .crt0          0x0000000002000800      0x300 c:/devkitpro/devkitarm/bin/../lib/gcc/arm-none-eabi/9.1.0/../../../../arm-none-eabi/lib/thumb/ds_arm9_crt0.o
                0x0000000002000800                _start
                0x0000000002000b00                . = ALIGN (0x4)

.plt
 *(.plt)

.init           0x0000000002000b00        0xc
 *(SORT_NONE(.init))
 .init          0x0000000002000b00        0x4 c:/devkitpro/devkitarm/bin/../lib/gcc/arm-none-eabi/9.1.0/thumb/crti.o
                0x0000000002000b00                _init
 .init          0x0000000002000b04        0x8 c:/devkitpro/devkitarm/bin/../lib/gcc/arm-none-eabi/9.1.0/thumb/crtn.o

.text           0x0000000002000b10    0x13968
 *(EXCLUDE_FILE(*.twl* *.vectors* *.itcm*) .text)
 .text          0x0000000002000b10      0x8bc RocketEngine.o
                0x0000000002000b10                sin(float)
                0x0000000002000b38                cos(float)
                0x0000000002000b60                RocketEngine::init()
                0x0000000002000ec8                RocketEngine::LoadTextures(unsigned char const*)
                0x0000000002000f18                RocketEngine::QuickQuad(GeometryNode*, float, float, float, float, float, float)
                0x0000000002001080                RocketEngine::CreateObject(GeometryNode*, GeometryNode*, GL_GLBEGIN_ENUM, Geometry, Vec3D*, int, Vec3D, bool)
                0x0000000002001130                RocketEngine::Render()
                0x0000000002001138                RocketEngine::Run()
 .text          0x00000000020013cc      0xa9c SceneNode.o
                0x00000000020013cc                SceneNode::Update()
                0x00000000020013e8                CameraNode::Update()
                0x0000000002001880                SceneNode::AddChild(SceneNode*)
                0x000000000200189c                SceneNode::Destroy()
                0x00000000020018d4                CameraNode::UpdateCameraPos(float, float, float)
                0x00000000020018fc                CameraNode::UpdateCameraLook(float, float, float)
                0x0000000002001924                CameraNode::SetCameraPos(float, float, float)
                0x000000000200192c                CameraNode::SetCameraPosY(float)
                0x0000000002001930                CameraNode::SetCameraLook(float, float, float)
                0x0000000002001938                CameraNode::SetCameraLookX(float)
                0x000000000200193c                CameraNode::SetCameraLookY(float)
                0x0000000002001940                CameraNode::SetCameraLookZ(float)
                0x0000000002001944                GeometryNode::ColourDraw()
                0x0000000002001a80                GeometryNode::TextureDraw()
                0x0000000002001bd0                GeometryNode::Update()
                0x0000000002001db8                GeometryNode::UpdateRot(float, float, float)
                0x0000000002001de0                GeometryNode::UpdateCoord(float, float, float)
                0x0000000002001e08                GeometryNode::SetCoord(float, float, float)
                0x0000000002001e10                GeometryNode::SetScale(float, float, float)
                0x0000000002001e18                GeometryNode::CreateBoundingBox(float, float, float)
                0x0000000002001e20                GeometryNode::AddVertex(float, float, float)
                0x0000000002001e38                GeometryNode::AddColour(float, float, float)
                0x0000000002001e50                GeometryNode::AddTextCoord(float, float)
 .text          0x0000000002001e68      0x198 c:/devkitpro/devkitarm/bin/../lib/gcc/arm-none-eabi/9.1.0/thumb\libgcc.a(_arm_mulsf3.o)
                0x0000000002001e68                __aeabi_fmul
                0x0000000002001e68                __mulsf3
 .text          0x0000000002002000      0x11c c:/devkitpro/devkitarm/bin/../lib/gcc/arm-none-eabi/9.1.0/thumb\libgcc.a(_udivsi3.o)
                0x0000000002002000                __aeabi_uidiv
                0x0000000002002000                __udivsi3
                0x00000000020020fc                __aeabi_uidivmod
 .text          0x000000000200211c      0x150 c:/devkitpro/devkitarm/bin/../lib/gcc/arm-none-eabi/9.1.0/thumb\libgcc.a(_divsi3.o)
                0x000000000200211c                __divsi3
                0x000000000200211c                __aeabi_idiv
                0x000000000200224c                __aeabi_idivmod
 .text          0x000000000200226c        0x4 c:/devkitpro/devkitarm/bin/../lib/gcc/arm-none-eabi/9.1.0/thumb\libgcc.a(_dvmd_tls.o)
                0x000000000200226c                __aeabi_idiv0
                0x000000000200226c                __aeabi_ldiv0
 .text          0x0000000002002270      0x424 c:/devkitpro/devkitarm/bin/../lib/gcc/arm-none-eabi/9.1.0/thumb\libgcc.a(_arm_addsubdf3.o)
                0x0000000002002270                __aeabi_drsub
                0x0000000002002278                __aeabi_dsub
                0x0000000002002278                __subdf3
                0x000000000200227c                __aeabi_dadd
                0x000000000200227c                __adddf3
                0x000000000200258c                __floatunsidf
                0x000000000200258c                __aeabi_ui2d
                0x00000000020025b0                __floatsidf
                0x00000000020025b0                __aeabi_i2d
                0x00000000020025d8                __aeabi_f2d
                0x00000000020025d8                __extendsfdf2
                0x0000000002002620                __floatundidf
                0x0000000002002620                __aeabi_ul2d
                0x0000000002002634                __floatdidf
                0x0000000002002634                __aeabi_l2d
 .text          0x0000000002002694       0x5c c:/devkitpro/devkitarm/bin/../lib/gcc/arm-none-eabi/9.1.0/thumb\libgcc.a(_arm_fixdfsi.o)
                0x0000000002002694                __aeabi_d2iz
                0x0000000002002694                __fixdfsi
 .text          0x00000000020026f0      0x2ac c:/devkitpro/devkitarm/bin/../lib/gcc/arm-none-eabi/9.1.0/thumb\libgcc.a(_arm_addsubsf3.o)
                0x00000000020026f0                __aeabi_frsub
                0x00000000020026f8                __subsf3
                0x00000000020026f8                __aeabi_fsub
                0x00000000020026fc                __aeabi_fadd
                0x00000000020026fc                __addsf3
                0x00000000020028b8                __aeabi_ui2f
                0x00000000020028b8                __floatunsisf
                0x00000000020028c0                __aeabi_i2f
                0x00000000020028c0                __floatsisf
                0x00000000020028e0                __aeabi_ul2f
                0x00000000020028e0                __floatundisf
                0x00000000020028f0                __aeabi_l2f
                0x00000000020028f0                __floatdisf
 .text          0x000000000200299c      0x114 c:/devkitpro/devkitarm/bin/../lib/gcc/arm-none-eabi/9.1.0/thumb\libgcc.a(_arm_cmpsf2.o)
                0x000000000200299c                __gesf2
                0x000000000200299c                __gtsf2
                0x00000000020029a4                __lesf2
                0x00000000020029a4                __ltsf2
                0x00000000020029ac                __nesf2
                0x00000000020029ac                __eqsf2
                0x00000000020029ac                __cmpsf2
                0x0000000002002a10                __aeabi_cfrcmple
                0x0000000002002a20                __aeabi_cfcmpeq
                0x0000000002002a20                __aeabi_cfcmple
                0x0000000002002a38                __aeabi_fcmpeq
                0x0000000002002a50                __aeabi_fcmplt
                0x0000000002002a68                __aeabi_fcmple
                0x0000000002002a80                __aeabi_fcmpge
                0x0000000002002a98                __aeabi_fcmpgt
 .text          0x0000000002002ab0       0x5c c:/devkitpro/devkitarm/bin/../lib/gcc/arm-none-eabi/9.1.0/thumb\libgcc.a(_arm_fixsfsi.o)
                0x0000000002002ab0                __aeabi_f2iz
                0x0000000002002ab0                __fixsfsi
 .text          0x0000000002002b0c       0x54 c:/devkitpro/devkitarm/bin/../lib/gcc/arm-none-eabi/9.1.0/thumb\libgcc.a(_arm_fixunssfsi.o)
                0x0000000002002b0c                __fixunssfsi
                0x0000000002002b0c                __aeabi_f2uiz
 .text          0x0000000002002b60      0x1d8 c:/devkitpro/devkitarm/bin/../lib/gcc/arm-none-eabi/9.1.0/thumb\libgcc.a(libunwind.o)
                0x0000000002002b60                __restore_core_regs
                0x0000000002002b60                restore_core_regs
                0x0000000002002b7c                __gnu_Unwind_Restore_VFP
                0x0000000002002b84                __gnu_Unwind_Save_VFP
                0x0000000002002b8c                __gnu_Unwind_Restore_VFP_D
                0x0000000002002b94                __gnu_Unwind_Save_VFP_D
                0x0000000002002b9c                __gnu_Unwind_Restore_VFP_D_16_to_31
                0x0000000002002ba4                __gnu_Unwind_Save_VFP_D_16_to_31
                0x0000000002002bac                __gnu_Unwind_Restore_WMMXD
                0x0000000002002bf0                __gnu_Unwind_Save_WMMXD
                0x0000000002002c34                __gnu_Unwind_Restore_WMMXC
                0x0000000002002c48                __gnu_Unwind_Save_WMMXC
                0x0000000002002c5c                ___Unwind_RaiseException
                0x0000000002002c5c                _Unwind_RaiseException
                0x0000000002002c88                _Unwind_Resume
                0x0000000002002c88                ___Unwind_Resume
                0x0000000002002cb4                _Unwind_Resume_or_Rethrow
                0x0000000002002cb4                ___Unwind_Resume_or_Rethrow
                0x0000000002002ce0                _Unwind_ForcedUnwind
                0x0000000002002ce0                ___Unwind_ForcedUnwind
                0x0000000002002d0c                ___Unwind_Backtrace
                0x0000000002002d0c                _Unwind_Backtrace
 .text          0x0000000002002d38      0x224 c:/devkitpro/devkitarm/bin/../lib/gcc/arm-none-eabi/9.1.0/../../../../arm-none-eabi/lib/thumb\libg.a(lib_a-strcmp.o)
                0x0000000002002d38                strcmp
 .text          0x0000000002002f5c       0x14 c:/devkitpro/devkitarm/bin/../lib/gcc/arm-none-eabi/9.1.0/thumb\libgcc.a(_thumb1_case_uqi.o)
                0x0000000002002f5c                __gnu_thumb1_case_uqi
 .text          0x0000000002002f70       0x14 c:/devkitpro/devkitarm/bin/../lib/gcc/arm-none-eabi/9.1.0/thumb\libgcc.a(_thumb1_case_uhi.o)
                0x0000000002002f70                __gnu_thumb1_case_uhi
 .text          0x0000000002002f84      0x49c c:/devkitpro/devkitarm/bin/../lib/gcc/arm-none-eabi/9.1.0/thumb\libgcc.a(_arm_muldivdf3.o)
                0x0000000002002f84                __aeabi_dmul
                0x0000000002002f84                __muldf3
                0x0000000002003214                __divdf3
                0x0000000002003214                __aeabi_ddiv
 .text          0x0000000002003420      0x144 c:/devkitpro/devkitarm/bin/../lib/gcc/arm-none-eabi/9.1.0/thumb\libgcc.a(_arm_cmpdf2.o)
                0x0000000002003420                __gtdf2
                0x0000000002003420                __gedf2
                0x0000000002003428                __ltdf2
                0x0000000002003428                __ledf2
                0x0000000002003430                __nedf2
                0x0000000002003430                __eqdf2
                0x0000000002003430                __cmpdf2
                0x00000000020034b8                __aeabi_cdrcmple
                0x00000000020034d4                __aeabi_cdcmpeq
                0x00000000020034d4                __aeabi_cdcmple
                0x00000000020034ec                __aeabi_dcmpeq
                0x0000000002003504                __aeabi_dcmplt
                0x000000000200351c                __aeabi_dcmple
                0x0000000002003534                __aeabi_dcmpge
                0x000000000200354c                __aeabi_dcmpgt
 .text          0x0000000002003564       0x38 c:/devkitpro/devkitarm/bin/../lib/gcc/arm-none-eabi/9.1.0/thumb\libgcc.a(_arm_unorddf2.o)
                0x0000000002003564                __unorddf2
                0x0000000002003564                __aeabi_dcmpun
 .text          0x000000000200359c       0xd4 c:/devkitpro/devkitarm/bin/../lib/gcc/arm-none-eabi/9.1.0/thumb\libgcc.a(_aeabi_ldivmod.o)
                0x000000000200359c                __aeabi_ldivmod
 .text          0x0000000002003670       0x3c c:/devkitpro/devkitarm/bin/../lib/gcc/arm-none-eabi/9.1.0/thumb\libgcc.a(_aeabi_uldivmod.o)
                0x0000000002003670                __aeabi_uldivmod
 .text          0x00000000020036ac       0x28 c:/devkitpro/devkitarm/bin/../lib/gcc/arm-none-eabi/9.1.0/thumb\libgcc.a(_clzdi2.o)
                0x00000000020036ac                __clzdi2
 .text          0x00000000020036d4       0x48 c:/devkitpro/devkitarm/bin/../lib/gcc/arm-none-eabi/9.1.0/thumb\libgcc.a(_clzsi2.o)
                0x00000000020036d4                __clzsi2
 *(EXCLUDE_FILE(*.twl* *.vectors* *.itcm*) .stub)
 *(EXCLUDE_FILE(*.twl* *.vectors* *.itcm*) .text.*)
 .text.deregister_tm_clones
                0x000000000200371c       0x2c c:/devkitpro/devkitarm/bin/../lib/gcc/arm-none-eabi/9.1.0/thumb/crtbegin.o
 .text.register_tm_clones
                0x0000000002003748       0x34 c:/devkitpro/devkitarm/bin/../lib/gcc/arm-none-eabi/9.1.0/thumb/crtbegin.o
 .text.__do_global_dtors_aux
                0x000000000200377c       0x30 c:/devkitpro/devkitarm/bin/../lib/gcc/arm-none-eabi/9.1.0/thumb/crtbegin.o
 .text.frame_dummy
                0x00000000020037ac       0x28 c:/devkitpro/devkitarm/bin/../lib/gcc/arm-none-eabi/9.1.0/thumb/crtbegin.o
 .text.startup  0x00000000020037d4      0x3fc main.o
                0x00000000020037d4                main
 .text._ZN9SceneNodeD2Ev
                0x0000000002003bd0       0x2c SceneNode.o
                0x0000000002003bd0                SceneNode::~SceneNode()
                0x0000000002003bd0                SceneNode::~SceneNode()
 .text._ZN10CameraNodeD2Ev
                0x0000000002003bfc       0x2c SceneNode.o
                0x0000000002003bfc                CameraNode::~CameraNode()
                0x0000000002003bfc                CameraNode::~CameraNode()
 .text._ZN9SceneNodeD0Ev
                0x0000000002003c28       0x34 SceneNode.o
                0x0000000002003c28                SceneNode::~SceneNode()
 .text._ZN10CameraNodeD0Ev
                0x0000000002003c5c       0x34 SceneNode.o
                0x0000000002003c5c                CameraNode::~CameraNode()
 .text._ZN12GeometryNodeD0Ev
                0x0000000002003c90       0x58 SceneNode.o
                0x0000000002003c90                GeometryNode::~GeometryNode()
 .text._ZN12GeometryNodeD2Ev
                0x0000000002003ce8       0x50 SceneNode.o
                0x0000000002003ce8                GeometryNode::~GeometryNode()
                0x0000000002003ce8                GeometryNode::~GeometryNode()
 .text._ZNSt6vectorI5Vec3DSaIS0_EE17_M_realloc_insertIJS0_EEEvN9__gnu_cxx17__normal_iteratorIPS0_S2_EEDpOT_
                0x0000000002003d38      0x124 SceneNode.o
                0x0000000002003d38                void std::vector<Vec3D, std::allocator<Vec3D> >::_M_realloc_insert<Vec3D>(__gnu_cxx::__normal_iterator<Vec3D*, std::vector<Vec3D, std::allocator<Vec3D> > >, Vec3D&&)
 .text._ZNSt6vectorI5Vec3DSaIS0_EE12emplace_backIJS0_EEEvDpOT_
                0x0000000002003e5c       0x1c SceneNode.o
                0x0000000002003e5c                void std::vector<Vec3D, std::allocator<Vec3D> >::emplace_back<Vec3D>(Vec3D&&)
 .text.DynamicArrayInit
                0x0000000002003e78       0x18 C:/devkitPro/libnds/lib\libnds9.a(dynamicArray.o)
                0x0000000002003e78                DynamicArrayInit
 .text.DynamicArrayGet
                0x0000000002003e90       0x18 C:/devkitPro/libnds/lib\libnds9.a(dynamicArray.o)
                0x0000000002003e90                DynamicArrayGet
 .text.DynamicArraySet
                0x0000000002003ea8       0x48 C:/devkitPro/libnds/lib\libnds9.a(dynamicArray.o)
                0x0000000002003ea8                DynamicArraySet
 .text.loadPCX  0x0000000002003ef0      0x194 C:/devkitPro/libnds/lib\libnds9.a(pcx.o)
                0x0000000002003ef0                loadPCX
 .text.BoxTestf
                0x0000000002004084       0xb4 C:/devkitPro/libnds/lib\libnds9.a(boxtest.o)
                0x0000000002004084                BoxTestf
 .text.newRow   0x0000000002004138       0xb4 C:/devkitPro/libnds/lib\libnds9.a(console.o)
 .text.consolePrintChar
                0x00000000020041ec       0xec C:/devkitPro/libnds/lib\libnds9.a(console.o)
                0x00000000020041ec                consolePrintChar
 .text.consoleCls
                0x00000000020042d8       0xe0 C:/devkitPro/libnds/lib\libnds9.a(console.o)
 .text.consoleLoadFont
                0x00000000020043b8      0x280 C:/devkitPro/libnds/lib\libnds9.a(console.o)
                0x00000000020043b8                consoleLoadFont
 .text.consoleInit
                0x0000000002004638      0x15c C:/devkitPro/libnds/lib\libnds9.a(console.o)
                0x0000000002004638                consoleInit
 .text.consoleDemoInit
                0x0000000002004794       0x40 C:/devkitPro/libnds/lib\libnds9.a(console.o)
                0x0000000002004794                consoleDemoInit
 .text.con_write
                0x00000000020047d4      0x27c C:/devkitPro/libnds/lib\libnds9.a(console.o)
                0x00000000020047d4                con_write
 .text.sinLutLookup
                0x0000000002004a50       0x3c C:/devkitPro/libnds/lib\libnds9.a(trig.o)
                0x0000000002004a50                sinLutLookup
 .text.sinLerp  0x0000000002004a8c       0x44 C:/devkitPro/libnds/lib\libnds9.a(trig.o)
                0x0000000002004a8c                sinLerp
 .text.cosLerp  0x0000000002004ad0       0x14 C:/devkitPro/libnds/lib\libnds9.a(trig.o)
                0x0000000002004ad0                cosLerp
 .text.tanLerp  0x0000000002004ae4       0xa8 C:/devkitPro/libnds/lib\libnds9.a(trig.o)
                0x0000000002004ae4                tanLerp
 .text.vramBlock__deallocateBlock.part.0
                0x0000000002004b8c      0x174 C:/devkitPro/libnds/lib\libnds9.a(videoGL.o)
 .text.glMaterialf
                0x0000000002004d00       0x7c C:/devkitPro/libnds/lib\libnds9.a(videoGL.o)
                0x0000000002004d00                glMaterialf
 .text.vramBlock_init
                0x0000000002004d7c       0x64 C:/devkitPro/libnds/lib\libnds9.a(videoGL.o)
                0x0000000002004d7c                vramBlock_init
 .text.vramBlock_Construct
                0x0000000002004de0       0x28 C:/devkitPro/libnds/lib\libnds9.a(videoGL.o)
                0x0000000002004de0                vramBlock_Construct
 .text.vramBlock__allocateBlock
                0x0000000002004e08      0x17c C:/devkitPro/libnds/lib\libnds9.a(videoGL.o)
                0x0000000002004e08                vramBlock__allocateBlock
 .text.vramBlock_examineSpecial
                0x0000000002004f84      0x244 C:/devkitPro/libnds/lib\libnds9.a(videoGL.o)
                0x0000000002004f84                vramBlock_examineSpecial
 .text.vramBlock_allocateSpecial
                0x00000000020051c8       0x6c C:/devkitPro/libnds/lib\libnds9.a(videoGL.o)
                0x00000000020051c8                vramBlock_allocateSpecial
 .text.vramBlock_allocateBlock
                0x0000000002005234       0x34 C:/devkitPro/libnds/lib\libnds9.a(videoGL.o)
                0x0000000002005234                vramBlock_allocateBlock
 .text.vramBlock_deallocateBlock
                0x0000000002005268       0x48 C:/devkitPro/libnds/lib\libnds9.a(videoGL.o)
                0x0000000002005268                vramBlock_deallocateBlock
 .text.glInit_C
                0x00000000020052b0      0x1b4 C:/devkitPro/libnds/lib\libnds9.a(videoGL.o)
                0x00000000020052b0                glInit_C
 .text.glGenTextures
                0x0000000002005464       0x8c C:/devkitPro/libnds/lib\libnds9.a(videoGL.o)
                0x0000000002005464                glGenTextures
 .text.vramGetBank
                0x00000000020054f0       0xc4 C:/devkitPro/libnds/lib\libnds9.a(videoGL.o)
                0x00000000020054f0                vramGetBank
 .text.glBindTexture
                0x00000000020055b4       0x60 C:/devkitPro/libnds/lib\libnds9.a(videoGL.o)
                0x00000000020055b4                glBindTexture
 .text.glTexParameter
                0x0000000002005614       0x38 C:/devkitPro/libnds/lib\libnds9.a(videoGL.o)
                0x0000000002005614                glTexParameter
 .text.glTexImage2D
                0x000000000200564c      0x3a8 C:/devkitPro/libnds/lib\libnds9.a(videoGL.o)
                0x000000000200564c                glTexImage2D
 .text.image8to16
                0x00000000020059f4       0x58 C:/devkitPro/libnds/lib\libnds9.a(image.o)
                0x00000000020059f4                image8to16
 .text.imageDestroy
                0x0000000002005a4c       0x24 C:/devkitPro/libnds/lib\libnds9.a(image.o)
                0x0000000002005a4c                imageDestroy
 .text.scanKeys
                0x0000000002005a70       0x8c C:/devkitPro/libnds/lib\libnds9.a(keys.o)
                0x0000000002005a70                scanKeys
 .text.keysHeld
                0x0000000002005afc        0xc C:/devkitPro/libnds/lib\libnds9.a(keys.o)
                0x0000000002005afc                keysHeld
 .text.initSystem
                0x0000000002005b08      0x198 C:/devkitPro/libnds/lib\libnds9.a(initSystem.o)
                0x0000000002005b08                initSystem
 .text.__libnds_gtod
                0x0000000002005ca0       0x28 C:/devkitPro/libnds/lib\libnds9.a(timeSupport.o)
                0x0000000002005ca0                __libnds_gtod
 .text.irqDummy
                0x0000000002005cc8        0x4 C:/devkitPro/libnds/lib\libnds9.a(interrupts.o)
                0x0000000002005cc8                irqDummy
 .text.irqSet   0x0000000002005ccc       0x6c C:/devkitPro/libnds/lib\libnds9.a(interrupts.o)
                0x0000000002005ccc                irqSet
 .text.irqInit  0x0000000002005d38       0x50 C:/devkitPro/libnds/lib\libnds9.a(interrupts.o)
                0x0000000002005d38                irqInit
 .text.irqEnable
                0x0000000002005d88       0x64 C:/devkitPro/libnds/lib\libnds9.a(interrupts.o)
                0x0000000002005d88                irqEnable
 .text.systemErrorExit
                0x0000000002005dec        0x4 C:/devkitPro/libnds/lib\libnds9.a(libnds_exit.arm.o)
                0x0000000002005dec                systemErrorExit
 .text.__libnds_exit
                0x0000000002005df0       0x5c C:/devkitPro/libnds/lib\libnds9.a(libnds_exit.arm.o)
                0x0000000002005df0                __libnds_exit
 .text.fifo_waitBlock
                0x0000000002005e4c       0x80 C:/devkitPro/libnds/lib\libnds9.a(fifosystem.o)
 .text.fifo_queueBlock
                0x0000000002005ecc       0x40 C:/devkitPro/libnds/lib\libnds9.a(fifosystem.o)
 .text.fifoInternalSendInterrupt
                0x0000000002005f0c       0xac C:/devkitPro/libnds/lib\libnds9.a(fifosystem.o)
 .text.fifoInternalSend.part.2
                0x0000000002005fb8       0xd4 C:/devkitPro/libnds/lib\libnds9.a(fifosystem.o)
 .text.fifoGetValue32.part.3
                0x000000000200608c       0x74 C:/devkitPro/libnds/lib\libnds9.a(fifosystem.o)
 .text.fifoSetValue32Handler
                0x0000000002006100       0x78 C:/devkitPro/libnds/lib\libnds9.a(fifosystem.o)
                0x0000000002006100                fifoSetValue32Handler
 .text.fifoSendValue32
                0x0000000002006178       0x4c C:/devkitPro/libnds/lib\libnds9.a(fifosystem.o)
                0x0000000002006178                fifoSendValue32
 .text.fifoGetDatamsg
                0x00000000020061c4      0x138 C:/devkitPro/libnds/lib\libnds9.a(fifosystem.o)
                0x00000000020061c4                fifoGetDatamsg
 .text.fifoInternalRecvInterrupt
                0x00000000020062fc      0x3dc C:/devkitPro/libnds/lib\libnds9.a(fifosystem.o)
 .text.fifoSetDatamsgHandler
                0x00000000020066d8       0x9c C:/devkitPro/libnds/lib\libnds9.a(fifosystem.o)
                0x00000000020066d8                fifoSetDatamsgHandler
 .text.fifoInit
                0x0000000002006774      0x104 C:/devkitPro/libnds/lib\libnds9.a(fifosystem.o)
                0x0000000002006774                fifoInit
 .text.__libnds_mpu_setup
                0x0000000002006878      0x174 C:/devkitPro/libnds/lib\libnds9.a(mpu_setup.o)
                0x0000000002006878                __libnds_mpu_setup
 .text.memUncached
                0x00000000020069ec       0x20 C:/devkitPro/libnds/lib\libnds9.a(mpu_setup.o)
                0x00000000020069ec                memUncached
 .text.swiWaitForVBlank
                0x0000000002006a0c        0x8 C:/devkitPro/libnds/lib\libnds9.a(IntrWait.o)
                0x0000000002006a0c                swiWaitForVBlank
 .text.swiIntrWait
                0x0000000002006a14       0x70 C:/devkitPro/libnds/lib\libnds9.a(IntrWait.o)
                0x0000000002006a14                swiIntrWait
 .text.setCpuClock
                0x0000000002006a84       0x50 C:/devkitPro/libnds/lib\libnds9.a(cpu_clock.o)
                0x0000000002006a84                setCpuClock
 .text.swiSoftReset
                0x0000000002006ad4       0x2c C:/devkitPro/libnds/lib\libnds9.a(swiSoftReset.o)
                0x0000000002006ad4                swiSoftReset
 .text.swiDelay
                0x0000000002006b00        0x4 C:/devkitPro/libnds/lib\libnds9.a(biosCalls.o)
                0x0000000002006b00                swiDelay
 .text.checkIfText.part.0
                0x0000000002006b04       0x40 C:/devkitPro/libnds/lib\libnds9.a(background.o)
 .text.bgUpdate
                0x0000000002006b44      0x104 C:/devkitPro/libnds/lib\libnds9.a(background.o)
                0x0000000002006b44                bgUpdate
 .text.bgInit_call
                0x0000000002006c48      0x110 C:/devkitPro/libnds/lib\libnds9.a(background.o)
                0x0000000002006c48                bgInit_call
 .text.bgInitSub_call
                0x0000000002006d58       0xf4 C:/devkitPro/libnds/lib\libnds9.a(background.o)
                0x0000000002006d58                bgInitSub_call
 .text.vramRestorePrimaryBanks
                0x0000000002006e4c        0xc C:/devkitPro/libnds/lib\libnds9.a(video.o)
                0x0000000002006e4c                vramRestorePrimaryBanks
 .text.vramDefault
                0x0000000002006e58       0xd0 C:/devkitPro/libnds/lib\libnds9.a(video.o)
                0x0000000002006e58                vramDefault
 .text.systemValueHandler
                0x0000000002006f28       0x48 C:/devkitPro/libnds/lib\libnds9.a(system.o)
                0x0000000002006f28                systemValueHandler
 .text.systemMsgHandler
                0x0000000002006f70       0x5c C:/devkitPro/libnds/lib\libnds9.a(system.o)
                0x0000000002006f70                systemMsgHandler
 .text.powerOn  0x0000000002006fcc       0x2c C:/devkitPro/libnds/lib\libnds9.a(system.o)
                0x0000000002006fcc                powerOn
 .text._ZdlPv   0x0000000002006ff8        0xc c:/devkitpro/devkitarm/bin/../lib/gcc/arm-none-eabi/9.1.0/../../../../arm-none-eabi/lib/thumb\libstdc++.a(del_op.o)
                0x0000000002006ff8                operator delete(void*)
 .text._ZdlPvj  0x0000000002007004        0xc c:/devkitpro/devkitarm/bin/../lib/gcc/arm-none-eabi/9.1.0/../../../../arm-none-eabi/lib/thumb\libstdc++.a(del_ops.o)
                0x0000000002007004                operator delete(void*, unsigned int)
 .text._Znwj    0x0000000002007010       0x48 c:/devkitpro/devkitarm/bin/../lib/gcc/arm-none-eabi/9.1.0/../../../../arm-none-eabi/lib/thumb\libstdc++.a(new_op.o)
                0x0000000002007010                operator new(unsigned int)
 .text._ZNSt8__detail15_List_node_base7_M_hookEPS0_
                0x0000000002007058       0x10 c:/devkitpro/devkitarm/bin/../lib/gcc/arm-none-eabi/9.1.0/../../../../arm-none-eabi/lib/thumb\libstdc++.a(list.o)
                0x0000000002007058                std::__detail::_List_node_base::_M_hook(std::__detail::_List_node_base*)
 .text.unlikely._ZSt17__throw_bad_allocv
                0x0000000002007068       0x20 c:/devkitpro/devkitarm/bin/../lib/gcc/arm-none-eabi/9.1.0/../../../../arm-none-eabi/lib/thumb\libstdc++.a(functexcept.o)
                0x0000000002007068                std::__throw_bad_alloc()
 .text.unlikely._ZSt19__throw_logic_errorPKc
                0x0000000002007088       0x30 c:/devkitpro/devkitarm/bin/../lib/gcc/arm-none-eabi/9.1.0/../../../../arm-none-eabi/lib/thumb\libstdc++.a(functexcept.o)
                0x0000000002007088                std::__throw_logic_error(char const*)
 .text.unlikely._ZSt20__throw_length_errorPKc
                0x00000000020070b8       0x30 c:/devkitpro/devkitarm/bin/../lib/gcc/arm-none-eabi/9.1.0/../../../../arm-none-eabi/lib/thumb\libstdc++.a(functexcept.o)
                0x00000000020070b8                std::__throw_length_error(char const*)
 .text._ZNKSt9bad_alloc4whatEv
                0x00000000020070e8        0x8 c:/devkitpro/devkitarm/bin/../lib/gcc/arm-none-eabi/9.1.0/../../../../arm-none-eabi/lib/thumb\libstdc++.a(bad_alloc.o)
                0x00000000020070e8                std::bad_alloc::what() const
 .text._ZNSt9bad_allocD2Ev
                0x00000000020070f0       0x1c c:/devkitpro/devkitarm/bin/../lib/gcc/arm-none-eabi/9.1.0/../../../../arm-none-eabi/lib/thumb\libstdc++.a(bad_alloc.o)
                0x00000000020070f0                std::bad_alloc::~bad_alloc()
                0x00000000020070f0                std::bad_alloc::~bad_alloc()
 .text._ZNSt9bad_allocD0Ev
                0x000000000200710c       0x24 c:/devkitpro/devkitarm/bin/../lib/gcc/arm-none-eabi/9.1.0/../../../../arm-none-eabi/lib/thumb\libstdc++.a(bad_alloc.o)
                0x000000000200710c                std::bad_alloc::~bad_alloc()
 .text._ZN12_GLOBAL__N_14pool4freeEPv.constprop.0
                0x0000000002007130       0x80 c:/devkitpro/devkitarm/bin/../lib/gcc/arm-none-eabi/9.1.0/../../../../arm-none-eabi/lib/thumb\libstdc++.a(eh_alloc.o)
 .text._ZN12_GLOBAL__N_14pool8allocateEj.constprop.0
                0x00000000020071b0       0x54 c:/devkitpro/devkitarm/bin/../lib/gcc/arm-none-eabi/9.1.0/../../../../arm-none-eabi/lib/thumb\libstdc++.a(eh_alloc.o)
 .text.__cxa_allocate_exception
                0x0000000002007204       0x30 c:/devkitpro/devkitarm/bin/../lib/gcc/arm-none-eabi/9.1.0/../../../../arm-none-eabi/lib/thumb\libstdc++.a(eh_alloc.o)
                0x0000000002007204                __cxa_allocate_exception
 .text.__cxa_free_exception
                0x0000000002007234       0x28 c:/devkitpro/devkitarm/bin/../lib/gcc/arm-none-eabi/9.1.0/../../../../arm-none-eabi/lib/thumb\libstdc++.a(eh_alloc.o)
                0x0000000002007234                __cxa_free_exception
 .text.startup._GLOBAL__sub_I__ZN9__gnu_cxx9__freeresEv
                0x000000000200725c       0x30 c:/devkitpro/devkitarm/bin/../lib/gcc/arm-none-eabi/9.1.0/../../../../arm-none-eabi/lib/thumb\libstdc++.a(eh_alloc.o)
 .text.__cxa_end_cleanup
                0x000000000200728c        0xc c:/devkitpro/devkitarm/bin/../lib/gcc/arm-none-eabi/9.1.0/../../../../arm-none-eabi/lib/thumb\libstdc++.a(eh_arm.o)
                0x000000000200728c                __cxa_end_cleanup
 .text.__cxa_type_match
                0x0000000002007298       0xe0 c:/devkitpro/devkitarm/bin/../lib/gcc/arm-none-eabi/9.1.0/../../../../arm-none-eabi/lib/thumb\libstdc++.a(eh_arm.o)
                0x0000000002007298                __cxa_type_match
 .text.__cxa_begin_cleanup
                0x0000000002007378       0x64 c:/devkitpro/devkitarm/bin/../lib/gcc/arm-none-eabi/9.1.0/../../../../arm-none-eabi/lib/thumb\libstdc++.a(eh_arm.o)
                0x0000000002007378                __cxa_begin_cleanup
 .text.__gnu_end_cleanup
                0x00000000020073dc       0x74 c:/devkitpro/devkitarm/bin/../lib/gcc/arm-none-eabi/9.1.0/../../../../arm-none-eabi/lib/thumb\libstdc++.a(eh_arm.o)
                0x00000000020073dc                __gnu_end_cleanup
 .text._ZNSt9exceptionD2Ev
                0x0000000002007450        0x4 c:/devkitpro/devkitarm/bin/../lib/gcc/arm-none-eabi/9.1.0/../../../../arm-none-eabi/lib/thumb\libstdc++.a(eh_exception.o)
                0x0000000002007450                std::exception::~exception()
                0x0000000002007450                std::exception::~exception()
 .text._ZNSt13bad_exceptionD2Ev
                0x0000000002007454        0x4 c:/devkitpro/devkitarm/bin/../lib/gcc/arm-none-eabi/9.1.0/../../../../arm-none-eabi/lib/thumb\libstdc++.a(eh_exception.o)
                0x0000000002007454                std::bad_exception::~bad_exception()
                0x0000000002007454                std::bad_exception::~bad_exception()
 .text._ZNKSt13bad_exception4whatEv
                0x0000000002007458        0x8 c:/devkitpro/devkitarm/bin/../lib/gcc/arm-none-eabi/9.1.0/../../../../arm-none-eabi/lib/thumb\libstdc++.a(eh_exception.o)
                0x0000000002007458                std::bad_exception::what() const
                0x0000000002007458                transaction clone for std::bad_exception::what() const
 .text._ZNSt13bad_exceptionD0Ev
                0x0000000002007460       0x14 c:/devkitpro/devkitarm/bin/../lib/gcc/arm-none-eabi/9.1.0/../../../../arm-none-eabi/lib/thumb\libstdc++.a(eh_exception.o)
                0x0000000002007460                std::bad_exception::~bad_exception()
 .text.__cxa_get_globals_fast
                0x0000000002007474        0x8 c:/devkitpro/devkitarm/bin/../lib/gcc/arm-none-eabi/9.1.0/../../../../arm-none-eabi/lib/thumb\libstdc++.a(eh_globals.o)
                0x0000000002007474                __cxa_get_globals_fast
 .text.__cxa_get_globals
                0x000000000200747c        0x8 c:/devkitpro/devkitarm/bin/../lib/gcc/arm-none-eabi/9.1.0/../../../../arm-none-eabi/lib/thumb\libstdc++.a(eh_globals.o)
                0x000000000200747c                __cxa_get_globals
 .text._ZL28read_encoded_value_with_basehjPKhPj
                0x0000000002007484      0x114 c:/devkitpro/devkitarm/bin/../lib/gcc/arm-none-eabi/9.1.0/../../../../arm-none-eabi/lib/thumb\libstdc++.a(eh_personality.o)
 .text._ZL21base_of_encoded_valuehP15_Unwind_Context
                0x0000000002007598       0x4c c:/devkitpro/devkitarm/bin/../lib/gcc/arm-none-eabi/9.1.0/../../../../arm-none-eabi/lib/thumb\libstdc++.a(eh_personality.o)
 .text._ZL17parse_lsda_headerP15_Unwind_ContextPKhP16lsda_header_info
                0x00000000020075e4       0x98 c:/devkitpro/devkitarm/bin/../lib/gcc/arm-none-eabi/9.1.0/../../../../arm-none-eabi/lib/thumb\libstdc++.a(eh_personality.o)
 .text.__gxx_personality_v0
                0x000000000200767c      0x494 c:/devkitpro/devkitarm/bin/../lib/gcc/arm-none-eabi/9.1.0/../../../../arm-none-eabi/lib/thumb\libstdc++.a(eh_personality.o)
                0x000000000200767c                __gxx_personality_v0
 .text._ZN10__cxxabiv111__terminateEPFvvE
                0x0000000002007b10       0x2c c:/devkitpro/devkitarm/bin/../lib/gcc/arm-none-eabi/9.1.0/../../../../arm-none-eabi/lib/thumb\libstdc++.a(eh_terminate.o)
                0x0000000002007b10                __cxxabiv1::__terminate(void (*)())
 .text._ZSt9terminatev
                0x0000000002007b3c       0x10 c:/devkitpro/devkitarm/bin/../lib/gcc/arm-none-eabi/9.1.0/../../../../arm-none-eabi/lib/thumb\libstdc++.a(eh_terminate.o)
                0x0000000002007b3c                std::terminate()
 .text._ZN10__cxxabiv112__unexpectedEPFvvE
                0x0000000002007b4c        0xc c:/devkitpro/devkitarm/bin/../lib/gcc/arm-none-eabi/9.1.0/../../../../arm-none-eabi/lib/thumb\libstdc++.a(eh_terminate.o)
                0x0000000002007b4c                __cxxabiv1::__unexpected(void (*)())
 .text._ZSt10unexpectedv
                0x0000000002007b58       0x10 c:/devkitpro/devkitarm/bin/../lib/gcc/arm-none-eabi/9.1.0/../../../../arm-none-eabi/lib/thumb\libstdc++.a(eh_terminate.o)
                0x0000000002007b58                std::unexpected()
 .text._ZSt13get_terminatev
                0x0000000002007b68        0xc c:/devkitpro/devkitarm/bin/../lib/gcc/arm-none-eabi/9.1.0/../../../../arm-none-eabi/lib/thumb\libstdc++.a(eh_terminate.o)
                0x0000000002007b68                std::get_terminate()
 .text._ZSt14get_unexpectedv
                0x0000000002007b74        0xc c:/devkitpro/devkitarm/bin/../lib/gcc/arm-none-eabi/9.1.0/../../../../arm-none-eabi/lib/thumb\libstdc++.a(eh_terminate.o)
                0x0000000002007b74                std::get_unexpected()
 .text._ZL23__gxx_exception_cleanup19_Unwind_Reason_CodeP21_Unwind_Control_Block
                0x0000000002007b80       0x3c c:/devkitpro/devkitarm/bin/../lib/gcc/arm-none-eabi/9.1.0/../../../../arm-none-eabi/lib/thumb\libstdc++.a(eh_throw.o)
 .text.__cxa_init_primary_exception
                0x0000000002007bbc       0x50 c:/devkitpro/devkitarm/bin/../lib/gcc/arm-none-eabi/9.1.0/../../../../arm-none-eabi/lib/thumb\libstdc++.a(eh_throw.o)
                0x0000000002007bbc                __cxa_init_primary_exception
 .text.__cxa_throw
                0x0000000002007c0c       0x34 c:/devkitpro/devkitarm/bin/../lib/gcc/arm-none-eabi/9.1.0/../../../../arm-none-eabi/lib/thumb\libstdc++.a(eh_throw.o)
                0x0000000002007c0c                __cxa_throw
 .text.__cxa_rethrow
                0x0000000002007c40       0x70 c:/devkitpro/devkitarm/bin/../lib/gcc/arm-none-eabi/9.1.0/../../../../arm-none-eabi/lib/thumb\libstdc++.a(eh_throw.o)
                0x0000000002007c40                __cxa_rethrow
 .text._ZSt15get_new_handlerv
                0x0000000002007cb0        0xc c:/devkitpro/devkitarm/bin/../lib/gcc/arm-none-eabi/9.1.0/../../../../arm-none-eabi/lib/thumb\libstdc++.a(new_handler.o)
                0x0000000002007cb0                std::get_new_handler()
 .text._ZN10__cxxabiv120__si_class_type_infoD2Ev
                0x0000000002007cbc       0x1c c:/devkitpro/devkitarm/bin/../lib/gcc/arm-none-eabi/9.1.0/../../../../arm-none-eabi/lib/thumb\libstdc++.a(si_class_type_info.o)
                0x0000000002007cbc                __cxxabiv1::__si_class_type_info::~__si_class_type_info()
                0x0000000002007cbc                __cxxabiv1::__si_class_type_info::~__si_class_type_info()
 .text._ZN10__cxxabiv120__si_class_type_infoD0Ev
                0x0000000002007cd8       0x24 c:/devkitpro/devkitarm/bin/../lib/gcc/arm-none-eabi/9.1.0/../../../../arm-none-eabi/lib/thumb\libstdc++.a(si_class_type_info.o)
                0x0000000002007cd8                __cxxabiv1::__si_class_type_info::~__si_class_type_info()
 .text._ZNK10__cxxabiv120__si_class_type_info20__do_find_public_srcEiPKvPKNS_17__class_type_infoES2_
                0x0000000002007cfc       0x40 c:/devkitpro/devkitarm/bin/../lib/gcc/arm-none-eabi/9.1.0/../../../../arm-none-eabi/lib/thumb\libstdc++.a(si_class_type_info.o)
                0x0000000002007cfc                __cxxabiv1::__si_class_type_info::__do_find_public_src(int, void const*, __cxxabiv1::__class_type_info const*, void const*) const
 .text._ZNK10__cxxabiv120__si_class_type_info12__do_dyncastEiNS_17__class_type_info10__sub_kindEPKS1_PKvS4_S6_RNS1_16__dyncast_resultE
                0x0000000002007d3c       0xa4 c:/devkitpro/devkitarm/bin/../lib/gcc/arm-none-eabi/9.1.0/../../../../arm-none-eabi/lib/thumb\libstdc++.a(si_class_type_info.o)
                0x0000000002007d3c                __cxxabiv1::__si_class_type_info::__do_dyncast(int, __cxxabiv1::__class_type_info::__sub_kind, __cxxabiv1::__class_type_info const*, void const*, __cxxabiv1::__class_type_info const*, void const*, __cxxabiv1::__class_type_info::__dyncast_result&) const
 .text._ZNK10__cxxabiv120__si_class_type_info11__do_upcastEPKNS_17__class_type_infoEPKvRNS1_15__upcast_resultE
                0x0000000002007de0       0x2c c:/devkitpro/devkitarm/bin/../lib/gcc/arm-none-eabi/9.1.0/../../../../arm-none-eabi/lib/thumb\libstdc++.a(si_class_type_info.o)
                0x0000000002007de0                __cxxabiv1::__si_class_type_info::__do_upcast(__cxxabiv1::__class_type_info const*, void const*, __cxxabiv1::__class_type_info::__upcast_result&) const
 .text._ZNSt9type_infoD2Ev
                0x0000000002007e0c        0x4 c:/devkitpro/devkitarm/bin/../lib/gcc/arm-none-eabi/9.1.0/../../../../arm-none-eabi/lib/thumb\libstdc++.a(tinfo.o)
                0x0000000002007e0c                std::type_info::~type_info()
                0x0000000002007e0c                std::type_info::~type_info()
 .text._ZNKSt9type_info14__is_pointer_pEv
                0x0000000002007e10        0x4 c:/devkitpro/devkitarm/bin/../lib/gcc/arm-none-eabi/9.1.0/../../../../arm-none-eabi/lib/thumb\libstdc++.a(tinfo.o)
                0x0000000002007e10                std::type_info::__is_pointer_p() const
                0x0000000002007e10                std::type_info::__is_function_p() const
 .text._ZNKSt9type_infoeqERKS_
                0x0000000002007e14       0x30 c:/devkitpro/devkitarm/bin/../lib/gcc/arm-none-eabi/9.1.0/../../../../arm-none-eabi/lib/thumb\libstdc++.a(tinfo.o)
                0x0000000002007e14                std::type_info::operator==(std::type_info const&) const
 .text._ZNKSt11logic_error4whatEv
                0x0000000002007e44        0x4 c:/devkitpro/devkitarm/bin/../lib/gcc/arm-none-eabi/9.1.0/../../../../arm-none-eabi/lib/thumb\libstdc++.a(stdexcept.o)
                0x0000000002007e44                std::logic_error::what() const
 .text._ZNSt11logic_errorD2Ev
                0x0000000002007e48       0x44 c:/devkitpro/devkitarm/bin/../lib/gcc/arm-none-eabi/9.1.0/../../../../arm-none-eabi/lib/thumb\libstdc++.a(stdexcept.o)
                0x0000000002007e48                std::logic_error::~logic_error()
                0x0000000002007e48                std::logic_error::~logic_error()
 .text._ZNSt11logic_errorD0Ev
                0x0000000002007e8c       0x18 c:/devkitpro/devkitarm/bin/../lib/gcc/arm-none-eabi/9.1.0/../../../../arm-none-eabi/lib/thumb\libstdc++.a(stdexcept.o)
                0x0000000002007e8c                std::logic_error::~logic_error()
 .text._ZNSt12length_errorD2Ev
                0x0000000002007ea4       0x1c c:/devkitpro/devkitarm/bin/../lib/gcc/arm-none-eabi/9.1.0/../../../../arm-none-eabi/lib/thumb\libstdc++.a(stdexcept.o)
                0x0000000002007ea4                std::length_error::~length_error()
                0x0000000002007ea4                std::length_error::~length_error()
 .text._ZNSt12length_errorD0Ev
                0x0000000002007ec0       0x20 c:/devkitpro/devkitarm/bin/../lib/gcc/arm-none-eabi/9.1.0/../../../../arm-none-eabi/lib/thumb\libstdc++.a(stdexcept.o)
                0x0000000002007ec0                std::length_error::~length_error()
 .text._ZNSt11logic_errorC2EPKc
                0x0000000002007ee0       0x28 c:/devkitpro/devkitarm/bin/../lib/gcc/arm-none-eabi/9.1.0/../../../../arm-none-eabi/lib/thumb\libstdc++.a(cow-stdexcept.o)
                0x0000000002007ee0                std::logic_error::logic_error(char const*)
                0x0000000002007ee0                std::logic_error::logic_error(char const*)
 .text._ZNSt12length_errorC2EPKc
                0x0000000002007f08       0x18 c:/devkitpro/devkitarm/bin/../lib/gcc/arm-none-eabi/9.1.0/../../../../arm-none-eabi/lib/thumb\libstdc++.a(cow-stdexcept.o)
                0x0000000002007f08                std::length_error::length_error(char const*)
                0x0000000002007f08                std::length_error::length_error(char const*)
 .text._ZNSs4_Rep9_S_createEjjRKSaIcE
                0x0000000002007f20       0x64 c:/devkitpro/devkitarm/bin/../lib/gcc/arm-none-eabi/9.1.0/../../../../arm-none-eabi/lib/thumb\libstdc++.a(cow-string-inst.o)
                0x0000000002007f20                std::string::_Rep::_S_create(unsigned int, unsigned int, std::allocator<char> const&)
 .text._ZNSs12_S_constructIPcEES0_T_S1_RKSaIcESt20forward_iterator_tag.part.0
                0x0000000002007f84       0x4c c:/devkitpro/devkitarm/bin/../lib/gcc/arm-none-eabi/9.1.0/../../../../arm-none-eabi/lib/thumb\libstdc++.a(cow-string-inst.o)
 .text._ZNSs4_Rep10_M_destroyERKSaIcE
                0x0000000002007fd0        0xc c:/devkitpro/devkitarm/bin/../lib/gcc/arm-none-eabi/9.1.0/../../../../arm-none-eabi/lib/thumb\libstdc++.a(cow-string-inst.o)
                0x0000000002007fd0                std::string::_Rep::_M_destroy(std::allocator<char> const&)
 .text._ZNSs12_S_constructIPKcEEPcT_S3_RKSaIcESt20forward_iterator_tag
                0x0000000002007fdc       0x28 c:/devkitpro/devkitarm/bin/../lib/gcc/arm-none-eabi/9.1.0/../../../../arm-none-eabi/lib/thumb\libstdc++.a(cow-string-inst.o)
                0x0000000002007fdc                char* std::string::_S_construct<char const*>(char const*, char const*, std::allocator<char> const&, std::forward_iterator_tag)
 .text._ZNSsC2EPKcRKSaIcE
                0x0000000002008004       0x30 c:/devkitpro/devkitarm/bin/../lib/gcc/arm-none-eabi/9.1.0/../../../../arm-none-eabi/lib/thumb\libstdc++.a(cow-string-inst.o)
                0x0000000002008004                std::basic_string<char, std::char_traits<char>, std::allocator<char> >::basic_string(char const*, std::allocator<char> const&)
                0x0000000002008004                std::basic_string<char, std::char_traits<char>, std::allocator<char> >::basic_string(char const*, std::allocator<char> const&)
 .text._ZNK10__cxxabiv117__class_type_info11__do_upcastEPKS0_PPv
                0x0000000002008034       0x40 c:/devkitpro/devkitarm/bin/../lib/gcc/arm-none-eabi/9.1.0/../../../../arm-none-eabi/lib/thumb\libstdc++.a(class_type_info.o)
                0x0000000002008034                __cxxabiv1::__class_type_info::__do_upcast(__cxxabiv1::__class_type_info const*, void**) const
 .text._ZNK10__cxxabiv117__class_type_info20__do_find_public_srcEiPKvPKS0_S2_
                0x0000000002008074       0x14 c:/devkitpro/devkitarm/bin/../lib/gcc/arm-none-eabi/9.1.0/../../../../arm-none-eabi/lib/thumb\libstdc++.a(class_type_info.o)
                0x0000000002008074                __cxxabiv1::__class_type_info::__do_find_public_src(int, void const*, __cxxabiv1::__class_type_info const*, void const*) const
 .text._ZN10__cxxabiv117__class_type_infoD2Ev
                0x0000000002008088       0x1c c:/devkitpro/devkitarm/bin/../lib/gcc/arm-none-eabi/9.1.0/../../../../arm-none-eabi/lib/thumb\libstdc++.a(class_type_info.o)
                0x0000000002008088                __cxxabiv1::__class_type_info::~__class_type_info()
                0x0000000002008088                __cxxabiv1::__class_type_info::~__class_type_info()
 .text._ZN10__cxxabiv117__class_type_infoD0Ev
                0x00000000020080a4       0x24 c:/devkitpro/devkitarm/bin/../lib/gcc/arm-none-eabi/9.1.0/../../../../arm-none-eabi/lib/thumb\libstdc++.a(class_type_info.o)
                0x00000000020080a4                __cxxabiv1::__class_type_info::~__class_type_info()
 .text._ZNK10__cxxabiv117__class_type_info12__do_dyncastEiNS0_10__sub_kindEPKS0_PKvS3_S5_RNS0_16__dyncast_resultE
                0x00000000020080c8       0x44 c:/devkitpro/devkitarm/bin/../lib/gcc/arm-none-eabi/9.1.0/../../../../arm-none-eabi/lib/thumb\libstdc++.a(class_type_info.o)
                0x00000000020080c8                __cxxabiv1::__class_type_info::__do_dyncast(int, __cxxabiv1::__class_type_info::__sub_kind, __cxxabiv1::__class_type_info const*, void const*, __cxxabiv1::__class_type_info const*, void const*, __cxxabiv1::__class_type_info::__dyncast_result&) const
 .text._ZNK10__cxxabiv117__class_type_info11__do_upcastEPKS0_PKvRNS0_15__upcast_resultE
                0x000000000200810c       0x20 c:/devkitpro/devkitarm/bin/../lib/gcc/arm-none-eabi/9.1.0/../../../../arm-none-eabi/lib/thumb\libstdc++.a(class_type_info.o)
                0x000000000200810c                __cxxabiv1::__class_type_info::__do_upcast(__cxxabiv1::__class_type_info const*, void const*, __cxxabiv1::__class_type_info::__upcast_result&) const
 .text._ZNK10__cxxabiv117__class_type_info10__do_catchEPKSt9type_infoPPvj
                0x000000000200812c       0x2c c:/devkitpro/devkitarm/bin/../lib/gcc/arm-none-eabi/9.1.0/../../../../arm-none-eabi/lib/thumb\libstdc++.a(class_type_info.o)
                0x000000000200812c                __cxxabiv1::__class_type_info::__do_catch(std::type_info const*, void**, unsigned int) const
 .text._ZN10__cxxabiv1L24__is_gxx_exception_classEPc
                0x0000000002008158       0x3c c:/devkitpro/devkitarm/bin/../lib/gcc/arm-none-eabi/9.1.0/../../../../arm-none-eabi/lib/thumb\libstdc++.a(eh_call.o)
 .text.__cxa_call_terminate
                0x0000000002008194       0x20 c:/devkitpro/devkitarm/bin/../lib/gcc/arm-none-eabi/9.1.0/../../../../arm-none-eabi/lib/thumb\libstdc++.a(eh_call.o)
                0x0000000002008194                __cxa_call_terminate
 .text.unlikely.__cxa_call_unexpected
                0x00000000020081b4      0x104 c:/devkitpro/devkitarm/bin/../lib/gcc/arm-none-eabi/9.1.0/../../../../arm-none-eabi/lib/thumb\libstdc++.a(eh_call.o)
                0x00000000020081b4                __cxa_call_unexpected
 .text.__cxa_begin_catch
                0x00000000020082b8       0x78 c:/devkitpro/devkitarm/bin/../lib/gcc/arm-none-eabi/9.1.0/../../../../arm-none-eabi/lib/thumb\libstdc++.a(eh_catch.o)
                0x00000000020082b8                __cxa_begin_catch
 .text.__cxa_end_catch
                0x0000000002008330       0x94 c:/devkitpro/devkitarm/bin/../lib/gcc/arm-none-eabi/9.1.0/../../../../arm-none-eabi/lib/thumb\libstdc++.a(eh_catch.o)
                0x0000000002008330                __cxa_end_catch
 .text.__muldi3
                0x00000000020083c4       0x54 c:/devkitpro/devkitarm/bin/../lib/gcc/arm-none-eabi/9.1.0/thumb\libgcc.a(_muldi3.o)
                0x00000000020083c4                __muldi3
                0x00000000020083c4                __aeabi_lmul
 .text.selfrel_offset31
                0x0000000002008418       0x18 c:/devkitpro/devkitarm/bin/../lib/gcc/arm-none-eabi/9.1.0/thumb\libgcc.a(unwind-arm.o)
 .text.search_EIT_table
                0x0000000002008430       0x74 c:/devkitpro/devkitarm/bin/../lib/gcc/arm-none-eabi/9.1.0/thumb\libgcc.a(unwind-arm.o)
 .text.__gnu_unwind_get_pr_addr
                0x00000000020084a4       0x2c c:/devkitpro/devkitarm/bin/../lib/gcc/arm-none-eabi/9.1.0/thumb\libgcc.a(unwind-arm.o)
 .text.get_eit_entry
                0x00000000020084d0       0xa0 c:/devkitpro/devkitarm/bin/../lib/gcc/arm-none-eabi/9.1.0/thumb\libgcc.a(unwind-arm.o)
 .text.restore_non_core_regs
                0x0000000002008570       0x5c c:/devkitpro/devkitarm/bin/../lib/gcc/arm-none-eabi/9.1.0/thumb\libgcc.a(unwind-arm.o)
 .text._Unwind_decode_typeinfo_ptr.isra.0
                0x00000000020085cc        0xc c:/devkitpro/devkitarm/bin/../lib/gcc/arm-none-eabi/9.1.0/thumb\libgcc.a(unwind-arm.o)
 .text._Unwind_DebugHook
                0x00000000020085d8        0x4 c:/devkitpro/devkitarm/bin/../lib/gcc/arm-none-eabi/9.1.0/thumb\libgcc.a(unwind-arm.o)
 .text.unwind_phase2
                0x00000000020085dc       0x40 c:/devkitpro/devkitarm/bin/../lib/gcc/arm-none-eabi/9.1.0/thumb\libgcc.a(unwind-arm.o)
 .text.unwind_phase2_forced
                0x000000000200861c       0xe0 c:/devkitpro/devkitarm/bin/../lib/gcc/arm-none-eabi/9.1.0/thumb\libgcc.a(unwind-arm.o)
 .text.__gnu_Unwind_RaiseException
                0x00000000020086fc       0x5c c:/devkitpro/devkitarm/bin/../lib/gcc/arm-none-eabi/9.1.0/thumb\libgcc.a(unwind-arm.o)
                0x00000000020086fc                __gnu_Unwind_RaiseException
 .text.__gnu_Unwind_ForcedUnwind
                0x0000000002008758       0x18 c:/devkitpro/devkitarm/bin/../lib/gcc/arm-none-eabi/9.1.0/thumb\libgcc.a(unwind-arm.o)
                0x0000000002008758                __gnu_Unwind_ForcedUnwind
 .text.__gnu_Unwind_Resume
                0x0000000002008770       0x4c c:/devkitpro/devkitarm/bin/../lib/gcc/arm-none-eabi/9.1.0/thumb\libgcc.a(unwind-arm.o)
                0x0000000002008770                __gnu_Unwind_Resume
 .text.__gnu_Unwind_Resume_or_Rethrow
                0x00000000020087bc       0x20 c:/devkitpro/devkitarm/bin/../lib/gcc/arm-none-eabi/9.1.0/thumb\libgcc.a(unwind-arm.o)
                0x00000000020087bc                __gnu_Unwind_Resume_or_Rethrow
 .text._Unwind_Complete
                0x00000000020087dc        0x4 c:/devkitpro/devkitarm/bin/../lib/gcc/arm-none-eabi/9.1.0/thumb\libgcc.a(unwind-arm.o)
                0x00000000020087dc                _Unwind_Complete
 .text._Unwind_DeleteException
                0x00000000020087e0       0x18 c:/devkitpro/devkitarm/bin/../lib/gcc/arm-none-eabi/9.1.0/thumb\libgcc.a(unwind-arm.o)
                0x00000000020087e0                _Unwind_DeleteException
 .text._Unwind_VRS_Get
                0x00000000020087f8       0x38 c:/devkitpro/devkitarm/bin/../lib/gcc/arm-none-eabi/9.1.0/thumb\libgcc.a(unwind-arm.o)
                0x00000000020087f8                _Unwind_VRS_Get
 .text._Unwind_GetGR
                0x0000000002008830       0x1c c:/devkitpro/devkitarm/bin/../lib/gcc/arm-none-eabi/9.1.0/thumb\libgcc.a(unwind-arm.o)
 .text._Unwind_VRS_Set
                0x000000000200884c       0x38 c:/devkitpro/devkitarm/bin/../lib/gcc/arm-none-eabi/9.1.0/thumb\libgcc.a(unwind-arm.o)
                0x000000000200884c                _Unwind_VRS_Set
 .text._Unwind_SetGR
                0x0000000002008884       0x1c c:/devkitpro/devkitarm/bin/../lib/gcc/arm-none-eabi/9.1.0/thumb\libgcc.a(unwind-arm.o)
 .text.__gnu_Unwind_Backtrace
                0x00000000020088a0       0x80 c:/devkitpro/devkitarm/bin/../lib/gcc/arm-none-eabi/9.1.0/thumb\libgcc.a(unwind-arm.o)
                0x00000000020088a0                __gnu_Unwind_Backtrace
 .text.__gnu_unwind_pr_common
                0x0000000002008920      0x2d8 c:/devkitpro/devkitarm/bin/../lib/gcc/arm-none-eabi/9.1.0/thumb\libgcc.a(unwind-arm.o)
 .text.__aeabi_unwind_cpp_pr0
                0x0000000002008bf8       0x10 c:/devkitpro/devkitarm/bin/../lib/gcc/arm-none-eabi/9.1.0/thumb\libgcc.a(unwind-arm.o)
                0x0000000002008bf8                __aeabi_unwind_cpp_pr0
 .text.__aeabi_unwind_cpp_pr1
                0x0000000002008c08       0x10 c:/devkitpro/devkitarm/bin/../lib/gcc/arm-none-eabi/9.1.0/thumb\libgcc.a(unwind-arm.o)
                0x0000000002008c08                __aeabi_unwind_cpp_pr1
 .text.__aeabi_unwind_cpp_pr2
                0x0000000002008c18       0x10 c:/devkitpro/devkitarm/bin/../lib/gcc/arm-none-eabi/9.1.0/thumb\libgcc.a(unwind-arm.o)
                0x0000000002008c18                __aeabi_unwind_cpp_pr2
 .text._Unwind_VRS_Pop
                0x0000000002008c28      0x2bc c:/devkitpro/devkitarm/bin/../lib/gcc/arm-none-eabi/9.1.0/thumb\libgcc.a(unwind-arm.o)
                0x0000000002008c28                _Unwind_VRS_Pop
 .text.next_unwind_byte
                0x0000000002008ee4       0x34 c:/devkitpro/devkitarm/bin/../lib/gcc/arm-none-eabi/9.1.0/thumb\libgcc.a(pr-support.o)
 .text._Unwind_GetGR.constprop.0
                0x0000000002008f18       0x1c c:/devkitpro/devkitarm/bin/../lib/gcc/arm-none-eabi/9.1.0/thumb\libgcc.a(pr-support.o)
 .text.unwind_UCB_from_context
                0x0000000002008f34        0xc c:/devkitpro/devkitarm/bin/../lib/gcc/arm-none-eabi/9.1.0/thumb\libgcc.a(pr-support.o)
 .text.__gnu_unwind_execute
                0x0000000002008f40      0x2f0 c:/devkitpro/devkitarm/bin/../lib/gcc/arm-none-eabi/9.1.0/thumb\libgcc.a(pr-support.o)
                0x0000000002008f40                __gnu_unwind_execute
 .text.__gnu_unwind_frame
                0x0000000002009230       0x2c c:/devkitpro/devkitarm/bin/../lib/gcc/arm-none-eabi/9.1.0/thumb\libgcc.a(pr-support.o)
                0x0000000002009230                __gnu_unwind_frame
 .text._Unwind_GetRegionStart
                0x000000000200925c       0x10 c:/devkitpro/devkitarm/bin/../lib/gcc/arm-none-eabi/9.1.0/thumb\libgcc.a(pr-support.o)
                0x000000000200925c                _Unwind_GetRegionStart
 .text._Unwind_GetLanguageSpecificData
                0x000000000200926c       0x18 c:/devkitpro/devkitarm/bin/../lib/gcc/arm-none-eabi/9.1.0/thumb\libgcc.a(pr-support.o)
                0x000000000200926c                _Unwind_GetLanguageSpecificData
 .text.unlikely._Unwind_GetDataRelBase
                0x0000000002009284        0x6 c:/devkitpro/devkitarm/bin/../lib/gcc/arm-none-eabi/9.1.0/thumb\libgcc.a(pr-support.o)
                0x0000000002009284                _Unwind_GetDataRelBase
 .text.unlikely._Unwind_GetTextRelBase
                0x000000000200928a        0x6 c:/devkitpro/devkitarm/bin/../lib/gcc/arm-none-eabi/9.1.0/thumb\libgcc.a(pr-support.o)
                0x000000000200928a                _Unwind_GetTextRelBase
 .text.abort    0x0000000002009290       0x10 c:/devkitpro/devkitarm/bin/../lib/gcc/arm-none-eabi/9.1.0/../../../../arm-none-eabi/lib/thumb\libg.a(lib_a-abort.o)
                0x0000000002009290                abort
 .text.calloc   0x00000000020092a0       0x18 c:/devkitpro/devkitarm/bin/../lib/gcc/arm-none-eabi/9.1.0/../../../../arm-none-eabi/lib/thumb\libg.a(lib_a-calloc.o)
                0x00000000020092a0                calloc
 .text._calloc_r
                0x00000000020092b8       0x60 c:/devkitpro/devkitarm/bin/../lib/gcc/arm-none-eabi/9.1.0/../../../../arm-none-eabi/lib/thumb\libg.a(lib_a-callocr.o)
                0x00000000020092b8                _calloc_r
 .text.gmtime   0x0000000002009318       0x18 c:/devkitpro/devkitarm/bin/../lib/gcc/arm-none-eabi/9.1.0/../../../../arm-none-eabi/lib/thumb\libg.a(lib_a-gmtime.o)
                0x0000000002009318                gmtime
 .text.gmtime_r
                0x0000000002009330      0x1d8 c:/devkitpro/devkitarm/bin/../lib/gcc/arm-none-eabi/9.1.0/../../../../arm-none-eabi/lib/thumb\libg.a(lib_a-gmtime_r.o)
                0x0000000002009330                gmtime_r
 .text.__libc_init_array
                0x0000000002009508       0x50 c:/devkitpro/devkitarm/bin/../lib/gcc/arm-none-eabi/9.1.0/../../../../arm-none-eabi/lib/thumb\libg.a(lib_a-init.o)
                0x0000000002009508                __libc_init_array
 .text.iprintf  0x0000000002009558       0x24 c:/devkitpro/devkitarm/bin/../lib/gcc/arm-none-eabi/9.1.0/../../../../arm-none-eabi/lib/thumb\libg.a(lib_a-iprintf.o)
                0x0000000002009558                iprintf
 .text.__swhatbuf_r
                0x000000000200957c       0x64 c:/devkitpro/devkitarm/bin/../lib/gcc/arm-none-eabi/9.1.0/../../../../arm-none-eabi/lib/thumb\libg.a(lib_a-makebuf.o)
                0x000000000200957c                __swhatbuf_r
 .text.__smakebuf_r
                0x00000000020095e0       0x98 c:/devkitpro/devkitarm/bin/../lib/gcc/arm-none-eabi/9.1.0/../../../../arm-none-eabi/lib/thumb\libg.a(lib_a-makebuf.o)
                0x00000000020095e0                __smakebuf_r
 .text.malloc   0x0000000002009678       0x14 c:/devkitpro/devkitarm/bin/../lib/gcc/arm-none-eabi/9.1.0/../../../../arm-none-eabi/lib/thumb\libg.a(lib_a-malloc.o)
                0x0000000002009678                malloc
 .text.free     0x000000000200968c       0x14 c:/devkitpro/devkitarm/bin/../lib/gcc/arm-none-eabi/9.1.0/../../../../arm-none-eabi/lib/thumb\libg.a(lib_a-malloc.o)
                0x000000000200968c                free
 .text._malloc_r
                0x00000000020096a0      0x59c c:/devkitpro/devkitarm/bin/../lib/gcc/arm-none-eabi/9.1.0/../../../../arm-none-eabi/lib/thumb\libg.a(lib_a-mallocr.o)
                0x00000000020096a0                _malloc_r
 .text.memchr   0x0000000002009c3c       0x78 c:/devkitpro/devkitarm/bin/../lib/gcc/arm-none-eabi/9.1.0/../../../../arm-none-eabi/lib/thumb\libg.a(lib_a-memchr-stub.o)
                0x0000000002009c3c                memchr
 .text.memcpy   0x0000000002009cb4       0xa8 c:/devkitpro/devkitarm/bin/../lib/gcc/arm-none-eabi/9.1.0/../../../../arm-none-eabi/lib/thumb\libg.a(lib_a-memcpy-stub.o)
                0x0000000002009cb4                memcpy
 .text.memmove  0x0000000002009d5c       0xb0 c:/devkitpro/devkitarm/bin/../lib/gcc/arm-none-eabi/9.1.0/../../../../arm-none-eabi/lib/thumb\libg.a(lib_a-memmove.o)
                0x0000000002009d5c                memmove
 .text.memset   0x0000000002009e0c       0xb0 c:/devkitpro/devkitarm/bin/../lib/gcc/arm-none-eabi/9.1.0/../../../../arm-none-eabi/lib/thumb\libg.a(lib_a-memset.o)
                0x0000000002009e0c                memset
 .text.__malloc_lock
                0x0000000002009ebc       0x14 c:/devkitpro/devkitarm/bin/../lib/gcc/arm-none-eabi/9.1.0/../../../../arm-none-eabi/lib/thumb\libg.a(lib_a-mlock.o)
                0x0000000002009ebc                __malloc_lock
 .text.__malloc_unlock
                0x0000000002009ed0       0x14 c:/devkitpro/devkitarm/bin/../lib/gcc/arm-none-eabi/9.1.0/../../../../arm-none-eabi/lib/thumb\libg.a(lib_a-mlock.o)
                0x0000000002009ed0                __malloc_unlock
 .text.printf   0x0000000002009ee4       0x24 c:/devkitpro/devkitarm/bin/../lib/gcc/arm-none-eabi/9.1.0/../../../../arm-none-eabi/lib/thumb\libg.a(lib_a-printf.o)
                0x0000000002009ee4                printf
 .text._puts_r  0x0000000002009f08       0x84 c:/devkitpro/devkitarm/bin/../lib/gcc/arm-none-eabi/9.1.0/../../../../arm-none-eabi/lib/thumb\libg.a(lib_a-puts.o)
                0x0000000002009f08                _puts_r
 .text.puts     0x0000000002009f8c       0x14 c:/devkitpro/devkitarm/bin/../lib/gcc/arm-none-eabi/9.1.0/../../../../arm-none-eabi/lib/thumb\libg.a(lib_a-puts.o)
                0x0000000002009f8c                puts
 .text.realloc  0x0000000002009fa0       0x18 c:/devkitpro/devkitarm/bin/../lib/gcc/arm-none-eabi/9.1.0/../../../../arm-none-eabi/lib/thumb\libg.a(lib_a-realloc.o)
                0x0000000002009fa0                realloc
 .text._realloc_r
                0x0000000002009fb8      0x38c c:/devkitpro/devkitarm/bin/../lib/gcc/arm-none-eabi/9.1.0/../../../../arm-none-eabi/lib/thumb\libg.a(lib_a-reallocr.o)
                0x0000000002009fb8                _realloc_r
 .text.setvbuf  0x000000000200a344      0x1ac c:/devkitpro/devkitarm/bin/../lib/gcc/arm-none-eabi/9.1.0/../../../../arm-none-eabi/lib/thumb\libg.a(lib_a-setvbuf.o)
                0x000000000200a344                setvbuf
 .text._raise_r
                0x000000000200a4f0       0x64 c:/devkitpro/devkitarm/bin/../lib/gcc/arm-none-eabi/9.1.0/../../../../arm-none-eabi/lib/thumb\libg.a(lib_a-signal.o)
                0x000000000200a4f0                _raise_r
 .text.raise    0x000000000200a554       0x14 c:/devkitpro/devkitarm/bin/../lib/gcc/arm-none-eabi/9.1.0/../../../../arm-none-eabi/lib/thumb\libg.a(lib_a-signal.o)
                0x000000000200a554                raise
 .text.siscanf  0x000000000200a568       0x4c c:/devkitpro/devkitarm/bin/../lib/gcc/arm-none-eabi/9.1.0/../../../../arm-none-eabi/lib/thumb\libg.a(lib_a-siscanf.o)
                0x000000000200a568                siscanf
 .text.__sread  0x000000000200a5b4       0x34 c:/devkitpro/devkitarm/bin/../lib/gcc/arm-none-eabi/9.1.0/../../../../arm-none-eabi/lib/thumb\libg.a(lib_a-stdio.o)
                0x000000000200a5b4                __sread
 .text.__seofread
                0x000000000200a5e8        0x4 c:/devkitpro/devkitarm/bin/../lib/gcc/arm-none-eabi/9.1.0/../../../../arm-none-eabi/lib/thumb\libg.a(lib_a-stdio.o)
                0x000000000200a5e8                __seofread
 .text.__swrite
                0x000000000200a5ec       0x54 c:/devkitpro/devkitarm/bin/../lib/gcc/arm-none-eabi/9.1.0/../../../../arm-none-eabi/lib/thumb\libg.a(lib_a-stdio.o)
                0x000000000200a5ec                __swrite
 .text.__sseek  0x000000000200a640       0x40 c:/devkitpro/devkitarm/bin/../lib/gcc/arm-none-eabi/9.1.0/../../../../arm-none-eabi/lib/thumb\libg.a(lib_a-stdio.o)
                0x000000000200a640                __sseek
 .text.__sclose
                0x000000000200a680       0x10 c:/devkitpro/devkitarm/bin/../lib/gcc/arm-none-eabi/9.1.0/../../../../arm-none-eabi/lib/thumb\libg.a(lib_a-stdio.o)
                0x000000000200a680                __sclose
 .text.strlen   0x000000000200a690       0x60 c:/devkitpro/devkitarm/bin/../lib/gcc/arm-none-eabi/9.1.0/../../../../arm-none-eabi/lib/thumb\libg.a(lib_a-strlen-stub.o)
                0x000000000200a690                strlen
 .text._strtoul_l.isra.0
                0x000000000200a6f0      0x148 c:/devkitpro/devkitarm/bin/../lib/gcc/arm-none-eabi/9.1.0/../../../../arm-none-eabi/lib/thumb\libg.a(lib_a-strtoul.o)
 .text._strtoul_r
                0x000000000200a838        0xc c:/devkitpro/devkitarm/bin/../lib/gcc/arm-none-eabi/9.1.0/../../../../arm-none-eabi/lib/thumb\libg.a(lib_a-strtoul.o)
                0x000000000200a838                _strtoul_r
 .text.get_arg  0x000000000200a844       0x32 c:/devkitpro/devkitarm/bin/../lib/gcc/arm-none-eabi/9.1.0/../../../../arm-none-eabi/lib/thumb\libg.a(lib_a-svfiscanf.o)
 .text._sungetc_r
                0x000000000200a876       0x7e c:/devkitpro/devkitarm/bin/../lib/gcc/arm-none-eabi/9.1.0/../../../../arm-none-eabi/lib/thumb\libg.a(lib_a-svfiscanf.o)
                0x000000000200a876                _sungetc_r
 .text.__ssrefill_r
                0x000000000200a8f4       0x42 c:/devkitpro/devkitarm/bin/../lib/gcc/arm-none-eabi/9.1.0/../../../../arm-none-eabi/lib/thumb\libg.a(lib_a-svfiscanf.o)
                0x000000000200a8f4                __ssrefill_r
 .text._sfread_r
                0x000000000200a936       0x8a c:/devkitpro/devkitarm/bin/../lib/gcc/arm-none-eabi/9.1.0/../../../../arm-none-eabi/lib/thumb\libg.a(lib_a-svfiscanf.o)
                0x000000000200a936                _sfread_r
 .text.__ssvfiscanf_r
                0x000000000200a9c0     0x1b54 c:/devkitpro/devkitarm/bin/../lib/gcc/arm-none-eabi/9.1.0/../../../../arm-none-eabi/lib/thumb\libg.a(lib_a-svfiscanf.o)
                0x000000000200a9c0                __ssvfiscanf_r
 .text.time     0x000000000200c514       0x34 c:/devkitpro/devkitarm/bin/../lib/gcc/arm-none-eabi/9.1.0/../../../../arm-none-eabi/lib/thumb\libg.a(lib_a-time.o)
                0x000000000200c514                time
 .text.__submore
                0x000000000200c548       0x88 c:/devkitpro/devkitarm/bin/../lib/gcc/arm-none-eabi/9.1.0/../../../../arm-none-eabi/lib/thumb\libg.a(lib_a-ungetc.o)
                0x000000000200c548                __submore
 .text.get_arg  0x000000000200c5d0      0x3d8 c:/devkitpro/devkitarm/bin/../lib/gcc/arm-none-eabi/9.1.0/../../../../arm-none-eabi/lib/thumb\libg.a(lib_a-vfiprintf.o)
 .text.__sprint_r
                0x000000000200c9a8       0x20 c:/devkitpro/devkitarm/bin/../lib/gcc/arm-none-eabi/9.1.0/../../../../arm-none-eabi/lib/thumb\libg.a(lib_a-vfiprintf.o)
                0x000000000200c9a8                __sprint_r
 .text._vfiprintf_r
                0x000000000200c9c8     0x1804 c:/devkitpro/devkitarm/bin/../lib/gcc/arm-none-eabi/9.1.0/../../../../arm-none-eabi/lib/thumb\libg.a(lib_a-vfiprintf.o)
                0x000000000200c9c8                _vfiprintf_r
 .text.__sbprintf
                0x000000000200e1cc       0x8c c:/devkitpro/devkitarm/bin/../lib/gcc/arm-none-eabi/9.1.0/../../../../arm-none-eabi/lib/thumb\libg.a(lib_a-vfiprintf.o)
 .text.get_arg  0x000000000200e258      0x3d8 c:/devkitpro/devkitarm/bin/../lib/gcc/arm-none-eabi/9.1.0/../../../../arm-none-eabi/lib/thumb\libg.a(lib_a-vfprintf.o)
 .text._vfprintf_r
                0x000000000200e630     0x251c c:/devkitpro/devkitarm/bin/../lib/gcc/arm-none-eabi/9.1.0/../../../../arm-none-eabi/lib/thumb\libg.a(lib_a-vfprintf.o)
                0x000000000200e630                _vfprintf_r
 .text.__sbprintf
                0x0000000002010b4c       0x8c c:/devkitpro/devkitarm/bin/../lib/gcc/arm-none-eabi/9.1.0/../../../../arm-none-eabi/lib/thumb\libg.a(lib_a-vfprintf.o)
 .text._wcrtomb_r
                0x0000000002010bd8       0x5c c:/devkitpro/devkitarm/bin/../lib/gcc/arm-none-eabi/9.1.0/../../../../arm-none-eabi/lib/thumb\libg.a(lib_a-wcrtomb.o)
                0x0000000002010bd8                _wcrtomb_r
 .text._wcsrtombs_r
                0x0000000002010c34       0x1c c:/devkitpro/devkitarm/bin/../lib/gcc/arm-none-eabi/9.1.0/../../../../arm-none-eabi/lib/thumb\libg.a(lib_a-wcsrtombs.o)
                0x0000000002010c34                _wcsrtombs_r
 .text.__swsetup_r
                0x0000000002010c50       0xd8 c:/devkitpro/devkitarm/bin/../lib/gcc/arm-none-eabi/9.1.0/../../../../arm-none-eabi/lib/thumb\libg.a(lib_a-wsetup.o)
                0x0000000002010c50                __swsetup_r
 .text.quorem   0x0000000002010d28      0x14c c:/devkitpro/devkitarm/bin/../lib/gcc/arm-none-eabi/9.1.0/../../../../arm-none-eabi/lib/thumb\libg.a(lib_a-dtoa.o)
 .text._dtoa_r  0x0000000002010e74      0xf70 c:/devkitpro/devkitarm/bin/../lib/gcc/arm-none-eabi/9.1.0/../../../../arm-none-eabi/lib/thumb\libg.a(lib_a-dtoa.o)
                0x0000000002010e74                _dtoa_r
 .text.__sflush_r
                0x0000000002011de4      0x1c0 c:/devkitpro/devkitarm/bin/../lib/gcc/arm-none-eabi/9.1.0/../../../../arm-none-eabi/lib/thumb\libg.a(lib_a-fflush.o)
                0x0000000002011de4                __sflush_r
 .text._fflush_r
                0x0000000002011fa4       0x70 c:/devkitpro/devkitarm/bin/../lib/gcc/arm-none-eabi/9.1.0/../../../../arm-none-eabi/lib/thumb\libg.a(lib_a-fflush.o)
                0x0000000002011fa4                _fflush_r
 .text.std      0x0000000002012014       0x54 c:/devkitpro/devkitarm/bin/../lib/gcc/arm-none-eabi/9.1.0/../../../../arm-none-eabi/lib/thumb\libg.a(lib_a-findfp.o)
 .text._cleanup_r
                0x0000000002012068       0x14 c:/devkitpro/devkitarm/bin/../lib/gcc/arm-none-eabi/9.1.0/../../../../arm-none-eabi/lib/thumb\libg.a(lib_a-findfp.o)
                0x0000000002012068                _cleanup_r
 .text.__sinit  0x000000000201207c       0x64 c:/devkitpro/devkitarm/bin/../lib/gcc/arm-none-eabi/9.1.0/../../../../arm-none-eabi/lib/thumb\libg.a(lib_a-findfp.o)
                0x000000000201207c                __sinit
 .text.__sfp_lock_acquire
                0x00000000020120e0       0x14 c:/devkitpro/devkitarm/bin/../lib/gcc/arm-none-eabi/9.1.0/../../../../arm-none-eabi/lib/thumb\libg.a(lib_a-findfp.o)
                0x00000000020120e0                __sfp_lock_acquire
 .text.__sfp_lock_release
                0x00000000020120f4       0x14 c:/devkitpro/devkitarm/bin/../lib/gcc/arm-none-eabi/9.1.0/../../../../arm-none-eabi/lib/thumb\libg.a(lib_a-findfp.o)
                0x00000000020120f4                __sfp_lock_release
 .text._malloc_trim_r
                0x0000000002012108       0xa0 c:/devkitpro/devkitarm/bin/../lib/gcc/arm-none-eabi/9.1.0/../../../../arm-none-eabi/lib/thumb\libg.a(lib_a-freer.o)
                0x0000000002012108                _malloc_trim_r
 .text._free_r  0x00000000020121a8      0x1e0 c:/devkitpro/devkitarm/bin/../lib/gcc/arm-none-eabi/9.1.0/../../../../arm-none-eabi/lib/thumb\libg.a(lib_a-freer.o)
                0x00000000020121a8                _free_r
 .text.__sfvwrite_r
                0x0000000002012388      0x348 c:/devkitpro/devkitarm/bin/../lib/gcc/arm-none-eabi/9.1.0/../../../../arm-none-eabi/lib/thumb\libg.a(lib_a-fvwrite.o)
                0x0000000002012388                __sfvwrite_r
 .text._fwalk_reent
                0x00000000020126d0       0x50 c:/devkitpro/devkitarm/bin/../lib/gcc/arm-none-eabi/9.1.0/../../../../arm-none-eabi/lib/thumb\libg.a(lib_a-fwalk.o)
                0x00000000020126d0                _fwalk_reent
 .text.iswspace
                0x0000000002012720       0x10 c:/devkitpro/devkitarm/bin/../lib/gcc/arm-none-eabi/9.1.0/../../../../arm-none-eabi/lib/thumb\libg.a(lib_a-iswspace.o)
                0x0000000002012720                iswspace
 .text._localeconv_r
                0x0000000002012730        0x8 c:/devkitpro/devkitarm/bin/../lib/gcc/arm-none-eabi/9.1.0/../../../../arm-none-eabi/lib/thumb\libg.a(lib_a-localeconv.o)
                0x0000000002012730                _localeconv_r
 .text.__locale_mb_cur_max
                0x0000000002012738       0x10 c:/devkitpro/devkitarm/bin/../lib/gcc/arm-none-eabi/9.1.0/../../../../arm-none-eabi/lib/thumb\libg.a(lib_a-locale.o)
                0x0000000002012738                __locale_mb_cur_max
 .text._mbrtowc_r
                0x0000000002012748       0x60 c:/devkitpro/devkitarm/bin/../lib/gcc/arm-none-eabi/9.1.0/../../../../arm-none-eabi/lib/thumb\libg.a(lib_a-mbrtowc.o)
                0x0000000002012748                _mbrtowc_r
 .text.__utf8_mbtowc
                0x00000000020127a8      0x280 c:/devkitpro/devkitarm/bin/../lib/gcc/arm-none-eabi/9.1.0/../../../../arm-none-eabi/lib/thumb\libg.a(lib_a-mbtowc_r.o)
                0x00000000020127a8                __utf8_mbtowc
 .text._Balloc  0x0000000002012a28       0x54 c:/devkitpro/devkitarm/bin/../lib/gcc/arm-none-eabi/9.1.0/../../../../arm-none-eabi/lib/thumb\libg.a(lib_a-mprec.o)
                0x0000000002012a28                _Balloc
 .text._Bfree   0x0000000002012a7c       0x14 c:/devkitpro/devkitarm/bin/../lib/gcc/arm-none-eabi/9.1.0/../../../../arm-none-eabi/lib/thumb\libg.a(lib_a-mprec.o)
                0x0000000002012a7c                _Bfree
 .text.__multadd
                0x0000000002012a90       0x88 c:/devkitpro/devkitarm/bin/../lib/gcc/arm-none-eabi/9.1.0/../../../../arm-none-eabi/lib/thumb\libg.a(lib_a-mprec.o)
                0x0000000002012a90                __multadd
 .text.__hi0bits
                0x0000000002012b18       0x38 c:/devkitpro/devkitarm/bin/../lib/gcc/arm-none-eabi/9.1.0/../../../../arm-none-eabi/lib/thumb\libg.a(lib_a-mprec.o)
                0x0000000002012b18                __hi0bits
 .text.__lo0bits
                0x0000000002012b50       0x5c c:/devkitpro/devkitarm/bin/../lib/gcc/arm-none-eabi/9.1.0/../../../../arm-none-eabi/lib/thumb\libg.a(lib_a-mprec.o)
                0x0000000002012b50                __lo0bits
 .text.__i2b    0x0000000002012bac       0x18 c:/devkitpro/devkitarm/bin/../lib/gcc/arm-none-eabi/9.1.0/../../../../arm-none-eabi/lib/thumb\libg.a(lib_a-mprec.o)
                0x0000000002012bac                __i2b
 .text.__multiply
                0x0000000002012bc4      0x194 c:/devkitpro/devkitarm/bin/../lib/gcc/arm-none-eabi/9.1.0/../../../../arm-none-eabi/lib/thumb\libg.a(lib_a-mprec.o)
                0x0000000002012bc4                __multiply
 .text.__pow5mult
                0x0000000002012d58       0xc4 c:/devkitpro/devkitarm/bin/../lib/gcc/arm-none-eabi/9.1.0/../../../../arm-none-eabi/lib/thumb\libg.a(lib_a-mprec.o)
                0x0000000002012d58                __pow5mult
 .text.__lshift
                0x0000000002012e1c       0xf0 c:/devkitpro/devkitarm/bin/../lib/gcc/arm-none-eabi/9.1.0/../../../../arm-none-eabi/lib/thumb\libg.a(lib_a-mprec.o)
                0x0000000002012e1c                __lshift
 .text.__mcmp   0x0000000002012f0c       0x3c c:/devkitpro/devkitarm/bin/../lib/gcc/arm-none-eabi/9.1.0/../../../../arm-none-eabi/lib/thumb\libg.a(lib_a-mprec.o)
                0x0000000002012f0c                __mcmp
 .text.__mdiff  0x0000000002012f48      0x148 c:/devkitpro/devkitarm/bin/../lib/gcc/arm-none-eabi/9.1.0/../../../../arm-none-eabi/lib/thumb\libg.a(lib_a-mprec.o)
                0x0000000002012f48                __mdiff
 .text.__d2b    0x0000000002013090       0xc0 c:/devkitpro/devkitarm/bin/../lib/gcc/arm-none-eabi/9.1.0/../../../../arm-none-eabi/lib/thumb\libg.a(lib_a-mprec.o)
                0x0000000002013090                __d2b
 .text.__sccl   0x0000000002013150       0x90 c:/devkitpro/devkitarm/bin/../lib/gcc/arm-none-eabi/9.1.0/../../../../arm-none-eabi/lib/thumb\libg.a(lib_a-sccl.o)
                0x0000000002013150                __sccl
 .text.frexp    0x00000000020131e0       0x68 c:/devkitpro/devkitarm/bin/../lib/gcc/arm-none-eabi/9.1.0/../../../../arm-none-eabi/lib/thumb\libg.a(lib_a-s_frexp.o)
                0x00000000020131e0                frexp
 .text.strncpy  0x0000000002013248       0x74 c:/devkitpro/devkitarm/bin/../lib/gcc/arm-none-eabi/9.1.0/../../../../arm-none-eabi/lib/thumb\libg.a(lib_a-strncpy.o)
                0x0000000002013248                strncpy
 .text._strtoll_l.isra.0
                0x00000000020132bc      0x1ac c:/devkitpro/devkitarm/bin/../lib/gcc/arm-none-eabi/9.1.0/../../../../arm-none-eabi/lib/thumb\libg.a(lib_a-strtoll.o)
 .text._strtoll_r
                0x0000000002013468        0xc c:/devkitpro/devkitarm/bin/../lib/gcc/arm-none-eabi/9.1.0/../../../../arm-none-eabi/lib/thumb\libg.a(lib_a-strtoll.o)
                0x0000000002013468                _strtoll_r
 .text._strtol_l.isra.0
                0x0000000002013474      0x140 c:/devkitpro/devkitarm/bin/../lib/gcc/arm-none-eabi/9.1.0/../../../../arm-none-eabi/lib/thumb\libg.a(lib_a-strtol.o)
 .text._strtol_r
                0x00000000020135b4        0xc c:/devkitpro/devkitarm/bin/../lib/gcc/arm-none-eabi/9.1.0/../../../../arm-none-eabi/lib/thumb\libg.a(lib_a-strtol.o)
                0x00000000020135b4                _strtol_r
 .text._strtoull_l.isra.0
                0x00000000020135c0      0x1c8 c:/devkitpro/devkitarm/bin/../lib/gcc/arm-none-eabi/9.1.0/../../../../arm-none-eabi/lib/thumb\libg.a(lib_a-strtoull.o)
 .text._strtoull_r
                0x0000000002013788        0xc c:/devkitpro/devkitarm/bin/../lib/gcc/arm-none-eabi/9.1.0/../../../../arm-none-eabi/lib/thumb\libg.a(lib_a-strtoull.o)
                0x0000000002013788                _strtoull_r
 .text._wcsnrtombs_l
                0x0000000002013794      0x138 c:/devkitpro/devkitarm/bin/../lib/gcc/arm-none-eabi/9.1.0/../../../../arm-none-eabi/lib/thumb\libg.a(lib_a-wcsnrtombs.o)
                0x0000000002013794                _wcsnrtombs_l
 .text._wcsnrtombs_r
                0x00000000020138cc       0x30 c:/devkitpro/devkitarm/bin/../lib/gcc/arm-none-eabi/9.1.0/../../../../arm-none-eabi/lib/thumb\libg.a(lib_a-wcsnrtombs.o)
                0x00000000020138cc                _wcsnrtombs_r
 .text.__utf8_wctomb
                0x00000000020138fc       0xb4 c:/devkitpro/devkitarm/bin/../lib/gcc/arm-none-eabi/9.1.0/../../../../arm-none-eabi/lib/thumb\libg.a(lib_a-wctomb_r.o)
                0x00000000020138fc                __utf8_wctomb
 .text._fclose_r
                0x00000000020139b0       0xe8 c:/devkitpro/devkitarm/bin/../lib/gcc/arm-none-eabi/9.1.0/../../../../arm-none-eabi/lib/thumb\libg.a(lib_a-fclose.o)
                0x00000000020139b0                _fclose_r
 .text.iswspace_l
                0x0000000002013a98       0x2c c:/devkitpro/devkitarm/bin/../lib/gcc/arm-none-eabi/9.1.0/../../../../arm-none-eabi/lib/thumb\libg.a(lib_a-iswspace_l.o)
                0x0000000002013a98                iswspace_l
 .text.__jp2uc  0x0000000002013ac4      0x164 c:/devkitpro/devkitarm/bin/../lib/gcc/arm-none-eabi/9.1.0/../../../../arm-none-eabi/lib/thumb\libg.a(lib_a-jp2uc.o)
 .text._jp2uc_l
                0x0000000002013c28       0x6c c:/devkitpro/devkitarm/bin/../lib/gcc/arm-none-eabi/9.1.0/../../../../arm-none-eabi/lib/thumb\libg.a(lib_a-jp2uc.o)
                0x0000000002013c28                _jp2uc_l
 .text.category
                0x0000000002013c94       0x58 c:/devkitpro/devkitarm/bin/../lib/gcc/arm-none-eabi/9.1.0/../../../../arm-none-eabi/lib/thumb\libg.a(lib_a-categories.o)
                0x0000000002013c94                category
 .text.null_write
                0x0000000002013cec        0x4 c:/devkitpro/devkitarm/bin/../lib/gcc/arm-none-eabi/9.1.0/../../../../arm-none-eabi/lib/thumb\libsysbase.a(iosupport.o)
 .text._fstat_r
                0x0000000002013cf0       0x4c c:/devkitpro/devkitarm/bin/../lib/gcc/arm-none-eabi/9.1.0/../../../../arm-none-eabi/lib/thumb\libsysbase.a(fstat.o)
                0x0000000002013cf0                _fstat_r
 .text._getpid_r
                0x0000000002013d3c        0xc c:/devkitpro/devkitarm/bin/../lib/gcc/arm-none-eabi/9.1.0/../../../../arm-none-eabi/lib/thumb\libsysbase.a(getpid.o)
                0x0000000002013d3c                _getpid_r
 .text._gettimeofday_r
                0x0000000002013d48       0x28 c:/devkitpro/devkitarm/bin/../lib/gcc/arm-none-eabi/9.1.0/../../../../arm-none-eabi/lib/thumb\libsysbase.a(gettod.o)
                0x0000000002013d48                _gettimeofday_r
 .text._isatty_r
                0x0000000002013d70        0x4 c:/devkitpro/devkitarm/bin/../lib/gcc/arm-none-eabi/9.1.0/../../../../arm-none-eabi/lib/thumb\libsysbase.a(isatty.o)
                0x0000000002013d70                _isatty_r
 .text._kill_r  0x0000000002013d74        0xc c:/devkitpro/devkitarm/bin/../lib/gcc/arm-none-eabi/9.1.0/../../../../arm-none-eabi/lib/thumb\libsysbase.a(kill.o)
                0x0000000002013d74                _kill_r
 .text._lseek_r
                0x0000000002013d80       0x5c c:/devkitpro/devkitarm/bin/../lib/gcc/arm-none-eabi/9.1.0/../../../../arm-none-eabi/lib/thumb\libsysbase.a(lseek.o)
                0x0000000002013d80                _lseek_r
 .text._read_r  0x0000000002013ddc       0x50 c:/devkitpro/devkitarm/bin/../lib/gcc/arm-none-eabi/9.1.0/../../../../arm-none-eabi/lib/thumb\libsysbase.a(read.o)
                0x0000000002013ddc                _read_r
 .text._sbrk_r  0x0000000002013e2c       0x54 c:/devkitpro/devkitarm/bin/../lib/gcc/arm-none-eabi/9.1.0/../../../../arm-none-eabi/lib/thumb\libsysbase.a(sbrk.o)
                0x0000000002013e2c                _sbrk_r
 .text._write_r
                0x0000000002013e80       0x50 c:/devkitpro/devkitarm/bin/../lib/gcc/arm-none-eabi/9.1.0/../../../../arm-none-eabi/lib/thumb\libsysbase.a(write.o)
                0x0000000002013e80                _write_r
 .text._exit    0x0000000002013ed0       0x18 c:/devkitpro/devkitarm/bin/../lib/gcc/arm-none-eabi/9.1.0/../../../../arm-none-eabi/lib/thumb\libsysbase.a(_exit.o)
                0x0000000002013ed0                _exit
 .text.build_argv
                0x0000000002013ee8       0x4c c:/devkitpro/devkitarm/bin/../lib/gcc/arm-none-eabi/9.1.0/../../../../arm-none-eabi/lib/thumb\libsysbase.a(build_argv.o)
                0x0000000002013ee8                build_argv
 .text.__flockfile
                0x0000000002013f34       0x10 c:/devkitpro/devkitarm/bin/../lib/gcc/arm-none-eabi/9.1.0/../../../../arm-none-eabi/lib/thumb\libsysbase.a(flock.o)
                0x0000000002013f34                __flockfile
 .text.__funlockfile
                0x0000000002013f44       0x10 c:/devkitpro/devkitarm/bin/../lib/gcc/arm-none-eabi/9.1.0/../../../../arm-none-eabi/lib/thumb\libsysbase.a(flock.o)
                0x0000000002013f44                __funlockfile
 .text.__libc_lock_acquire
                0x0000000002013f54       0x1c c:/devkitpro/devkitarm/bin/../lib/gcc/arm-none-eabi/9.1.0/../../../../arm-none-eabi/lib/thumb\libsysbase.a(syscall_support.o)
                0x0000000002013f54                __libc_lock_acquire
 .text.__libc_lock_release
                0x0000000002013f70       0x1c c:/devkitpro/devkitarm/bin/../lib/gcc/arm-none-eabi/9.1.0/../../../../arm-none-eabi/lib/thumb\libsysbase.a(syscall_support.o)
                0x0000000002013f70                __libc_lock_release
 .text.__libc_lock_init_recursive
                0x0000000002013f8c       0x1c c:/devkitpro/devkitarm/bin/../lib/gcc/arm-none-eabi/9.1.0/../../../../arm-none-eabi/lib/thumb\libsysbase.a(syscall_support.o)
                0x0000000002013f8c                __libc_lock_init_recursive
 .text.__libc_lock_acquire_recursive
                0x0000000002013fa8       0x1c c:/devkitpro/devkitarm/bin/../lib/gcc/arm-none-eabi/9.1.0/../../../../arm-none-eabi/lib/thumb\libsysbase.a(syscall_support.o)
                0x0000000002013fa8                __libc_lock_acquire_recursive
 .text.__libc_lock_release_recursive
                0x0000000002013fc4       0x1c c:/devkitpro/devkitarm/bin/../lib/gcc/arm-none-eabi/9.1.0/../../../../arm-none-eabi/lib/thumb\libsysbase.a(syscall_support.o)
                0x0000000002013fc4                __libc_lock_release_recursive
 .text.__libc_lock_close_recursive
                0x0000000002013fe0       0x1c c:/devkitpro/devkitarm/bin/../lib/gcc/arm-none-eabi/9.1.0/../../../../arm-none-eabi/lib/thumb\libsysbase.a(syscall_support.o)
                0x0000000002013fe0                __libc_lock_close_recursive
 .text.__get_handle
                0x0000000002013ffc       0x34 c:/devkitpro/devkitarm/bin/../lib/gcc/arm-none-eabi/9.1.0/../../../../arm-none-eabi/lib/thumb\libsysbase.a(handle_manager.o)
                0x0000000002013ffc                __get_handle
 .text._close_r
                0x0000000002014030       0xb8 c:/devkitpro/devkitarm/bin/../lib/gcc/arm-none-eabi/9.1.0/../../../../arm-none-eabi/lib/thumb\libsysbase.a(handle_manager.o)
                0x0000000002014030                _close_r
 .text.__getreent
                0x00000000020140e8       0x28 c:/devkitpro/devkitarm/bin/../lib/gcc/arm-none-eabi/9.1.0/../../../../arm-none-eabi/lib/thumb\libsysbase.a(getreent.o)
                0x00000000020140e8                __getreent
 .text.__udivmoddi4
                0x0000000002014110      0x19c c:/devkitpro/devkitarm/bin/../lib/gcc/arm-none-eabi/9.1.0/thumb\libgcc.a(_udivmoddi4.o)
                0x0000000002014110                __udivmoddi4
 *fill*         0x00000000020142ac        0x4 ff
 .text.__udivmoddi4.__stub
                0x00000000020142b0      0x1b8 linker stubs
 *(EXCLUDE_FILE(*.twl*) .gnu.warning)
 *(EXCLUDE_FILE(*.twl*) .gnu.linkonce.t*)
 *(.glue_7)
 .glue_7        0x0000000002014478        0x0 linker stubs
 *(.glue_7t)
 .glue_7t       0x0000000002014478        0x0 linker stubs
                0x0000000002014478                . = ALIGN (0x4)

.vfp11_veneer   0x0000000002014478        0x0
 .vfp11_veneer  0x0000000002014478        0x0 linker stubs

.v4_bx          0x0000000002014478        0x0
 .v4_bx         0x0000000002014478        0x0 linker stubs

.iplt           0x0000000002014478        0x0
 .iplt          0x0000000002014478        0x0 c:/devkitpro/devkitarm/bin/../lib/gcc/arm-none-eabi/9.1.0/../../../../arm-none-eabi/lib/thumb/ds_arm9_crt0.o

.fini           0x0000000002014478        0xc
 *(.fini)
 .fini          0x0000000002014478        0x4 c:/devkitpro/devkitarm/bin/../lib/gcc/arm-none-eabi/9.1.0/thumb/crti.o
                0x0000000002014478                _fini
 .fini          0x000000000201447c        0x8 c:/devkitpro/devkitarm/bin/../lib/gcc/arm-none-eabi/9.1.0/thumb/crtn.o
                0x0000000002014484                __text_end = .

.rodata         0x0000000002014488     0xe22c
 *(EXCLUDE_FILE(*.twl*) .rodata)
 .rodata        0x0000000002014488     0x4e64 Mud.pcx.o
                0x0000000002014488                Mud_pcx
                0x00000000020192e8                Mud_pcx_size
                0x00000000020192e8                Mud_pcx_end
 .rodata        0x00000000020192ec       0x3c SceneNode.o
                0x00000000020192ec                vtable for SceneNode
                0x0000000002019300                vtable for GeometryNode
                0x0000000002019314                vtable for CameraNode
 .rodata        0x0000000002019328       0x24 C:/devkitPro/libnds/lib\libnds9.a(videoGL.o)
 .rodata        0x000000000201934c     0x2004 C:/devkitPro/libnds/lib\libnds9.a(default_font.bin.o)
                0x000000000201934c                default_font_bin
                0x000000000201b34c                default_font_bin_size
                0x000000000201b34c                default_font_bin_end
 *all.rodata*(*)
 *(EXCLUDE_FILE(*.twl*) .roda)
 *(EXCLUDE_FILE(*.twl*) .rodata.*)
 .rodata.str1.4
                0x000000000201b350       0xb9 RocketEngine.o
 *fill*         0x000000000201b409        0x3 ff
 .rodata._ZNSt6vectorI5Vec3DSaIS0_EE17_M_realloc_insertIJS0_EEEvN9__gnu_cxx17__normal_iteratorIPS0_S2_EEDpOT_.str1.4
                0x000000000201b40c       0x1a SceneNode.o
 *fill*         0x000000000201b426        0x2 ff
 .rodata.con_write
                0x000000000201b428       0xd4 C:/devkitPro/libnds/lib\libnds9.a(console.o)
 .rodata.con_write.str1.4
                0x000000000201b4fc       0x30 C:/devkitPro/libnds/lib\libnds9.a(console.o)
 .rodata.dotab_stdout
                0x000000000201b52c       0x70 C:/devkitPro/libnds/lib\libnds9.a(console.o)
 .rodata.str1.4
                0x000000000201b59c       0x14 C:/devkitPro/libnds/lib\libnds9.a(console.o)
 .rodata.SIN_LUT
                0x000000000201b5b0      0x102 C:/devkitPro/libnds/lib\libnds9.a(trig.o)
                0x000000000201b5b0                SIN_LUT
 *fill*         0x000000000201b6b2        0x2 ff
 .rodata.TAN_LUT
                0x000000000201b6b4      0x204 C:/devkitPro/libnds/lib\libnds9.a(trig.o)
                0x000000000201b6b4                TAN_LUT
 .rodata.glMaterialf
                0x000000000201b8b8       0x44 C:/devkitPro/libnds/lib\libnds9.a(videoGL.o)
 .rodata.glTexImage2D
                0x000000000201b8fc       0x24 C:/devkitPro/libnds/lib\libnds9.a(videoGL.o)
 .rodata._ZNKSt9bad_alloc4whatEv.str1.4
                0x000000000201b920        0xf c:/devkitpro/devkitarm/bin/../lib/gcc/arm-none-eabi/9.1.0/../../../../arm-none-eabi/lib/thumb\libstdc++.a(bad_alloc.o)
 *fill*         0x000000000201b92f        0x1 ff
 .rodata._ZTISt9bad_alloc
                0x000000000201b930        0xc c:/devkitpro/devkitarm/bin/../lib/gcc/arm-none-eabi/9.1.0/../../../../arm-none-eabi/lib/thumb\libstdc++.a(bad_alloc.o)
                0x000000000201b930                typeinfo for std::bad_alloc
 .rodata._ZTSSt9bad_alloc
                0x000000000201b93c        0xd c:/devkitpro/devkitarm/bin/../lib/gcc/arm-none-eabi/9.1.0/../../../../arm-none-eabi/lib/thumb\libstdc++.a(bad_alloc.o)
                0x000000000201b93c                typeinfo name for std::bad_alloc
 *fill*         0x000000000201b949        0x3 ff
 .rodata._ZTVSt9bad_alloc
                0x000000000201b94c       0x14 c:/devkitpro/devkitarm/bin/../lib/gcc/arm-none-eabi/9.1.0/../../../../arm-none-eabi/lib/thumb\libstdc++.a(bad_alloc.o)
                0x000000000201b94c                vtable for std::bad_alloc
 .rodata._ZNKSt13bad_exception4whatEv.str1.4
                0x000000000201b960       0x13 c:/devkitpro/devkitarm/bin/../lib/gcc/arm-none-eabi/9.1.0/../../../../arm-none-eabi/lib/thumb\libstdc++.a(eh_exception.o)
 *fill*         0x000000000201b973        0x1 ff
 .rodata._ZTIN10__cxxabiv115__forced_unwindE
                0x000000000201b974        0x8 c:/devkitpro/devkitarm/bin/../lib/gcc/arm-none-eabi/9.1.0/../../../../arm-none-eabi/lib/thumb\libstdc++.a(eh_exception.o)
                0x000000000201b974                typeinfo for __cxxabiv1::__forced_unwind
 .rodata._ZTIN10__cxxabiv119__foreign_exceptionE
                0x000000000201b97c        0x8 c:/devkitpro/devkitarm/bin/../lib/gcc/arm-none-eabi/9.1.0/../../../../arm-none-eabi/lib/thumb\libstdc++.a(eh_exception.o)
                0x000000000201b97c                typeinfo for __cxxabiv1::__foreign_exception
 .rodata._ZTISt13bad_exception
                0x000000000201b984        0xc c:/devkitpro/devkitarm/bin/../lib/gcc/arm-none-eabi/9.1.0/../../../../arm-none-eabi/lib/thumb\libstdc++.a(eh_exception.o)
                0x000000000201b984                typeinfo for std::bad_exception
 .rodata._ZTISt9exception
                0x000000000201b990        0x8 c:/devkitpro/devkitarm/bin/../lib/gcc/arm-none-eabi/9.1.0/../../../../arm-none-eabi/lib/thumb\libstdc++.a(eh_exception.o)
                0x000000000201b990                typeinfo for std::exception
 .rodata._ZTSN10__cxxabiv115__forced_unwindE
                0x000000000201b998       0x20 c:/devkitpro/devkitarm/bin/../lib/gcc/arm-none-eabi/9.1.0/../../../../arm-none-eabi/lib/thumb\libstdc++.a(eh_exception.o)
                0x000000000201b998                typeinfo name for __cxxabiv1::__forced_unwind
 .rodata._ZTSN10__cxxabiv119__foreign_exceptionE
                0x000000000201b9b8       0x24 c:/devkitpro/devkitarm/bin/../lib/gcc/arm-none-eabi/9.1.0/../../../../arm-none-eabi/lib/thumb\libstdc++.a(eh_exception.o)
                0x000000000201b9b8                typeinfo name for __cxxabiv1::__foreign_exception
 .rodata._ZTSSt13bad_exception
                0x000000000201b9dc       0x12 c:/devkitpro/devkitarm/bin/../lib/gcc/arm-none-eabi/9.1.0/../../../../arm-none-eabi/lib/thumb\libstdc++.a(eh_exception.o)
                0x000000000201b9dc                typeinfo name for std::bad_exception
 *fill*         0x000000000201b9ee        0x2 ff
 .rodata._ZTSSt9exception